Archive member included to satisfy reference by file (symbol)

/usr/local/arm-cortex_a8-linux-gnueabi/lib/gcc/arm-cortex_a8-linux-gnueabi/4.9.4/libgcc.a(_udivsi3.o)
                              arch/arm/cpu/armv7/built-in.o (__aeabi_uidiv)
/usr/local/arm-cortex_a8-linux-gnueabi/lib/gcc/arm-cortex_a8-linux-gnueabi/4.9.4/libgcc.a(_divsi3.o)
                              common/built-in.o (__aeabi_idiv)
/usr/local/arm-cortex_a8-linux-gnueabi/lib/gcc/arm-cortex_a8-linux-gnueabi/4.9.4/libgcc.a(_lshrdi3.o)
                              common/built-in.o (__aeabi_llsr)
/usr/local/arm-cortex_a8-linux-gnueabi/lib/gcc/arm-cortex_a8-linux-gnueabi/4.9.4/libgcc.a(_ashrdi3.o)
                              common/built-in.o (__aeabi_lasr)
/usr/local/arm-cortex_a8-linux-gnueabi/lib/gcc/arm-cortex_a8-linux-gnueabi/4.9.4/libgcc.a(_ashldi3.o)
                              drivers/mtd/onenand/built-in.o (__aeabi_llsl)
/usr/local/arm-cortex_a8-linux-gnueabi/lib/gcc/arm-cortex_a8-linux-gnueabi/4.9.4/libgcc.a(_dvmd_lnx.o)
                              /usr/local/arm-cortex_a8-linux-gnueabi/lib/gcc/arm-cortex_a8-linux-gnueabi/4.9.4/libgcc.a(_udivsi3.o) (__aeabi_idiv0)

Discarded input sections

 .data          0x0000000000000000        0x0 arch/arm/cpu/armv7/start.o
 .bss           0x0000000000000000        0x0 arch/arm/cpu/armv7/start.o
 .text          0x0000000000000000        0x0 arch/arm/cpu/armv7/built-in.o
 .text.__v7_outer_cache_enable
                0x0000000000000000        0x4 arch/arm/cpu/armv7/built-in.o
 .text.__v7_outer_cache_disable
                0x0000000000000000        0x4 arch/arm/cpu/armv7/built-in.o
 .text.mmu_page_table_flush
                0x0000000000000000       0x24 arch/arm/cpu/armv7/built-in.o
 .text.__v7_outer_cache_inval_range
                0x0000000000000000        0x4 arch/arm/cpu/armv7/built-in.o
 .text.invalidate_dcache_range
                0x0000000000000000       0xac arch/arm/cpu/armv7/built-in.o
 .text.sdelay   0x0000000000000000        0xc arch/arm/cpu/armv7/built-in.o
 .text.sr32     0x0000000000000000       0x20 arch/arm/cpu/armv7/built-in.o
 .text.wait_on_value
                0x0000000000000000       0x34 arch/arm/cpu/armv7/built-in.o
 .text.get_device_type
                0x0000000000000000       0x10 arch/arm/cpu/armv7/built-in.o
 .text.timer_get_us
                0x0000000000000000       0x54 arch/arm/cpu/armv7/built-in.o
 .text.pwm_disable
                0x0000000000000000       0x50 arch/arm/cpu/armv7/built-in.o
 .rodata.__func__.6348
                0x0000000000000000       0x16 arch/arm/cpu/armv7/built-in.o
 .data          0x0000000000000000        0x0 arch/arm/cpu/armv7/built-in.o
 .bss           0x0000000000000000        0x0 arch/arm/cpu/armv7/built-in.o
 .bss.base_time_us.6317
                0x0000000000000000        0x4 arch/arm/cpu/armv7/built-in.o
 .text.set_mmc_clk
                0x0000000000000000        0x4 arch/arm/cpu/armv7/s5pc1xx/built-in.o
 .data          0x0000000000000000        0x0 arch/arm/cpu/armv7/s5pc1xx/built-in.o
 .bss           0x0000000000000000        0x0 arch/arm/cpu/armv7/s5pc1xx/built-in.o
 .text.__arch_cpu_init
                0x0000000000000000        0x8 arch/arm/lib/built-in.o
 .text.__red_led_off
                0x0000000000000000        0x4 arch/arm/lib/built-in.o
 .text.__green_led_on
                0x0000000000000000        0x4 arch/arm/lib/built-in.o
 .text.__green_led_off
                0x0000000000000000        0x4 arch/arm/lib/built-in.o
 .text.__yellow_led_on
                0x0000000000000000        0x4 arch/arm/lib/built-in.o
 .text.__yellow_led_off
                0x0000000000000000        0x4 arch/arm/lib/built-in.o
 .text.__blue_led_on
                0x0000000000000000        0x4 arch/arm/lib/built-in.o
 .text.__blue_led_off
                0x0000000000000000        0x4 arch/arm/lib/built-in.o
 .text.__dram_init_banksize
                0x0000000000000000       0x1c arch/arm/lib/built-in.o
 .text.__flush_cache
                0x0000000000000000        0x4 arch/arm/lib/built-in.o
 .text.__flush_dcache_all
                0x0000000000000000        0xc arch/arm/lib/built-in.o
 .text.__arm_init_before_mmu
                0x0000000000000000        0x4 arch/arm/lib/built-in.o
 .text.__mmu_page_table_flush
                0x0000000000000000        0x4 arch/arm/lib/built-in.o
 .text.mmu_set_region_dcache_behaviour
                0x0000000000000000       0x50 arch/arm/lib/built-in.o
 .data          0x0000000000000000        0x0 arch/arm/lib/built-in.o
 .__end         0x0000000000000000        0x0 arch/arm/lib/built-in.o
 .bss           0x0000000000000000        0x0 arch/arm/lib/built-in.o
 .text.xmGetData
                0x0000000000000000       0x58 board/samsung/smdkv210/built-in.o
 .text.xmPutData
                0x0000000000000000       0x10 board/samsung/smdkv210/built-in.o
 .text.program_tonand
                0x0000000000000000       0x40 board/samsung/smdkv210/built-in.o
 .text.try_program
[...]
Memory Configuration

Name             Origin             Length             Attributes
*default*        0x0000000000000000 0xffffffffffffffff

Linker script and memory map

Address of section .text set to 0x20000000
                0x0000000000000000                . = 0x0
                0x0000000000000000                . = ALIGN (0x4)

.text           0x0000000020000000    0x1f954
 *(.__image_copy_start)
 .__image_copy_start
                0x0000000020000000        0x0 arch/arm/lib/built-in.o
                0x0000000020000000                __image_copy_start
 arch/arm/cpu/armv7/start.o(.text*)
 .text          0x0000000020000000      0x36c arch/arm/cpu/armv7/start.o
                0x0000000020000000                _start
                0x0000000020000020                _undefined_instruction
                0x0000000020000024                _software_interrupt
                0x0000000020000028                _prefetch_abort
                0x000000002000002c                _data_abort
                0x0000000020000030                _not_used
                0x0000000020000034                _irq
                0x0000000020000038                _fiq
                0x0000000020000040                _end_vect
                0x0000000020000040                IRQ_STACK_START_IN
                0x0000000020000084                c_runtime_cpu_setup
                0x000000002000009c                save_boot_params
                0x00000000200000a0                cpu_init_cp15
                0x00000000200000d8                cpu_init_crit
 *(.text*)
 .text.v7_maint_dcache_all
                0x000000002000036c       0xd0 arch/arm/cpu/armv7/built-in.o
 .text.invalidate_icache_all
                0x000000002000043c       0x18 arch/arm/cpu/armv7/built-in.o
                0x000000002000043c                invalidate_icache_all
 .text.__v7_outer_cache_flush_all
                0x0000000020000454        0x4 arch/arm/cpu/armv7/built-in.o
                0x0000000020000454                __v7_outer_cache_flush_all
                0x0000000020000454                v7_outer_cache_flush_all
 .text.flush_dcache_all
                0x0000000020000458       0x14 arch/arm/cpu/armv7/built-in.o
                0x0000000020000458                flush_dcache_all
 .text.__v7_outer_cache_inval_all
                0x000000002000046c        0x4 arch/arm/cpu/armv7/built-in.o
                0x000000002000046c                v7_outer_cache_inval_all
                0x000000002000046c                __v7_outer_cache_inval_all
 .text.invalidate_dcache_all
                0x0000000020000470       0x14 arch/arm/cpu/armv7/built-in.o
                0x0000000020000470                invalidate_dcache_all
 .text.arm_init_before_mmu
                0x0000000020000484       0x28 arch/arm/cpu/armv7/built-in.o
                0x0000000020000484                arm_init_before_mmu
 .text.__v7_outer_cache_flush_range
                0x00000000200004ac        0x4 arch/arm/cpu/armv7/built-in.o
                0x00000000200004ac                v7_outer_cache_flush_range
                0x00000000200004ac                __v7_outer_cache_flush_range
 .text.flush_dcache_range
                0x00000000200004b0       0x3c arch/arm/cpu/armv7/built-in.o
                0x00000000200004b0                flush_dcache_range
 .text.flush_cache
                0x00000000200004ec        0x8 arch/arm/cpu/armv7/built-in.o
                0x00000000200004ec                flush_cache
 .text.cpu_cache_initialization
                0x00000000200004f4        0x4 arch/arm/cpu/armv7/built-in.o
                0x00000000200004f4                cpu_cache_initialization
 .text.cleanup_before_linux
                0x00000000200004f8       0x28 arch/arm/cpu/armv7/built-in.o
                0x00000000200004f8                cleanup_before_linux
 .text.arch_cpu_init
                0x0000000020000520       0x34 arch/arm/cpu/armv7/built-in.o
                0x0000000020000520                arch_cpu_init
 .text.print_cpuinfo
                0x0000000020000554       0x4c arch/arm/cpu/armv7/built-in.o
                0x0000000020000554                print_cpuinfo
 .text.timer_get_us_down
                0x00000000200005a0       0x38 arch/arm/cpu/armv7/built-in.o
 .text.get_timer
                0x00000000200005d8       0x70 arch/arm/cpu/armv7/built-in.o
                0x00000000200005d8                get_timer
 .text.__udelay
                0x0000000020000648       0x24 arch/arm/cpu/armv7/built-in.o
                0x0000000020000648                __udelay
 .text.reset_timer_masked
                0x000000002000066c       0x44 arch/arm/cpu/armv7/built-in.o
                0x000000002000066c                reset_timer_masked
 .text.timer_init
                0x00000000200006b0       0x54 arch/arm/cpu/armv7/built-in.o
                0x00000000200006b0                timer_init
 .text.get_ticks
                0x0000000020000704       0x14 arch/arm/cpu/armv7/built-in.o
                0x0000000020000704                get_ticks
 .text.get_tbclk
                0x0000000020000718        0x8 arch/arm/cpu/armv7/built-in.o
                0x0000000020000718                get_tbclk
 .text.s5p_config_sromc
                0x0000000020000720       0x4c arch/arm/cpu/armv7/built-in.o
                0x0000000020000720                s5p_config_sromc
 .text.pwm_enable
                0x000000002000076c       0x54 arch/arm/cpu/armv7/built-in.o
                0x000000002000076c                pwm_enable
 .text.pwm_config
                0x00000000200007c0      0x168 arch/arm/cpu/armv7/built-in.o
                0x00000000200007c0                pwm_config
 .text.pwm_init
                0x0000000020000928      0x110 arch/arm/cpu/armv7/built-in.o
                0x0000000020000928                pwm_init
 *fill*         0x0000000020000a38        0x8 
 .text          0x0000000020000a40       0x64 arch/arm/cpu/armv7/s5pc1xx/built-in.o
                0x0000000020000a40                v7_outer_cache_enable
                0x0000000020000a54                v7_outer_cache_disable
                0x0000000020000a68                reset_cpu
 .text.get_pll_clk
                0x0000000020000aa4      0x148 arch/arm/cpu/armv7/s5pc1xx/built-in.o
                0x0000000020000aa4                get_pll_clk
 .text.get_pclkd1
                0x0000000020000bec       0x4c arch/arm/cpu/armv7/s5pc1xx/built-in.o
 .text.get_pclk_sys.constprop.1
                0x0000000020000c38       0x64 arch/arm/cpu/armv7/s5pc1xx/built-in.o
 .text.get_arm_clk
                0x0000000020000c9c       0x6c arch/arm/cpu/armv7/s5pc1xx/built-in.o
                0x0000000020000c9c                get_arm_clk
 .text.get_pwm_clk
                0x0000000020000d08       0x20 arch/arm/cpu/armv7/s5pc1xx/built-in.o
                0x0000000020000d08                get_pwm_clk
 .text.get_uart_clk
                0x0000000020000d28       0x20 arch/arm/cpu/armv7/s5pc1xx/built-in.o
                0x0000000020000d28                get_uart_clk
 .text          0x0000000020000d48       0xe4 arch/arm/lib/built-in.o
                0x0000000020000d48                _main
                0x0000000020000dc8                relocate_code
 .text.display_banner
                0x0000000020000e2c       0x20 arch/arm/lib/built-in.o
 .text.init_baudrate
                0x0000000020000e4c       0x2c arch/arm/lib/built-in.o
 .text.mark_bootstage
                0x0000000020000e78       0x14 arch/arm/lib/built-in.o
 .text.__coloured_LED_init
                0x0000000020000e8c        0x4 arch/arm/lib/built-in.o
                0x0000000020000e8c                coloured_LED_init
                0x0000000020000e8c                __coloured_LED_init
 .text.__red_led_on
                0x0000000020000e90        0x4 arch/arm/lib/built-in.o
                0x0000000020000e90                __red_led_on
                0x0000000020000e90                red_led_on
 .text.__power_init_board
                0x0000000020000e94        0x8 arch/arm/lib/built-in.o
                0x0000000020000e94                __power_init_board
                0x0000000020000e94                power_init_board
 .text.board_init_f
                0x0000000020000e9c      0x114 arch/arm/lib/built-in.o
                0x0000000020000e9c                board_init_f
 .text.board_init_r
                0x0000000020000fb0       0xb0 arch/arm/lib/built-in.o
                0x0000000020000fb0                board_init_r
 .text.boot_jump_linux.isra.5
                0x0000000020001060       0xa4 arch/arm/lib/built-in.o
 .text.arch_lmb_reserve
                0x0000000020001104       0x24 arch/arm/lib/built-in.o
                0x0000000020001104                arch_lmb_reserve
 .text.setup_board_tags
                0x0000000020001128        0x4 arch/arm/lib/built-in.o
                0x0000000020001128                setup_board_tags
 .text.boot_prep_linux
                0x000000002000112c      0x150 arch/arm/lib/built-in.o
 .text.do_bootm_linux
                0x000000002000127c       0x64 arch/arm/lib/built-in.o
                0x000000002000127c                do_bootm_linux
 .text.boot_prep_vxworks
                0x00000000200012e0        0x4 arch/arm/lib/built-in.o
                0x00000000200012e0                boot_prep_vxworks
 .text.boot_jump_vxworks
                0x00000000200012e4        0xc arch/arm/lib/built-in.o
                0x00000000200012e4                boot_jump_vxworks
 .text.interrupt_init
                0x00000000200012f0       0x1c arch/arm/lib/built-in.o
                0x00000000200012f0                interrupt_init
 .text.enable_interrupts
                0x000000002000130c        0x4 arch/arm/lib/built-in.o
                0x000000002000130c                enable_interrupts
 .text.disable_interrupts
                0x0000000020001310        0x8 arch/arm/lib/built-in.o
                0x0000000020001310                disable_interrupts
 .text.bad_mode
                0x0000000020001318       0x10 arch/arm/lib/built-in.o
                0x0000000020001318                bad_mode
 .text.show_regs
                0x0000000020001328      0x13c arch/arm/lib/built-in.o
                0x0000000020001328                show_regs
 .text.do_undefined_instruction
                0x0000000020001464       0x20 arch/arm/lib/built-in.o
                0x0000000020001464                do_undefined_instruction
 .text.do_software_interrupt
                0x0000000020001484       0x20 arch/arm/lib/built-in.o
                0x0000000020001484                do_software_interrupt
 .text.do_prefetch_abort
                0x00000000200014a4       0x20 arch/arm/lib/built-in.o
                0x00000000200014a4                do_prefetch_abort
 .text.do_data_abort
                0x00000000200014c4       0x20 arch/arm/lib/built-in.o
                0x00000000200014c4                do_data_abort
 .text.do_not_used
                0x00000000200014e4       0x20 arch/arm/lib/built-in.o
                0x00000000200014e4                do_not_used
 .text.do_fiq   0x0000000020001504       0x20 arch/arm/lib/built-in.o
                0x0000000020001504                do_fiq
 .text.do_irq   0x0000000020001524       0x20 arch/arm/lib/built-in.o
                0x0000000020001524                do_irq
 .text.do_reset
                0x0000000020001544       0x2c arch/arm/lib/built-in.o
                0x0000000020001544                do_reset
 .text.__enable_caches
                0x0000000020001570        0xc arch/arm/lib/built-in.o
                0x0000000020001570                enable_caches
                0x0000000020001570                __enable_caches
 .text.cp_delay
                0x000000002000157c       0x30 arch/arm/lib/built-in.o
 .text.arm_init_domains
                0x00000000200015ac        0x4 arch/arm/lib/built-in.o
                0x00000000200015ac                arm_init_domains
 .text.set_section_dcache
                0x00000000200015b0       0x14 arch/arm/lib/built-in.o
                0x00000000200015b0                set_section_dcache
 .text.dram_bank_mmu_setup
                0x00000000200015c4       0x40 arch/arm/lib/built-in.o
                0x00000000200015c4                dram_bank_mmu_setup
 .text.icache_enable
                0x0000000020001604       0x18 arch/arm/lib/built-in.o
                0x0000000020001604                icache_enable
 .text.icache_disable
                0x000000002000161c       0x1c arch/arm/lib/built-in.o
                0x000000002000161c                icache_disable
 .text.icache_status
                0x0000000020001638        0xc arch/arm/lib/built-in.o
                0x0000000020001638                icache_status
 .text.dcache_enable
                0x0000000020001644       0x6c arch/arm/lib/built-in.o
                0x0000000020001644                dcache_enable
 .text.dcache_disable
                0x00000000200016b0       0x28 arch/arm/lib/built-in.o
                0x00000000200016b0                dcache_disable
 .text.dcache_status
                0x00000000200016d8        0xc arch/arm/lib/built-in.o
                0x00000000200016d8                dcache_status
 .text          0x00000000200016e4      0x6a4 board/samsung/smdkv210/built-in.o
                0x00000000200016e4                lowlevel_init
                0x000000002000185c                lowlevel_init_spl
                0x0000000020001870                sdram_asm_init
                0x0000000020001c68                clock_asm_init
 .text.board_init
                0x0000000020001d88       0x80 board/samsung/smdkv210/built-in.o
                0x0000000020001d88                board_init
 .text.dram_init
                0x0000000020001e08       0x20 board/samsung/smdkv210/built-in.o
                0x0000000020001e08                dram_init
 .text.dram_init_banksize
                0x0000000020001e28       0x1c board/samsung/smdkv210/built-in.o
                0x0000000020001e28                dram_init_banksize
 .text.checkboard
                0x0000000020001e44       0x18 board/samsung/smdkv210/built-in.o
                0x0000000020001e44                checkboard
 .text.board_eth_init
                0x0000000020001e5c       0x10 board/samsung/smdkv210/built-in.o
                0x0000000020001e5c                board_eth_init
 .text.onenand_board_init
                0x0000000020001e6c       0xa0 board/samsung/smdkv210/built-in.o
                0x0000000020001e6c                onenand_board_init
 .text.delete_char.part.0
                0x0000000020001f0c       0xd0 common/built-in.o
 .text.cread_add_char
                0x0000000020001fdc       0xe8 common/built-in.o
 .text.__show_boot_progress
                0x00000000200020c4        0x4 common/built-in.o
                0x00000000200020c4                __show_boot_progress
                0x00000000200020c4                show_boot_progress
 .text.readline_into_buffer
                0x00000000200020c8      0x908 common/built-in.o
                0x00000000200020c8                readline_into_buffer
 .text.readline
                0x00000000200029d0       0x14 common/built-in.o
                0x00000000200029d0                readline
 .text.run_command
                0x00000000200029e4        0x8 common/built-in.o
                0x00000000200029e4                run_command
 .text.run_command_list
                0x00000000200029ec       0x5c common/built-in.o
                0x00000000200029ec                run_command_list
 .text.main_loop
                0x0000000020002a48      0x130 common/built-in.o
                0x0000000020002a48                main_loop
 .text.do_run   0x0000000020002b78       0x74 common/built-in.o
                0x0000000020002b78                do_run
 .text.find_cmd_tbl
                0x0000000020002bec       0xa4 common/built-in.o
                0x0000000020002bec                find_cmd_tbl
 .text.find_cmd
                0x0000000020002c90       0x28 common/built-in.o
                0x0000000020002c90                find_cmd
 .text.cmd_usage
                0x0000000020002cb8       0x5c common/built-in.o
                0x0000000020002cb8                cmd_usage
 .text._do_help
                0x0000000020002d14      0x180 common/built-in.o
                0x0000000020002d14                _do_help
 .text.cmd_get_data_size
                0x0000000020002e94       0x5c common/built-in.o
                0x0000000020002e94                cmd_get_data_size
 .text.cmd_process
                0x0000000020002ef0       0xf4 common/built-in.o
                0x0000000020002ef0                cmd_process
 .text.dummy    0x0000000020002fe4        0x4 common/built-in.o
 .text.get_version
                0x0000000020002fe8        0x8 common/built-in.o
                0x0000000020002fe8                get_version
 .text.jumptable_init
                0x0000000020002ff0      0x190 common/built-in.o
                0x0000000020002ff0                jumptable_init
 .text.hash_command
                0x0000000020003180       0xa0 common/built-in.o
                0x0000000020003180                hash_command
 .text.b_reset  0x0000000020003220       0x1c common/built-in.o
 .text.static_get
                0x000000002000323c       0x1c common/built-in.o
 .text.static_peek
                0x0000000020003258        0xc common/built-in.o
 .text.file_peek
                0x0000000020003264        0xc common/built-in.o
 .text.mapset   0x0000000020003270       0x20 common/built-in.o
 .text.syntax_err
                0x0000000020003290        0xc common/built-in.o
 .text.free_pipe_list
                0x000000002000329c       0xf0 common/built-in.o
 .text.xmalloc  0x000000002000338c       0x20 common/built-in.o
 .text.new_pipe
                0x00000000200033ac       0x28 common/built-in.o
 .text.xrealloc
                0x00000000200033d4       0x20 common/built-in.o
 .text.done_command
                0x00000000200033f4       0x88 common/built-in.o
 .text.done_pipe
                0x000000002000347c       0x48 common/built-in.o
 .text.done_word
                0x00000000200034c4      0x2d8 common/built-in.o
 .text.do_showvar
                0x000000002000379c       0xfc common/built-in.o
 .text.is_assignment
                0x0000000020003898       0x5c common/built-in.o
 .text.file_get
                0x00000000200038f4      0x1ec common/built-in.o
 .text.b_addchr
                0x0000000020003ae0       0x78 common/built-in.o
 .text.b_addqchr
                0x0000000020003b58       0x50 common/built-in.o
 .text.get_local_var
                0x0000000020003ba8       0xa0 common/built-in.o
                0x0000000020003ba8                get_local_var
 .text.set_local_var
                0x0000000020003c48      0x1ac common/built-in.o
                0x0000000020003c48                set_local_var
 .text.insert_var_value_sub
                0x0000000020003df4      0x2c0 common/built-in.o
 .text.parse_string_outer
                0x00000000200040b4       0xe4 common/built-in.o
                0x00000000200040b4                parse_string_outer
 .text.run_list_real
                0x0000000020004198      0x7e4 common/built-in.o
 .text.parse_stream_outer
                0x000000002000497c      0x6ac common/built-in.o
 .text.parse_file_outer
                0x0000000020005028       0x44 common/built-in.o
                0x0000000020005028                parse_file_outer
 .text.u_boot_hush_start
                0x000000002000506c       0x54 common/built-in.o
                0x000000002000506c                u_boot_hush_start
 .text.hex1_bin
                0x00000000200050c0       0x40 common/built-in.o
 .text.hex2_bin
                0x0000000020005100       0x38 common/built-in.o
 .text.srec_decode
                0x0000000020005138      0x254 common/built-in.o
                0x0000000020005138                srec_decode
 .text.CYGACC_COMM_IF_GETC_TIMEOUT.isra.0
                0x000000002000538c       0x5c common/built-in.o
 .text.xyzModem_flush
                0x00000000200053e8       0x1c common/built-in.o
 .text.xyzModem_get_hdr
                0x0000000020005404      0x230 common/built-in.o
 .text.xyzModem_stream_open
                0x0000000020005634      0x23c common/built-in.o
                0x0000000020005634                xyzModem_stream_open
 .text.xyzModem_stream_read
                0x0000000020005870      0x258 common/built-in.o
                0x0000000020005870                xyzModem_stream_read
 .text.xyzModem_stream_close
                0x0000000020005ac8       0x54 common/built-in.o
                0x0000000020005ac8                xyzModem_stream_close
 .text.xyzModem_stream_terminate
                0x0000000020005b1c       0x94 common/built-in.o
                0x0000000020005b1c                xyzModem_stream_terminate
 .text.xyzModem_error
                0x0000000020005bb0       0x20 common/built-in.o
                0x0000000020005bb0                xyzModem_error
 .text.do_go_exec
                0x0000000020005bd0       0x10 common/built-in.o
                0x0000000020005bd0                do_go_exec
 .text.do_go    0x0000000020005be0       0x6c common/built-in.o
 .text.copy_args
                0x0000000020005c4c       0x50 common/built-in.o
 .text.image_info
                0x0000000020005c9c       0xcc common/built-in.o
 .text.do_bootd
                0x0000000020005d68       0x24 common/built-in.o
                0x0000000020005d68                do_bootd
 .text.do_bootm_rtems
                0x0000000020005d8c       0x40 common/built-in.o
 .text.do_bootm_plan9
                0x0000000020005dcc       0xa4 common/built-in.o
 .text.do_bootm_standalone
                0x0000000020005e70       0x64 common/built-in.o
 .text.do_bootm_qnxelf
                0x0000000020005ed4       0x5c common/built-in.o
 .text.do_bootm_netbsd
                0x0000000020005f30       0xf8 common/built-in.o
 .text.do_iminfo
                0x0000000020006028       0x60 common/built-in.o
 .text.__arch_preboot_os
                0x0000000020006088        0x4 common/built-in.o
                0x0000000020006088                arch_preboot_os
 .text.do_bootm_states.isra.21.constprop.22
                0x000000002000608c      0x788 common/built-in.o
 .text.do_bootm
                0x0000000020006814       0xec common/built-in.o
                0x0000000020006814                do_bootm
 .text.bootm_maybe_autostart
                0x0000000020006900       0x78 common/built-in.o
                0x0000000020006900                bootm_maybe_autostart
 .text.do_bootvx_fdt
                0x0000000020006978       0x3c common/built-in.o
                0x0000000020006978                do_bootvx_fdt
 .text.do_bootm_vxworks
                0x00000000200069b4       0x24 common/built-in.o
 .text.do_help  0x00000000200069d8       0x48 common/built-in.o
 .text.do_version
                0x0000000020006a20       0x38 common/built-in.o
 .text.env_attr_walk
                0x0000000020006a58      0x114 common/built-in.o
                0x0000000020006a58                env_attr_walk
 .text.env_attr_lookup
                0x0000000020006b6c      0x18c common/built-in.o
                0x0000000020006b6c                env_attr_lookup
 .text.clear_callback
                0x0000000020006cf8       0x10 common/built-in.o
 .text.find_env_callback
                0x0000000020006d08       0x68 common/built-in.o
 .text.on_callbacks
                0x0000000020006d70       0x48 common/built-in.o
 .text.set_callback
                0x0000000020006db8       0x94 common/built-in.o
 .text.env_callback_init
                0x0000000020006e4c       0xc4 common/built-in.o
                0x0000000020006e4c                env_callback_init
 .text.skip_num
                0x0000000020006f10       0x70 common/built-in.o
 .text.clear_flags
                0x0000000020006f80       0x10 common/built-in.o
 .text.on_flags
                0x0000000020006f90       0x48 common/built-in.o
 .text.env_flags_parse_vartype
                0x0000000020006fd8       0x50 common/built-in.o
                0x0000000020006fd8                env_flags_parse_vartype
 .text.env_flags_parse_varaccess
                0x0000000020007028       0x58 common/built-in.o
                0x0000000020007028                env_flags_parse_varaccess
 .text.set_flags
                0x0000000020007080       0xac common/built-in.o
 .text.env_flags_init
                0x000000002000712c       0xd8 common/built-in.o
                0x000000002000712c                env_flags_init
 .text.env_flags_validate
                0x0000000020007204      0x324 common/built-in.o
                0x0000000020007204                env_flags_validate
 .text.env_relocate_spec
                0x0000000020007528       0x70 common/built-in.o
                0x0000000020007528                env_relocate_spec
 .text.saveenv  0x0000000020007598      0x148 common/built-in.o
                0x0000000020007598                saveenv
 .text.env_init
                0x00000000200076e0       0x1c common/built-in.o
                0x00000000200076e0                env_init
 .text.source   0x00000000200076fc       0xd8 common/built-in.o
                0x00000000200076fc                source
 .text.do_source
                0x00000000200077d4       0x44 common/built-in.o
                0x00000000200077d4                do_source
 .text.print_num
                0x0000000020007818       0x18 common/built-in.o
 .text.do_bdinfo
                0x0000000020007830      0x178 common/built-in.o
                0x0000000020007830                do_bdinfo
 .text.parse_argv
                0x00000000200079a8       0x64 common/built-in.o
 .text.do_icache
                0x0000000020007a0c       0x88 common/built-in.o
                0x0000000020007a0c                do_icache
 .text.do_dcache
                0x0000000020007a94       0x88 common/built-in.o
                0x0000000020007a94                do_dcache
 .text.do_coninfo
                0x0000000020007b1c       0xbc common/built-in.o
 .text.do_echo  0x0000000020007bd8       0xb0 common/built-in.o
 .text.load_elf_image_shdr
                0x0000000020007c88       0x8c common/built-in.o
 .text.do_bootelf_exec
                0x0000000020007d14       0x44 common/built-in.o
                0x0000000020007d14                do_bootelf_exec
 .text.valid_elf_image
                0x0000000020007d58       0x4c common/built-in.o
                0x0000000020007d58                valid_elf_image
 .text.do_bootelf
                0x0000000020007da4      0x158 common/built-in.o
                0x0000000020007da4                do_bootelf
 .text.do_bootvx
                0x0000000020007efc      0x288 common/built-in.o
                0x0000000020007efc                do_bootvx
 .text.do_exit  0x0000000020008184       0x30 common/built-in.o
 .text.do_fat_fsload
                0x00000000200081b4       0x18 common/built-in.o
                0x00000000200081b4                do_fat_fsload
 .text.do_fat_ls
                0x00000000200081cc       0x18 common/built-in.o
 .text.do_fat_fsinfo
                0x00000000200081e4       0x90 common/built-in.o
 .text.evalexp  0x0000000020008274       0x74 common/built-in.o
 .text.evalstr  0x00000000200082e8       0x6c common/built-in.o
 .text.binary_test
                0x0000000020008354      0x1b0 common/built-in.o
 .text.do_itest
                0x0000000020008504       0x98 common/built-in.o
 .text.bin_data_init
                0x000000002000859c       0x2c common/built-in.o
 .text.k_data_save
                0x00000000200085c8       0x4c common/built-in.o
 .text.k_data_restore
                0x0000000020008614       0x4c common/built-in.o
 .text.getcxmodem
                0x0000000020008660       0x20 common/built-in.o
 .text.load_serial_ymodem
                0x0000000020008680       0xcc common/built-in.o
 .text.bin_data_char
                0x000000002000874c       0x2c common/built-in.o
 .text.chk1.constprop.1
                0x0000000020008778       0x2c common/built-in.o
 .text.s1_sendpacket.constprop.2
                0x00000000200087a4       0x50 common/built-in.o
 .text.load_serial
                0x00000000200087f4      0x1e0 common/built-in.o
 .text.do_load_serial
                0x00000000200089d4       0xdc common/built-in.o
 .text.do_load_serial_bin
                0x0000000020008ab0      0x7b0 common/built-in.o
 .text.do_mem_mw
                0x0000000020009260       0xc0 common/built-in.o
 .text.do_mem_loop
                0x0000000020009320       0xec common/built-in.o
 .text.do_mem_md
                0x000000002000940c       0xec common/built-in.o
 .text.do_mem_cmp
                0x00000000200094f8      0x16c common/built-in.o
 .text.do_mem_base
                0x0000000020009664       0x40 common/built-in.o
 .text.do_mem_cp
                0x00000000200096a4       0xd8 common/built-in.o
 .text.do_mem_crc
                0x000000002000977c       0x48 common/built-in.o
 .text.mod_mem.isra.2
                0x00000000200097c4      0x164 common/built-in.o
 .text.do_mem_mm
                0x0000000020009928        0x8 common/built-in.o
 .text.do_mem_nm
                0x0000000020009930        0x8 common/built-in.o
 .text.do_sleep
                0x0000000020009938       0x70 common/built-in.o
 .text.part_delall
                0x00000000200099a8       0x44 common/built-in.o
 .text.memsize_parse
                0x00000000200099ec       0x80 common/built-in.o
 .text.mtd_part_info
                0x0000000020009a6c       0x98 common/built-in.o
 .text.memsize_format
                0x0000000020009b04       0x90 common/built-in.o
 .text.index_partitions
                0x0000000020009b94       0xb4 common/built-in.o
 .text.current_save
                0x0000000020009c48       0xbc common/built-in.o
 .text.part_sort_add
                0x0000000020009d04      0x11c common/built-in.o
 .text.device_del
                0x0000000020009e20       0x7c common/built-in.o
 .text.generate_mtdparts_save.constprop.7
                0x0000000020009e9c      0x304 common/built-in.o
 .text.device_delall.constprop.9
                0x000000002000a1a0       0x64 common/built-in.o
 .text.mtd_devices_init
                0x000000002000a204       0x2c common/built-in.o
 .text.get_mtd_info.constprop.10
                0x000000002000a230       0x78 common/built-in.o
 .text.part_validate
                0x000000002000a2a8      0x360 common/built-in.o
 .text.device_find
                0x000000002000a608       0x4c common/built-in.o
                0x000000002000a608                device_find
 .text.device_parse
                0x000000002000a654      0x560 common/built-in.o
 .text.mtd_id_parse
                0x000000002000abb4      0x11c common/built-in.o
                0x000000002000abb4                mtd_id_parse
 .text.find_dev_and_part
                0x000000002000acd0      0x1b0 common/built-in.o
                0x000000002000acd0                find_dev_and_part
 .text.mtdparts_init
                0x000000002000ae80      0x660 common/built-in.o
                0x000000002000ae80                mtdparts_init
 .text.do_chpart
                0x000000002000b4e0       0xd4 common/built-in.o
 .text.do_mtdparts
                0x000000002000b5b4      0x5c0 common/built-in.o
 .text.netboot_common
                0x000000002000bb74      0x294 common/built-in.o
 .text.do_bootp
                0x000000002000be08        0xc common/built-in.o
 .text.do_nfs   0x000000002000be14        0xc common/built-in.o
 .text.do_tftpb
                0x000000002000be20       0x40 common/built-in.o
                0x000000002000be20                do_tftpb
 .text.do_onenand
                0x000000002000be60       0x7c common/built-in.o
 .text.do_onenand_markbad
                0x000000002000bedc       0x90 common/built-in.o
 .text.do_onenand_info
                0x000000002000bf6c       0x28 common/built-in.o
 .text.arg_off_size
                0x000000002000bf94      0x154 common/built-in.o
 .text.onenand_dump
                0x000000002000c0e8      0x21c common/built-in.o
 .text.do_onenand_dump
                0x000000002000c304       0x8c common/built-in.o
 .text.do_onenand_read
                0x000000002000c390      0x1f4 common/built-in.o
 .text.do_onenand_bad
                0x000000002000c584       0x84 common/built-in.o
 .text.do_onenand_test
                0x000000002000c608      0x2b8 common/built-in.o
 .text.do_onenand_write
                0x000000002000c8c0      0x364 common/built-in.o
 .text.do_onenand_erase
                0x000000002000cc24      0x174 common/built-in.o
 .text.do_reginfo
                0x000000002000cd98        0x8 common/built-in.o
 .text.do_false
                0x000000002000cda0        0x8 common/built-in.o
 .text.do_true  0x000000002000cda8        0x8 common/built-in.o
 .text.do_test  0x000000002000cdb0      0x33c common/built-in.o
 .text.do_imgextract
                0x000000002000d0ec      0x280 common/built-in.o
 .text.do_env_delete
                0x000000002000d36c       0x9c common/built-in.o
 .text.do_env_save
                0x000000002000d408       0x2c common/built-in.o
 .text.do_env   0x000000002000d434       0x64 common/built-in.o
 .text.env_print
                0x000000002000d498       0xc0 common/built-in.o
 .text.do_env_print
                0x000000002000d558       0xc8 common/built-in.o
 .text.do_env_import
                0x000000002000d620      0x260 common/built-in.o
 .text.do_env_default
                0x000000002000d880       0xa8 common/built-in.o
 .text._do_env_set.isra.0
                0x000000002000d928      0x1b8 common/built-in.o
 .text.do_env_set
                0x000000002000dae0       0x1c common/built-in.o
 .text.get_env_id
                0x000000002000dafc       0x10 common/built-in.o
                0x000000002000dafc                get_env_id
 .text.setenv   0x000000002000db0c       0x58 common/built-in.o
                0x000000002000db0c                setenv
 .text.setenv_ulong
                0x000000002000db64       0x20 common/built-in.o
                0x000000002000db64                setenv_ulong
 .text.setenv_hex
                0x000000002000db84       0x34 common/built-in.o
                0x000000002000db84                setenv_hex
 .text.do_env_export
                0x000000002000dbb8      0x264 common/built-in.o
 .text.envmatch
                0x000000002000de1c       0x6c common/built-in.o
                0x000000002000de1c                envmatch
 .text.getenv_f
                0x000000002000de88       0xc8 common/built-in.o
                0x000000002000de88                getenv_f
 .text.getenv   0x000000002000df50       0x78 common/built-in.o
                0x000000002000df50                getenv
 .text.getenv_ulong
                0x000000002000dfc8       0x30 common/built-in.o
                0x000000002000dfc8                getenv_ulong
 .text.do_env_edit
                0x000000002000dff8       0x78 common/built-in.o
 .text.__env_get_char_spec
                0x000000002000e070        0xc common/built-in.o
                0x000000002000e070                env_get_char_spec
 .text.env_get_addr
                0x000000002000e07c       0x20 common/built-in.o
                0x000000002000e07c                env_get_addr
 .text.env_get_char_memory
                0x000000002000e09c       0x10 common/built-in.o
                0x000000002000e09c                env_get_char_memory
 .text.env_get_char
                0x000000002000e0ac       0x30 common/built-in.o
                0x000000002000e0ac                env_get_char
 .text.getenv_yesno
                0x000000002000e0dc       0x40 common/built-in.o
                0x000000002000e0dc                getenv_yesno
 .text.getenv_default
                0x000000002000e11c       0x30 common/built-in.o
                0x000000002000e11c                getenv_default
 .text.set_default_env
                0x000000002000e14c       0xbc common/built-in.o
                0x000000002000e14c                set_default_env
 .text.set_default_vars
                0x000000002000e208       0x34 common/built-in.o
                0x000000002000e208                set_default_vars
 .text.env_import
                0x000000002000e23c       0xe0 common/built-in.o
                0x000000002000e23c                env_import
 .text.env_relocate
                0x000000002000e31c       0x30 common/built-in.o
                0x000000002000e31c                env_relocate
 .text.console_setfile
                0x000000002000e34c       0xa4 common/built-in.o
 .text.fgetc    0x000000002000e3f0       0x24 common/built-in.o
                0x000000002000e3f0                fgetc
 .text.ftstc    0x000000002000e414       0x24 common/built-in.o
                0x000000002000e414                ftstc
 .text.getc     0x000000002000e438       0x24 common/built-in.o
                0x000000002000e438                getc
 .text.tstc     0x000000002000e45c       0x24 common/built-in.o
                0x000000002000e45c                tstc
 .text.putc     0x000000002000e480       0x30 common/built-in.o
                0x000000002000e480                putc
 .text.puts     0x000000002000e4b0       0x30 common/built-in.o
                0x000000002000e4b0                puts
 .text.printf   0x000000002000e4e0       0x4c common/built-in.o
                0x000000002000e4e0                printf
 .text.vprintf  0x000000002000e52c       0x3c common/built-in.o
                0x000000002000e52c                vprintf
 .text.ctrlc    0x000000002000e568       0x58 common/built-in.o
                0x000000002000e568                ctrlc
 .text.had_ctrlc
                0x000000002000e5c0       0x10 common/built-in.o
                0x000000002000e5c0                had_ctrlc
 .text.clear_ctrlc
                0x000000002000e5d0       0x14 common/built-in.o
                0x000000002000e5d0                clear_ctrlc
 .text.search_device
                0x000000002000e5e4       0x28 common/built-in.o
                0x000000002000e5e4                search_device
 .text.console_assign
                0x000000002000e60c       0x48 common/built-in.o
                0x000000002000e60c                console_assign
 .text.on_console
                0x000000002000e654       0xc0 common/built-in.o
 .text.console_init_f
                0x000000002000e714       0x10 common/built-in.o
                0x000000002000e714                console_init_f
 .text.stdio_print_current_devices
                0x000000002000e724       0xb0 common/built-in.o
                0x000000002000e724                stdio_print_current_devices
 .text.console_init_r
                0x000000002000e7d4       0xe0 common/built-in.o
                0x000000002000e7d4                console_init_r
 .text.sbrk     0x000000002000e8b4       0x70 common/built-in.o
                0x000000002000e8b4                sbrk
 .text.mem_malloc_init
                0x000000002000e924       0x34 common/built-in.o
                0x000000002000e924                mem_malloc_init
 .text.malloc_trim
                0x000000002000e958       0xcc common/built-in.o
                0x000000002000e958                malloc_trim
 .text.free     0x000000002000ea24      0x230 common/built-in.o
                0x000000002000ea24                free
 .text.malloc   0x000000002000ec54      0x608 common/built-in.o
                0x000000002000ec54                malloc
 .text.calloc   0x000000002000f25c       0xd4 common/built-in.o
                0x000000002000f25c                calloc
 .text.realloc  0x000000002000f330      0x4c0 common/built-in.o
                0x000000002000f330                realloc
 .text.memalign
                0x000000002000f7f0      0x10c common/built-in.o
                0x000000002000f7f0                memalign
 .text.on_loadaddr
                0x000000002000f8fc       0x38 common/built-in.o
 .text.image_check_hcrc
                0x000000002000f934       0x4c common/built-in.o
                0x000000002000f934                image_check_hcrc
 .text.image_check_dcrc
                0x000000002000f980       0x38 common/built-in.o
                0x000000002000f980                image_check_dcrc
 .text.image_multi_count
                0x000000002000f9b8       0x1c common/built-in.o
                0x000000002000f9b8                image_multi_count
 .text.image_multi_getimg
                0x000000002000f9d4       0x80 common/built-in.o
                0x000000002000f9d4                image_multi_getimg
 .text.getenv_bootm_low
                0x000000002000fa54       0x30 common/built-in.o
                0x000000002000fa54                getenv_bootm_low
 .text.getenv_bootm_size
                0x000000002000fa84       0x5c common/built-in.o
                0x000000002000fa84                getenv_bootm_size
 .text.memmove_wd
                0x000000002000fae0        0xc common/built-in.o
                0x000000002000fae0                memmove_wd
 .text.genimg_print_size
                0x000000002000faec       0x30 common/built-in.o
                0x000000002000faec                genimg_print_size
 .text.get_table_entry_name
                0x000000002000fb1c       0x2c common/built-in.o
                0x000000002000fb1c                get_table_entry_name
 .text.genimg_get_os_name
                0x000000002000fb48       0x18 common/built-in.o
                0x000000002000fb48                genimg_get_os_name
 .text.genimg_get_arch_name
                0x000000002000fb60       0x18 common/built-in.o
                0x000000002000fb60                genimg_get_arch_name
 .text.genimg_get_type_name
                0x000000002000fb78       0x18 common/built-in.o
                0x000000002000fb78                genimg_get_type_name
 .text.genimg_get_comp_name
                0x000000002000fb90       0x18 common/built-in.o
                0x000000002000fb90                genimg_get_comp_name
 .text.image_print_contents
                0x000000002000fba8      0x174 common/built-in.o
                0x000000002000fba8                image_print_contents
 .text.genimg_get_format
                0x000000002000fd1c       0x1c common/built-in.o
                0x000000002000fd1c                genimg_get_format
 .text.genimg_get_image
                0x000000002000fd38        0x4 common/built-in.o
                0x000000002000fd38                genimg_get_image
 .text.boot_get_ramdisk
                0x000000002000fd3c      0x238 common/built-in.o
                0x000000002000fd3c                boot_get_ramdisk
 .text.boot_ramdisk_high
                0x000000002000ff74      0x130 common/built-in.o
                0x000000002000ff74                boot_ramdisk_high
 .text.get_ram_size
                0x00000000200100a4       0xe4 common/built-in.o
                0x00000000200100a4                get_ram_size
 .text.get_effective_memsize
                0x0000000020010188        0x8 common/built-in.o
                0x0000000020010188                get_effective_memsize
 .text.stdio_get_list
                0x0000000020010190        0xc common/built-in.o
                0x0000000020010190                stdio_get_list
 .text.stdio_get_by_name
                0x000000002001019c       0x5c common/built-in.o
                0x000000002001019c                stdio_get_by_name
 .text.stdio_clone
                0x00000000200101f8       0x38 common/built-in.o
                0x00000000200101f8                stdio_clone
 .text.stdio_register
                0x0000000020010230       0x3c common/built-in.o
                0x0000000020010230                stdio_register
 .text.stdio_init
                0x000000002001026c       0x8c common/built-in.o
                0x000000002001026c                stdio_init
 .text.get_device
                0x00000000200102f8       0x58 disk/built-in.o
                0x00000000200102f8                get_device
 .text.get_device_and_partition
                0x0000000020010350      0x298 disk/built-in.o
                0x0000000020010350                get_device_and_partition
 .text.s5p_gpio_cfg_pin
                0x00000000200105e8       0x1c drivers/gpio/built-in.o
                0x00000000200105e8                s5p_gpio_cfg_pin
 .text.add_mtd_device
                0x0000000020010604       0x88 drivers/mtd/built-in.o
                0x0000000020010604                add_mtd_device
 .text.get_mtd_device_nm
                0x000000002001068c       0x6c drivers/mtd/built-in.o
                0x000000002001068c                get_mtd_device_nm
 .text.mtd_erase
                0x00000000200106f8       0x90 drivers/mtd/built-in.o
                0x00000000200106f8                mtd_erase
 .text.mtd_read
                0x0000000020010788       0xb8 drivers/mtd/built-in.o
                0x0000000020010788                mtd_read
 .text.mtd_write
                0x0000000020010840       0x9c drivers/mtd/built-in.o
                0x0000000020010840                mtd_write
 .text.mtd_read_oob
                0x00000000200108dc       0x28 drivers/mtd/built-in.o
                0x00000000200108dc                mtd_read_oob
 .text.mtd_block_isbad
                0x0000000020010904       0x4c drivers/mtd/built-in.o
                0x0000000020010904                mtd_block_isbad
 .text.mtd_block_markbad
                0x0000000020010950       0x60 drivers/mtd/built-in.o
                0x0000000020010950                mtd_block_markbad
 .text.part_erase
                0x00000000200109b0       0x6c drivers/mtd/built-in.o
 .text.mtd_erase_callback
                0x0000000020010a1c       0x68 drivers/mtd/built-in.o
                0x0000000020010a1c                mtd_erase_callback
 .text.onenand_init
                0x0000000020010a84       0x9c drivers/mtd/onenand/built-in.o
                0x0000000020010a84                onenand_init
 .text.memcpy_16
                0x0000000020010b20       0x1c drivers/mtd/onenand/built-in.o
 .text.onenand_readw
                0x0000000020010b3c        0xc drivers/mtd/onenand/built-in.o
 .text.onenand_writew
                0x0000000020010b48        0x8 drivers/mtd/onenand/built-in.o
 .text.flexonenand_addr
                0x0000000020010b50       0x98 drivers/mtd/onenand/built-in.o
 .text.onenand_read_bufferram
                0x0000000020010be8       0x88 drivers/mtd/onenand/built-in.o
 .text.onenand_sync_read_bufferram
                0x0000000020010c70       0x84 drivers/mtd/onenand/built-in.o
 .text.onenand_write_bufferram
                0x0000000020010cf4       0x88 drivers/mtd/onenand/built-in.o
 .text.onenand_sync
                0x0000000020010d7c        0x4 drivers/mtd/onenand/built-in.o
                0x0000000020010d7c                onenand_sync
 .text.onenand_chip_probe
                0x0000000020010d80       0xfc drivers/mtd/onenand/built-in.o
 .text.flexonenand_get_size
                0x0000000020010e7c      0x3f4 drivers/mtd/onenand/built-in.o
 .text.onenand_transfer_auto_oob
                0x0000000020011270      0x124 drivers/mtd/onenand/built-in.o
 .text.onenand_update_bufferram.isra.2
                0x0000000020011394       0x54 drivers/mtd/onenand/built-in.o
 .text.onenand_read_ecc
                0x00000000200113e8       0x80 drivers/mtd/onenand/built-in.o
 .text.onenand_bbt_wait
                0x0000000020011468       0xc8 drivers/mtd/onenand/built-in.o
 .text.onenand_wait
                0x0000000020011530       0xc4 drivers/mtd/onenand/built-in.o
 .text.onenand_fill_auto_oob.isra.8
                0x00000000200115f4       0xec drivers/mtd/onenand/built-in.o
 .text.onenand_write_ops_nolock
                0x00000000200116e0      0x2ec drivers/mtd/onenand/built-in.o
 .text.onenand_write
                0x00000000200119cc       0x60 drivers/mtd/onenand/built-in.o
                0x00000000200119cc                onenand_write
 .text.onenand_write_oob_nolock
                0x0000000020011a2c      0x2e4 drivers/mtd/onenand/built-in.o
 .text.onenand_write_oob
                0x0000000020011d10       0x30 drivers/mtd/onenand/built-in.o
                0x0000000020011d10                onenand_write_oob
 .text.onenand_block_isbad_nolock.constprop.12
                0x0000000020011d40       0x24 drivers/mtd/onenand/built-in.o
 .text.onenand_block_isbad
                0x0000000020011d64       0x24 drivers/mtd/onenand/built-in.o
                0x0000000020011d64                onenand_block_isbad
 .text.onenand_block_markbad
                0x0000000020011d88       0x38 drivers/mtd/onenand/built-in.o
                0x0000000020011d88                onenand_block_markbad
 .text.onenand_block
                0x0000000020011dc0       0x88 drivers/mtd/onenand/built-in.o
                0x0000000020011dc0                onenand_block
 .text.onenand_default_block_markbad
                0x0000000020011e48       0xac drivers/mtd/onenand/built-in.o
 .text.onenand_addr
                0x0000000020011ef4       0x30 drivers/mtd/onenand/built-in.o
                0x0000000020011ef4                onenand_addr
 .text.onenand_command
                0x0000000020011f24      0x22c drivers/mtd/onenand/built-in.o
 .text.flexonenand_region
                0x0000000020012150       0x44 drivers/mtd/onenand/built-in.o
                0x0000000020012150                flexonenand_region
 .text.onenand_recover_lsb
                0x0000000020012194       0xa0 drivers/mtd/onenand/built-in.o
 .text.onenand_read_ops_nolock
                0x0000000020012234      0x4e8 drivers/mtd/onenand/built-in.o
 .text.onenand_read
                0x000000002001271c       0x60 drivers/mtd/onenand/built-in.o
                0x000000002001271c                onenand_read
 .text.onenand_read_oob_nolock
                0x000000002001277c      0x294 drivers/mtd/onenand/built-in.o
 .text.onenand_read_oob
                0x0000000020012a10       0x30 drivers/mtd/onenand/built-in.o
                0x0000000020012a10                onenand_read_oob
 .text.onenand_erase
                0x0000000020012a40      0x264 drivers/mtd/onenand/built-in.o
                0x0000000020012a40                onenand_erase
 .text.onenand_bbt_read_oob
                0x0000000020012ca4      0x170 drivers/mtd/onenand/built-in.o
                0x0000000020012ca4                onenand_bbt_read_oob
 .text.onenand_print_device_info
                0x0000000020012e14       0xc4 drivers/mtd/onenand/built-in.o
                0x0000000020012e14                onenand_print_device_info
 .text.onenand_probe
                0x0000000020012ed8      0x3a8 drivers/mtd/onenand/built-in.o
                0x0000000020012ed8                onenand_probe
 .text.onenand_scan
                0x0000000020013280      0x5c0 drivers/mtd/onenand/built-in.o
                0x0000000020013280                onenand_scan
 .text.onenand_isbad_bbt
                0x0000000020013840       0x44 drivers/mtd/onenand/built-in.o
 .text.onenand_scan_bbt
                0x0000000020013884      0x21c drivers/mtd/onenand/built-in.o
                0x0000000020013884                onenand_scan_bbt
 .text.onenand_default_bbt
                0x0000000020013aa0       0x5c drivers/mtd/onenand/built-in.o
                0x0000000020013aa0                onenand_default_bbt
 .text.s3c_write_cmd
                0x0000000020013afc       0x18 drivers/mtd/onenand/built-in.o
 .text.s3c_mem_addr
                0x0000000020013b14       0x10 drivers/mtd/onenand/built-in.o
 .text.s3c_onenand_reset
                0x0000000020013b24       0x74 drivers/mtd/onenand/built-in.o
 .text.s3c_get_bufferram
                0x0000000020013b98       0x4c drivers/mtd/onenand/built-in.o
 .text.s3c_onenand_bbt_wait
                0x0000000020013be4       0x80 drivers/mtd/onenand/built-in.o
 .text.s3c_onenand_wait
                0x0000000020013c64       0xf8 drivers/mtd/onenand/built-in.o
 .text.s3c_onenand_readw
                0x0000000020013d5c      0x150 drivers/mtd/onenand/built-in.o
 .text.s3c_onenand_writew
                0x0000000020013eac       0xec drivers/mtd/onenand/built-in.o
 .text.s3c_onenand_check_lock_status.isra.0
                0x0000000020013f98       0x8c drivers/mtd/onenand/built-in.o
 .text.s3c_onenand_unlock_all
                0x0000000020014024      0x108 drivers/mtd/onenand/built-in.o
 .text.s3c_onenand_command
                0x000000002001412c      0x250 drivers/mtd/onenand/built-in.o
 .text.s3c_onenand_init
                0x000000002001437c      0x11c drivers/mtd/onenand/built-in.o
                0x000000002001437c                s3c_onenand_init
 .text.smc911x_set_mac_csr.isra.0
                0x0000000020014498       0x44 drivers/net/built-in.o
 .text.smc911x_reset
                0x00000000200144dc       0xf4 drivers/net/built-in.o
 .text.smc911x_halt
                0x00000000200145d0        0x4 drivers/net/built-in.o
 .text.smc911x_get_mac_csr.isra.3
                0x00000000200145d4       0x40 drivers/net/built-in.o
 .text.smc911x_eth_phy_write.constprop.4
                0x0000000020014614       0x64 drivers/net/built-in.o
 .text.smc911x_init
                0x0000000020014678      0x1a4 drivers/net/built-in.o
 .text.smc911x_reg_read
                0x000000002001481c       0x18 drivers/net/built-in.o
                0x000000002001481c                pkt_data_pull
 .text.smc911x_rx
                0x0000000020014834       0x9c drivers/net/built-in.o
 .text.smc911x_reg_write
                0x00000000200148d0       0x1c drivers/net/built-in.o
                0x00000000200148d0                pkt_data_push
 .text.smc911x_send
                0x00000000200148ec      0x114 drivers/net/built-in.o
 .text.smc911x_initialize
                0x0000000020014a00      0x170 drivers/net/built-in.o
                0x0000000020014a00                smc911x_initialize
 .text.get_current
                0x0000000020014b70       0x40 drivers/serial/built-in.o
 .text.serial_null
                0x0000000020014bb0        0x4 drivers/serial/built-in.o
                0x0000000020014bb0                jz_serial_initialize
                0x0000000020014bb0                bfin_serial_initialize
                0x0000000020014bb0                p3mx_serial_initialize
                0x0000000020014bb0                leon2_serial_initialize
                0x0000000020014bb0                leon3_serial_initialize
                0x0000000020014bb0                amirix_serial_initialize
                0x0000000020014bb0                marvell_serial_initialize
                0x0000000020014bb0                cpci750_serial_initialize
                0x0000000020014bb0                ns16550_serial_initialize
                0x0000000020014bb0                asc_serial_initialize
                0x0000000020014bb0                altera_serial_initialize
                0x0000000020014bb0                oc_serial_initialize
                0x0000000020014bb0                sh_serial_initialize
                0x0000000020014bb0                mxs_auart_initialize
                0x0000000020014bb0                arm_dcc_initialize
                0x0000000020014bb0                bmw_serial_initialize
                0x0000000020014bb0                arc_serial_initialize
                0x0000000020014bb0                mcf_serial_initialize
                0x0000000020014bb0                lh7a40x_serial_initialize
                0x0000000020014bb0                evb64260_serial_initialize
                0x0000000020014bb0                lpc32xx_serial_initialize
                0x0000000020014bb0                max3100_serial_initialize
                0x0000000020014bb0                mpc85xx_serial_initialize
                0x0000000020014bb0                imx_serial_initialize
                0x0000000020014bb0                bfin_jtag_initialize
                0x0000000020014bb0                cogent_serial_initialize
                0x0000000020014bb0                clps7111_serial_initialize
                0x0000000020014bb0                ml2_serial_initialize
                0x0000000020014bb0                sandbox_serial_initialize
                0x0000000020014bb0                s3c24xx_serial_initialize
                0x0000000020014bb0                sconsole_serial_initialize
                0x0000000020014bb0                uartlite_serial_initialize
                0x0000000020014bb0                au1x00_serial_initialize
                0x0000000020014bb0                pxa_serial_initialize
                0x0000000020014bb0                atmel_serial_initialize
                0x0000000020014bb0                pl01x_serial_initialize
                0x0000000020014bb0                altera_jtag_serial_initialize
                0x0000000020014bb0                zynq_serial_initalize
                0x0000000020014bb0                mpc512x_serial_initialize
                0x0000000020014bb0                ks8695_serial_initialize
                0x0000000020014bb0                sa1100_serial_initialize
                0x0000000020014bb0                mpc8260_scc_serial_initialize
                0x0000000020014bb0                mxc_serial_initialize
                0x0000000020014bb0                iop480_serial_initialize
                0x0000000020014bb0                mpc8xx_serial_initialize
                0x0000000020014bb0                mpc8260_smc_serial_initialize
                0x0000000020014bb0                mpc5xx_serial_initialize
 .text.serial_register
                0x0000000020014bb4       0x18 drivers/serial/built-in.o
                0x0000000020014bb4                serial_register
 .text.serial_stdio_init
                0x0000000020014bcc       0x88 drivers/serial/built-in.o
                0x0000000020014bcc                serial_stdio_init
 .text.serial_assign
                0x0000000020014c54       0x4c drivers/serial/built-in.o
                0x0000000020014c54                serial_assign
 .text.serial_initialize
                0x0000000020014ca0       0xd0 drivers/serial/built-in.o
                0x0000000020014ca0                serial_initialize
 .text.serial_init
                0x0000000020014d70       0x14 drivers/serial/built-in.o
                0x0000000020014d70                serial_init
 .text.serial_setbrg
                0x0000000020014d84       0x14 drivers/serial/built-in.o
                0x0000000020014d84                serial_setbrg
 .text.on_baudrate
                0x0000000020014d98       0xec drivers/serial/built-in.o
 .text.serial_getc
                0x0000000020014e84       0x14 drivers/serial/built-in.o
                0x0000000020014e84                serial_getc
 .text.serial_tstc
                0x0000000020014e98       0x14 drivers/serial/built-in.o
                0x0000000020014e98                serial_tstc
 .text.serial_putc
                0x0000000020014eac       0x1c drivers/serial/built-in.o
                0x0000000020014eac                serial_putc
 .text.serial_puts
                0x0000000020014ec8       0x1c drivers/serial/built-in.o
                0x0000000020014ec8                serial_puts
 .text.serial_tstc_dev
                0x0000000020014ee4       0x5c drivers/serial/built-in.o
 .text.s5p_serial0_tstc
                0x0000000020014f40        0x8 drivers/serial/built-in.o
 .text.s5p_serial1_tstc
                0x0000000020014f48        0x8 drivers/serial/built-in.o
 .text.s5p_serial2_tstc
                0x0000000020014f50        0x8 drivers/serial/built-in.o
 .text.s5p_serial3_tstc
                0x0000000020014f58        0x8 drivers/serial/built-in.o
 .text.serial_putc_dev
                0x0000000020014f60       0xb0 drivers/serial/built-in.o
 .text.serial_puts_dev
                0x0000000020015010       0x28 drivers/serial/built-in.o
 .text.s5p_serial0_puts
                0x0000000020015038        0x8 drivers/serial/built-in.o
 .text.s5p_serial1_puts
                0x0000000020015040        0x8 drivers/serial/built-in.o
 .text.s5p_serial2_puts
                0x0000000020015048        0x8 drivers/serial/built-in.o
 .text.s5p_serial3_puts
                0x0000000020015050        0x8 drivers/serial/built-in.o
 .text.s5p_serial0_putc
                0x0000000020015058        0x8 drivers/serial/built-in.o
 .text.s5p_serial1_putc
                0x0000000020015060        0x8 drivers/serial/built-in.o
 .text.s5p_serial2_putc
                0x0000000020015068        0x8 drivers/serial/built-in.o
 .text.s5p_serial3_putc
                0x0000000020015070        0x8 drivers/serial/built-in.o
 .text.serial_setbrg_dev
                0x0000000020015078       0x88 drivers/serial/built-in.o
 .text.s5p_serial0_setbrg
                0x0000000020015100        0x8 drivers/serial/built-in.o
 .text.serial_init_dev
                0x0000000020015108       0x64 drivers/serial/built-in.o
 .text.s5p_serial0_init
                0x000000002001516c        0x8 drivers/serial/built-in.o
 .text.s5p_serial1_init
                0x0000000020015174        0x8 drivers/serial/built-in.o
 .text.s5p_serial2_init
                0x000000002001517c        0x8 drivers/serial/built-in.o
 .text.s5p_serial3_init
                0x0000000020015184        0x8 drivers/serial/built-in.o
 .text.s5p_serial1_setbrg
                0x000000002001518c        0x8 drivers/serial/built-in.o
 .text.s5p_serial2_setbrg
                0x0000000020015194        0x8 drivers/serial/built-in.o
 .text.s5p_serial3_setbrg
                0x000000002001519c        0x8 drivers/serial/built-in.o
 .text.serial_getc_dev
                0x00000000200151a4       0xb4 drivers/serial/built-in.o
 .text.s5p_serial0_getc
                0x0000000020015258        0x8 drivers/serial/built-in.o
 .text.s5p_serial1_getc
                0x0000000020015260        0x8 drivers/serial/built-in.o
 .text.s5p_serial2_getc
                0x0000000020015268        0x8 drivers/serial/built-in.o
 .text.s5p_serial3_getc
                0x0000000020015270        0x8 drivers/serial/built-in.o
 .text.default_serial_console
                0x0000000020015278       0x1c drivers/serial/built-in.o
                0x0000000020015278                default_serial_console
 .text.s5p_serial_initialize
                0x0000000020015294       0x38 drivers/serial/built-in.o
                0x0000000020015294                s5p_serial_initialize
 .text.fs_probe_unsupported
                0x00000000200152cc       0x18 fs/built-in.o
 .text.fs_ls_unsupported
                0x00000000200152e4        0x8 fs/built-in.o
 .text.fs_exists_unsupported
                0x00000000200152ec        0x8 fs/built-in.o
 .text.fs_read_unsupported
                0x00000000200152f4        0x8 fs/built-in.o
 .text.fs_write_unsupported
                0x00000000200152fc        0x8 fs/built-in.o
 .text.fs_close_unsupported
                0x0000000020015304        0x4 fs/built-in.o
 .text.fs_get_info
                0x0000000020015308       0x20 fs/built-in.o
 .text.fs_close
                0x0000000020015328       0x28 fs/built-in.o
 .text.fs_set_blk_dev
                0x0000000020015350       0xb8 fs/built-in.o
                0x0000000020015350                fs_set_blk_dev
 .text.fs_ls    0x0000000020015408       0x3c fs/built-in.o
                0x0000000020015408                fs_ls
 .text.fs_exists
                0x0000000020015444       0x34 fs/built-in.o
                0x0000000020015444                fs_exists
 .text.fs_read  0x0000000020015478       0x84 fs/built-in.o
                0x0000000020015478                fs_read
 .text.do_load  0x00000000200154fc      0x1c0 fs/built-in.o
                0x00000000200154fc                do_load
 .text.do_ls    0x00000000200156bc       0x68 fs/built-in.o
                0x00000000200156bc                do_ls
 .text.file_exists
                0x0000000020015724       0x2c fs/built-in.o
                0x0000000020015724                file_exists
 .text.downcase
                0x0000000020015750       0x30 fs/built-in.o
 .text.disk_read
                0x0000000020015780       0x64 fs/built-in.o
 .text.dirdelim
                0x00000000200157e4       0x30 fs/built-in.o
 .text.get_fatent
                0x0000000020015814      0x154 fs/built-in.o
 .text.mkcksum  0x0000000020015968       0x50 fs/built-in.o
 .text.get_cluster
                0x00000000200159b8      0x170 fs/built-in.o
 .text.get_name
                0x0000000020015b28       0xac fs/built-in.o
 .text.read_bootsectandvi
                0x0000000020015bd4      0x128 fs/built-in.o
 .text.slot2str
                0x0000000020015cfc       0xbc fs/built-in.o
 .text.get_vfatname
                0x0000000020015db8      0x1ac fs/built-in.o
 .text.fat_set_blk_dev
                0x0000000020015f64       0xcc fs/built-in.o
                0x0000000020015f64                fat_set_blk_dev
 .text.do_fat_read_at
                0x0000000020016030      0xadc fs/built-in.o
                0x0000000020016030                do_fat_read_at
 .text.do_fat_read
                0x0000000020016b0c       0x2c fs/built-in.o
                0x0000000020016b0c                do_fat_read
 .text.file_fat_detectfs
                0x0000000020016b38       0x88 fs/built-in.o
                0x0000000020016b38                file_fat_detectfs
 .text.file_fat_ls
                0x0000000020016bc0       0x10 fs/built-in.o
                0x0000000020016bc0                file_fat_ls
 .text.fat_exists
                0x0000000020016bd0       0x2c fs/built-in.o
                0x0000000020016bd0                fat_exists
 .text.file_fat_read_at
                0x0000000020016bfc       0x4c fs/built-in.o
                0x0000000020016bfc                file_fat_read_at
 .text.fat_read_file
                0x0000000020016c48       0x3c fs/built-in.o
                0x0000000020016c48                fat_read_file
 .text.fat_close
                0x0000000020016c84        0x4 fs/built-in.o
                0x0000000020016c84                fat_close
 .text.zcalloc  0x0000000020016c88        0x8 lib/built-in.o
                0x0000000020016c88                zcalloc
 .text.zcfree   0x0000000020016c90        0x8 lib/built-in.o
                0x0000000020016c90                zcfree
 .text.inflate_fast
                0x0000000020016c98      0x590 lib/built-in.o
                0x0000000020016c98                inflate_fast
 .text.inflate_table
                0x0000000020017228      0x548 lib/built-in.o
                0x0000000020017228                inflate_table
 .text.inflateReset
                0x0000000020017770       0x78 lib/built-in.o
                0x0000000020017770                inflateReset
 .text.inflateInit2_
                0x00000000200177e8      0x104 lib/built-in.o
                0x00000000200177e8                inflateInit2_
 .text.inflateEnd
                0x00000000200178ec       0x68 lib/built-in.o
                0x00000000200178ec                inflateEnd
 .text.adler32  0x0000000020017954      0x338 lib/built-in.o
                0x0000000020017954                adler32
 .text.inflate  0x0000000020017c8c     0x14f0 lib/built-in.o
                0x0000000020017c8c                inflate
 .text.cyg_crc16
                0x000000002001917c       0x44 lib/built-in.o
                0x000000002001917c                cyg_crc16
 .text.gzalloc  0x00000000200191c0       0x10 lib/built-in.o
                0x00000000200191c0                gzalloc
 .text.gzfree   0x00000000200191d0        0x8 lib/built-in.o
                0x00000000200191d0                gzfree
 .text.zunzip   0x00000000200191d8      0x124 lib/built-in.o
                0x00000000200191d8                zunzip
 .text.gunzip   0x00000000200192fc       0xb8 lib/built-in.o
                0x00000000200192fc                gunzip
 .text.lmb_add_region
                0x00000000200193b4      0x1a4 lib/built-in.o
 .text.lmb_init
                0x0000000020019558       0x28 lib/built-in.o
                0x0000000020019558                lmb_init
 .text.lmb_add  0x0000000020019580        0x4 lib/built-in.o
                0x0000000020019580                lmb_add
 .text.lmb_reserve
                0x0000000020019584        0x8 lib/built-in.o
                0x0000000020019584                lmb_reserve
 .text.lmb_overlaps_region
                0x000000002001958c       0x58 lib/built-in.o
                0x000000002001958c                lmb_overlaps_region
 .text.__lmb_alloc_base
                0x00000000200195e4      0x108 lib/built-in.o
                0x00000000200195e4                __lmb_alloc_base
 .text.lmb_alloc_base
                0x00000000200196ec       0x34 lib/built-in.o
                0x00000000200196ec                lmb_alloc_base
 .text.lmb_alloc
                0x0000000020019720        0x8 lib/built-in.o
                0x0000000020019720                lmb_alloc
 .text.__board_lmb_reserve
                0x0000000020019728        0x4 lib/built-in.o
                0x0000000020019728                board_lmb_reserve
                0x0000000020019728                __board_lmb_reserve
 .text.string_to_ip
                0x000000002001972c       0x60 lib/built-in.o
                0x000000002001972c                string_to_ip
 .text.qsort    0x000000002001978c       0xdc lib/built-in.o
                0x000000002001978c                qsort
 .text.strmhz   0x0000000020019868       0x64 lib/built-in.o
                0x0000000020019868                strmhz
 .text.cmpkey   0x00000000200198cc       0x14 lib/built-in.o
 .text._hdelete.isra.1
                0x00000000200198e0       0x50 lib/built-in.o
 .text.drop_var_from_set.part.2
                0x0000000020019930       0x50 lib/built-in.o
 .text.match_string.isra.3
                0x0000000020019980       0x60 lib/built-in.o
 .text.hcreate_r
                0x00000000200199e0       0xb0 lib/built-in.o
                0x00000000200199e0                hcreate_r
 .text.hdestroy_r
                0x0000000020019a90       0x78 lib/built-in.o
                0x0000000020019a90                hdestroy_r
 .text.hsearch_r
                0x0000000020019b08      0x4dc lib/built-in.o
                0x0000000020019b08                hsearch_r
 .text.hdelete_r
                0x0000000020019fe4       0xd8 lib/built-in.o
                0x0000000020019fe4                hdelete_r
 .text.hexport_r
                0x000000002001a0bc      0x310 lib/built-in.o
                0x000000002001a0bc                hexport_r
 .text.himport_r
                0x000000002001a3cc      0x34c lib/built-in.o
                0x000000002001a3cc                himport_r
 .text.hwalk_r  0x000000002001a718       0x58 lib/built-in.o
                0x000000002001a718                hwalk_r
 .text.print_size
                0x000000002001a770      0x130 lib/built-in.o
                0x000000002001a770                print_size
 .text.print_buffer
                0x000000002001a8a0      0x1b4 lib/built-in.o
                0x000000002001a8a0                print_buffer
 .text.crc32_no_comp
                0x000000002001aa54       0xd8 lib/built-in.o
                0x000000002001aa54                crc32_no_comp
 .text.crc32    0x000000002001ab2c       0x14 lib/built-in.o
                0x000000002001ab2c                crc32
 .text.crc32_wd
                0x000000002001ab40        0x4 lib/built-in.o
                0x000000002001ab40                crc32_wd
 .text.__div64_32
                0x000000002001ab44       0xd0 lib/built-in.o
                0x000000002001ab44                __div64_32
 .text.hang     0x000000002001ac14       0x1c lib/built-in.o
                0x000000002001ac14                hang
 .text.skip_spaces
                0x000000002001ac30       0x28 lib/built-in.o
                0x000000002001ac30                skip_spaces
 .text.strim    0x000000002001ac58       0x60 lib/built-in.o
                0x000000002001ac58                strim
 .text.strcpy   0x000000002001acb8       0x18 lib/built-in.o
                0x000000002001acb8                strcpy
 .text.strncpy  0x000000002001acd0       0x24 lib/built-in.o
                0x000000002001acd0                strncpy
 .text.strcat   0x000000002001acf4       0x30 lib/built-in.o
                0x000000002001acf4                strcat
 .text.strncat  0x000000002001ad24       0x54 lib/built-in.o
                0x000000002001ad24                strncat
 .text.strcmp   0x000000002001ad78       0x28 lib/built-in.o
                0x000000002001ad78                strcmp
 .text.strncmp  0x000000002001ada0       0x3c lib/built-in.o
                0x000000002001ada0                strncmp
 .text.strchr   0x000000002001addc       0x2c lib/built-in.o
                0x000000002001addc                strchr
 .text.strlen   0x000000002001ae08       0x20 lib/built-in.o
                0x000000002001ae08                strlen
 .text.strnlen  0x000000002001ae28       0x2c lib/built-in.o
                0x000000002001ae28                strnlen
 .text.strdup   0x000000002001ae54       0x40 lib/built-in.o
                0x000000002001ae54                strdup
 .text.strpbrk  0x000000002001ae94       0x3c lib/built-in.o
                0x000000002001ae94                strpbrk
 .text.memset   0x000000002001aed0       0x5c lib/built-in.o
                0x000000002001aed0                memset
 .text.memcpy   0x000000002001af2c       0x6c lib/built-in.o
                0x000000002001af2c                memcpy
 .text.memmove  0x000000002001af98       0x48 lib/built-in.o
                0x000000002001af98                memmove
 .text.memcmp   0x000000002001afe0       0x30 lib/built-in.o
                0x000000002001afe0                memcmp
 .text.strstr   0x000000002001b010       0x6c lib/built-in.o
                0x000000002001b010                strstr
 .text.udelay   0x000000002001b07c       0x30 lib/built-in.o
                0x000000002001b07c                udelay
 .text.mdelay   0x000000002001b0ac       0x24 lib/built-in.o
                0x000000002001b0ac                mdelay
 .text.put_dec_trunc
                0x000000002001b0d0       0xd4 lib/built-in.o
 .text.put_dec  0x000000002001b1a4      0x13c lib/built-in.o
 .text.string.isra.0
                0x000000002001b2e0       0x94 lib/built-in.o
 .text.number.isra.4
                0x000000002001b374      0x250 lib/built-in.o
 .text.vsnprintf_internal.isra.6
                0x000000002001b5c4      0x5fc lib/built-in.o
 .text.simple_strtoul
                0x000000002001bbc0       0xb8 lib/built-in.o
                0x000000002001bbc0                simple_strtoul
 .text.strict_strtoul
                0x000000002001bc78       0x78 lib/built-in.o
                0x000000002001bc78                strict_strtoul
 .text.simple_strtol
                0x000000002001bcf0       0x28 lib/built-in.o
                0x000000002001bcf0                simple_strtol
 .text.simple_strtoull
                0x000000002001bd18       0xdc lib/built-in.o
                0x000000002001bd18                simple_strtoull
 .text.vsprintf
                0x000000002001bdf4        0x4 lib/built-in.o
                0x000000002001bdf4                vsprintf
 .text.sprintf  0x000000002001bdf8       0x28 lib/built-in.o
                0x000000002001bdf8                sprintf
 .text.panic    0x000000002001be20       0x44 lib/built-in.o
                0x000000002001be20                panic
 .text.simple_itoa
                0x000000002001be64       0x54 lib/built-in.o
                0x000000002001be64                simple_itoa
 .text.ArpInit  0x000000002001beb8       0x50 net/built-in.o
                0x000000002001beb8                ArpInit
 .text.arp_raw_request
                0x000000002001bf08       0xc0 net/built-in.o
                0x000000002001bf08                arp_raw_request
 .text.ArpRequest
                0x000000002001bfc8       0x84 net/built-in.o
                0x000000002001bfc8                ArpRequest
 .text.ArpTimeoutCheck
                0x000000002001c04c       0x80 net/built-in.o
                0x000000002001c04c                ArpTimeoutCheck
 .text.ArpReceive
                0x000000002001c0cc      0x1fc net/built-in.o
                0x000000002001c0cc                ArpReceive
 .text.BootpHandler
                0x000000002001c2c8      0x360 net/built-in.o
 .text.BootpRequest
                0x000000002001c628      0x1f8 net/built-in.o
                0x000000002001c628                BootpRequest
 .text.BootpTimeout
                0x000000002001c820       0x44 net/built-in.o
 .text.__def_eth_init
                0x000000002001c864        0x8 net/built-in.o
                0x000000002001c864                cpu_eth_init
 .text.eth_current_changed
                0x000000002001c86c       0x60 net/built-in.o
 .text.eth_parse_enetaddr
                0x000000002001c8cc       0x54 net/built-in.o
                0x000000002001c8cc                eth_parse_enetaddr
 .text.eth_getenv_enetaddr
                0x000000002001c920       0x5c net/built-in.o
                0x000000002001c920                eth_getenv_enetaddr
 .text.eth_setenv_enetaddr
                0x000000002001c97c       0x34 net/built-in.o
                0x000000002001c97c                eth_setenv_enetaddr
 .text.eth_getenv_enetaddr_by_index
                0x000000002001c9b0       0x50 net/built-in.o
                0x000000002001c9b0                eth_getenv_enetaddr_by_index
 .text.eth_get_dev_by_index
                0x000000002001ca00       0x40 net/built-in.o
                0x000000002001ca00                eth_get_dev_by_index
 .text.eth_get_dev_index
                0x000000002001ca40       0x1c net/built-in.o
                0x000000002001ca40                eth_get_dev_index
 .text.eth_write_hwaddr
                0x000000002001ca5c      0x1d8 net/built-in.o
                0x000000002001ca5c                eth_write_hwaddr
 .text.eth_register
                0x000000002001cc34       0x7c net/built-in.o
                0x000000002001cc34                eth_register
 .text.eth_initialize
                0x000000002001ccb0      0x1c8 net/built-in.o
                0x000000002001ccb0                eth_initialize
 .text.eth_halt
                0x000000002001ce78       0x30 net/built-in.o
                0x000000002001ce78                eth_halt
 .text.eth_send
                0x000000002001cea8       0x38 net/built-in.o
                0x000000002001cea8                eth_send
 .text.eth_rx   0x000000002001cee0       0x24 net/built-in.o
                0x000000002001cee0                eth_rx
 .text.eth_try_another
                0x000000002001cf04       0x84 net/built-in.o
                0x000000002001cf04                eth_try_another
 .text.eth_init
                0x000000002001cf88       0xd0 net/built-in.o
                0x000000002001cf88                eth_init
 .text.eth_set_current
                0x000000002001d058       0xa4 net/built-in.o
                0x000000002001d058                eth_set_current
 .text.eth_get_name
                0x000000002001d0fc       0x20 net/built-in.o
                0x000000002001d0fc                eth_get_name
 .text.startAgainTimeout
                0x000000002001d11c       0x14 net/built-in.o
 .text.dummy_handler
                0x000000002001d130        0x4 net/built-in.o
 .text.net_clear_handlers
                0x000000002001d134       0x34 net/built-in.o
 .text.net_auto_load
                0x000000002001d168       0x64 net/built-in.o
                0x000000002001d168                net_auto_load
 .text.NetStartAgain
                0x000000002001d1cc      0x150 net/built-in.o
                0x000000002001d1cc                NetStartAgain
 .text.net_set_udp_handler
                0x000000002001d31c       0x20 net/built-in.o
                0x000000002001d31c                net_set_udp_handler
 .text.net_get_arp_handler
                0x000000002001d33c       0x10 net/built-in.o
                0x000000002001d33c                net_get_arp_handler
 .text.NetSetTimeout
                0x000000002001d34c       0x5c net/built-in.o
                0x000000002001d34c                NetSetTimeout
 .text.NetCksum
                0x000000002001d3a8       0x30 net/built-in.o
                0x000000002001d3a8                NetCksum
 .text.NetCksumOk
                0x000000002001d3d8       0x20 net/built-in.o
                0x000000002001d3d8                NetCksumOk
 .text.NetReceive
                0x000000002001d3f8      0x258 net/built-in.o
                0x000000002001d3f8                NetReceive
 .text.NetEthHdrSize
                0x000000002001d650       0x38 net/built-in.o
                0x000000002001d650                NetEthHdrSize
 .text.NetSetEther
                0x000000002001d688       0x94 net/built-in.o
                0x000000002001d688                NetSetEther
 .text.net_update_ether
                0x000000002001d71c       0x78 net/built-in.o
                0x000000002001d71c                net_update_ether
 .text.net_set_ip_header
                0x000000002001d794       0x88 net/built-in.o
                0x000000002001d794                net_set_ip_header
 .text.net_set_udp_header
                0x000000002001d81c       0x88 net/built-in.o
                0x000000002001d81c                net_set_udp_header
 .text.NetSendUDPPacket
                0x000000002001d8a4      0x10c net/built-in.o
                0x000000002001d8a4                NetSendUDPPacket
 .text.copy_filename
                0x000000002001d9b0       0x44 net/built-in.o
                0x000000002001d9b0                copy_filename
 .text.on_bootfile
                0x000000002001d9f4       0x2c net/built-in.o
 .text.ip_to_string
                0x000000002001da20       0x38 net/built-in.o
                0x000000002001da20                ip_to_string
 .text.string_to_VLAN
                0x000000002001da58       0x44 net/built-in.o
                0x000000002001da58                string_to_VLAN
 .text.getenv_VLAN
                0x000000002001da9c       0x10 net/built-in.o
                0x000000002001da9c                getenv_VLAN
 .text.NetInitLoop
                0x000000002001daac       0xf0 net/built-in.o
 .text.net_init
                0x000000002001db9c       0x70 net/built-in.o
                0x000000002001db9c                net_init
 .text.NetLoop  0x000000002001dc0c      0x304 net/built-in.o
                0x000000002001dc0c                NetLoop
 .text.rpc_lookup_reply
                0x000000002001df10       0xb0 net/built-in.o
 .text.nfs_mount_reply
                0x000000002001dfc0       0xa8 net/built-in.o
 .text.nfs_umountall_reply
                0x000000002001e068       0x98 net/built-in.o
 .text.nfs_lookup_reply
                0x000000002001e100       0x98 net/built-in.o
 .text.nfs_readlink_reply
                0x000000002001e198       0xf8 net/built-in.o
 .text.basename
                0x000000002001e290       0x3c net/built-in.o
 .text.rpc_add_credentials
                0x000000002001e2cc       0xb4 net/built-in.o
 .text.rpc_req  0x000000002001e380       0xf8 net/built-in.o
 .text.nfs_mount_req
                0x000000002001e478       0x94 net/built-in.o
 .text.nfs_umountall_req
                0x000000002001e50c       0x60 net/built-in.o
 .text.nfs_lookup_req
                0x000000002001e56c       0xa8 net/built-in.o
 .text.nfs_read_req
                0x000000002001e614       0x78 net/built-in.o
 .text.nfs_readlink_req
                0x000000002001e68c       0x58 net/built-in.o
 .text.nfs_read_reply.isra.0
                0x000000002001e6e4      0x138 net/built-in.o
 .text.NfsSend  0x000000002001e81c      0x114 net/built-in.o
 .text.NfsHandler
                0x000000002001e930      0x224 net/built-in.o
 .text.NfsTimeout
                0x000000002001eb54       0x64 net/built-in.o
 .text.NfsStart
                0x000000002001ebb8      0x254 net/built-in.o
                0x000000002001ebb8                NfsStart
 .text.TftpSend
                0x000000002001ee0c      0x1c8 net/built-in.o
 .text.TftpHandler
                0x000000002001efd4      0x378 net/built-in.o
 .text.TftpTimeout
                0x000000002001f34c       0x88 net/built-in.o
 .text.TftpStart
                0x000000002001f3d4      0x33c net/built-in.o
                0x000000002001f3d4                TftpStart
 .text.raise    0x000000002001f710       0x1c arch/arm/lib/eabi_compat.o
                0x000000002001f710                raise
 .text          0x000000002001f72c       0xc8 /usr/local/arm-cortex_a8-linux-gnueabi/lib/gcc/arm-cortex_a8-linux-gnueabi/4.9.4/libgcc.a(_udivsi3.o)
                0x000000002001f72c                __udivsi3
                0x000000002001f72c                __aeabi_uidiv
                0x000000002001f7d4                __aeabi_uidivmod
 .text          0x000000002001f7f4       0xfc /usr/local/arm-cortex_a8-linux-gnueabi/lib/gcc/arm-cortex_a8-linux-gnueabi/4.9.4/libgcc.a(_divsi3.o)
                0x000000002001f7f4                __aeabi_idiv
                0x000000002001f7f4                __divsi3
                0x000000002001f8d0                __aeabi_idivmod
 .text          0x000000002001f8f0       0x1c /usr/local/arm-cortex_a8-linux-gnueabi/lib/gcc/arm-cortex_a8-linux-gnueabi/4.9.4/libgcc.a(_lshrdi3.o)
                0x000000002001f8f0                __aeabi_llsr
                0x000000002001f8f0                __lshrdi3
 .text          0x000000002001f90c       0x1c /usr/local/arm-cortex_a8-linux-gnueabi/lib/gcc/arm-cortex_a8-linux-gnueabi/4.9.4/libgcc.a(_ashrdi3.o)
                0x000000002001f90c                __ashrdi3
                0x000000002001f90c                __aeabi_lasr
 .text          0x000000002001f928       0x1c /usr/local/arm-cortex_a8-linux-gnueabi/lib/gcc/arm-cortex_a8-linux-gnueabi/4.9.4/libgcc.a(_ashldi3.o)
                0x000000002001f928                __ashldi3
                0x000000002001f928                __aeabi_llsl
 .text          0x000000002001f944       0x10 /usr/local/arm-cortex_a8-linux-gnueabi/lib/gcc/arm-cortex_a8-linux-gnueabi/4.9.4/libgcc.a(_dvmd_lnx.o)
                0x000000002001f944                __aeabi_ldiv0
                0x000000002001f944                __aeabi_idiv0

.glue_7         0x000000002001f954        0x0
 .glue_7        0x000000002001f954        0x0 linker stubs

.glue_7t        0x000000002001f954        0x0
 .glue_7t       0x000000002001f954        0x0 linker stubs

.vfp11_veneer   0x000000002001f954        0x0
 .vfp11_veneer  0x000000002001f954        0x0 linker stubs

.v4_bx          0x000000002001f954        0x0
 .v4_bx         0x000000002001f954        0x0 linker stubs

.iplt           0x000000002001f954        0x0
 .iplt          0x000000002001f954        0x0 arch/arm/cpu/armv7/start.o
                0x000000002001f954                . = ALIGN (0x4)

.rodata         0x000000002001f954     0x805e
 *(SORT(.rodata*))
 .rodata        0x000000002001f954       0x80 arch/arm/lib/built-in.o
 .rodata.CSWTCH.28
                0x000000002001f9d4       0x20 common/built-in.o
 .rodata.boot_os
                0x000000002001f9f4       0x60 common/built-in.o
 .rodata.chip_ids
                0x000000002001fa54       0x68 drivers/net/built-in.o
 .rodata.crc_table
                0x000000002001fabc      0x400 lib/built-in.o
 .rodata.env_flags_varaccess_mask
                0x000000002001febc       0x10 common/built-in.o
 .rodata.op_adv
                0x000000002001fecc      0x100 common/built-in.o
                0x000000002001fecc                op_adv
 .rodata.op_table
                0x000000002001ffcc       0x68 common/built-in.o
 .rodata.udivslot
                0x0000000020020034       0x40 drivers/serial/built-in.o
 .rodata.uimage_arch
                0x0000000020020074      0x120 common/built-in.o
 .rodata.uimage_comp
                0x0000000020020194       0x48 common/built-in.o
 .rodata.uimage_os
                0x00000000200201dc       0x78 common/built-in.o
 .rodata.uimage_type
                0x0000000020020254       0xd8 common/built-in.o
 .rodata.CSWTCH.47
                0x000000002002032c       0x10 drivers/mtd/onenand/built-in.o
 .rodata.crc16_tab
                0x000000002002033c      0x200 lib/built-in.o
 .rodata.dbase.6643
                0x000000002002053c       0x40 lib/built-in.o
 .rodata.dext.6644
                0x000000002002057c       0x40 lib/built-in.o
 .rodata.distfix
                0x00000000200205bc       0x80 lib/built-in.o
 .rodata.ffchars
                0x000000002002063c       0x80 drivers/mtd/onenand/built-in.o
 .rodata.lbase.6641
                0x00000000200206bc       0x3e lib/built-in.o
 .rodata.lenfix
                0x00000000200206fa      0x800 lib/built-in.o
 .rodata.lext.6642
                0x0000000020020efa       0x3e lib/built-in.o
 .rodata.order.6737
                0x0000000020020f38       0x26 lib/built-in.o
 .rodata        0x0000000020020f5e        0x3 common/built-in.o
 .rodata        0x0000000020020f61        0xe net/built-in.o
 .rodata.CSWTCH.23
                0x0000000020020f6f       0x16 common/built-in.o
 .rodata.__func__.6473
                0x0000000020020f85       0x10 common/built-in.o
 .rodata.__func__.6484
                0x0000000020020f95        0xb common/built-in.o
 .rodata.__func__.6653
                0x0000000020020fa0        0xe common/built-in.o
 .rodata.__func__.6687
                0x0000000020020fae        0xe common/built-in.o
 .rodata.__func__.6965
                0x0000000020020fbc        0x8 common/built-in.o
 .rodata.__func__.7002
                0x0000000020020fc4       0x11 drivers/mtd/onenand/built-in.o
 .rodata._ctype
                0x0000000020020fd5      0x100 lib/built-in.o
                0x0000000020020fd5                _ctype
 .rodata.default_environment
                0x00000000200210d5      0x79f common/built-in.o
                0x00000000200210d5                default_environment
 .rodata.delims.6352
                0x0000000020021874        0x3 common/built-in.o
 .rodata.digits.6356
                0x0000000020021877       0x10 lib/built-in.o
 .rodata.env_flags_varaccess_rep
                0x0000000020021887        0x5 common/built-in.o
 .rodata.env_flags_vartype_rep
                0x000000002002188c        0x7 common/built-in.o
 .rodata.erase_seq
                0x0000000020021893        0x4 common/built-in.o
 .rodata.hex_asc
                0x0000000020021897       0x11 lib/built-in.o
 .rodata.names.6256
                0x00000000200218a8        0x6 lib/built-in.o
 .rodata.str1.1
                0x00000000200218ae       0x7a arch/arm/cpu/armv7/built-in.o
 .rodata.str1.1
                0x0000000020021928       0x16 arch/arm/cpu/armv7/s5pc1xx/built-in.o
 .rodata.str1.1
                0x000000002002193e      0x329 arch/arm/lib/built-in.o
                                        0x347 (size before relaxing)
 .rodata.str1.1
                0x0000000020021c67      0x237 board/samsung/smdkv210/built-in.o
                                        0x23d (size before relaxing)
 .rodata.str1.1
                0x0000000020021e9e     0x3eb4 common/built-in.o
                                       0x42aa (size before relaxing)
 .rodata.str1.1
                0x0000000020025d52      0x11b disk/built-in.o
                                        0x124 (size before relaxing)
 .rodata.str1.1
                0x0000000020025e6d      0x1ee drivers/mtd/built-in.o
 .rodata.str1.1
                0x000000002002605b      0x92e drivers/mtd/onenand/built-in.o
                                        0x94d (size before relaxing)
 .rodata.str1.1
                0x0000000020026989      0x214 drivers/net/built-in.o
                                        0x215 (size before relaxing)
 .rodata.str1.1
                0x0000000020026b9d       0x57 drivers/serial/built-in.o
                                         0x92 (size before relaxing)
 .rodata.str1.1
                0x0000000020026bf4      0x267 fs/built-in.o
                                        0x2a7 (size before relaxing)
 .rodata.str1.1
                0x0000000020026e5b      0x456 lib/built-in.o
                                        0x470 (size before relaxing)
 .rodata.str1.1
                0x00000000200272b1      0x6a8 net/built-in.o
                                        0x834 (size before relaxing)
 .rodata.str1.1
                0x0000000020027959       0x1b arch/arm/lib/eabi_compat.o
 .rodata.tab_seq
                0x0000000020027974        0x9 common/built-in.o
 .rodata.version_string
                0x000000002002797d       0x35 common/built-in.o
                0x000000002002797d                version_string

.hash           0x00000000200279b4       0x18
 .hash          0x00000000200279b4       0x18 arch/arm/cpu/armv7/start.o
                0x00000000200279cc                . = ALIGN (0x4)

.data           0x00000000200279cc     0x33ce
 *(.data*)
 .data.rel.ro   0x00000000200279cc        0x0 arch/arm/cpu/armv7/start.o
 .data.s5p_cpu_id
                0x00000000200279cc        0x4 arch/arm/cpu/armv7/built-in.o
                0x00000000200279cc                s5p_cpu_id
 .data.s5p_cpu_rev
                0x00000000200279d0        0x4 arch/arm/cpu/armv7/built-in.o
                0x00000000200279d0                s5p_cpu_rev
 .data.init_sequence
                0x00000000200279d4       0x30 arch/arm/lib/built-in.o
                0x00000000200279d4                init_sequence
 .data.hist_cur
                0x0000000020027a04        0x4 common/built-in.o
 .data.reserved_list
                0x0000000020027a08       0x84 common/built-in.o
 .data.bootm_help_text
                0x0000000020027a8c      0x245 common/built-in.o
 *fill*         0x0000000020027cd1        0x3 
 .data.cmd_bootm_sub
                0x0000000020027cd4       0xc0 common/built-in.o
 .data.first_call
                0x0000000020027d94        0x8 common/built-in.o
 .data.env_name_spec
                0x0000000020027d9c        0x4 common/built-in.o
                0x0000000020027d9c                env_name_spec
 .data.source_help_text
                0x0000000020027da0       0x4e common/built-in.o
 *fill*         0x0000000020027dee        0x2 
 .data.do_echo  0x0000000020027df0        0x4 common/built-in.o
 .data.dp_last_length
                0x0000000020027df4        0x4 common/built-in.o
 .data.mtdparts_help_text
                0x0000000020027df8      0x4d3 common/built-in.o
 *fill*         0x00000000200282cb        0x1 
 .data.cmd_onenand_sub
                0x00000000200282cc       0xd8 common/built-in.o
 .data.imgextract_help_text
                0x00000000200283a4       0x55 common/built-in.o