Archive member included to satisfy reference by file (symbol)

/usr/local/arm-cortex_a8-linux-gnueabi/lib/gcc/arm-cortex_a8-linux-gnueabi/4.9.4/libgcc.a(_udivsi3.o)
                              arch/arm/cpu/armv7/built-in.o (__aeabi_uidiv)
/usr/local/arm-cortex_a8-linux-gnueabi/lib/gcc/arm-cortex_a8-linux-gnueabi/4.9.4/libgcc.a(_divsi3.o)
                              common/built-in.o (__aeabi_idiv)
/usr/local/arm-cortex_a8-linux-gnueabi/lib/gcc/arm-cortex_a8-linux-gnueabi/4.9.4/libgcc.a(_lshrdi3.o)
                              common/built-in.o (__aeabi_llsr)
/usr/local/arm-cortex_a8-linux-gnueabi/lib/gcc/arm-cortex_a8-linux-gnueabi/4.9.4/libgcc.a(_ashrdi3.o)
                              common/built-in.o (__aeabi_lasr)
/usr/local/arm-cortex_a8-linux-gnueabi/lib/gcc/arm-cortex_a8-linux-gnueabi/4.9.4/libgcc.a(_ashldi3.o)
                              drivers/mtd/onenand/built-in.o (__aeabi_llsl)
/usr/local/arm-cortex_a8-linux-gnueabi/lib/gcc/arm-cortex_a8-linux-gnueabi/4.9.4/libgcc.a(_dvmd_lnx.o)
                              /usr/local/arm-cortex_a8-linux-gnueabi/lib/gcc/arm-cortex_a8-linux-gnueabi/4.9.4/libgcc.a(_udivsi3.o) (__aeabi_idiv0)

Discarded input sections

 .data          0x0000000000000000        0x0 arch/arm/cpu/armv7/start.o
 .bss           0x0000000000000000        0x0 arch/arm/cpu/armv7/start.o
 .text          0x0000000000000000        0x0 arch/arm/cpu/armv7/built-in.o
 .text.__v7_outer_cache_enable
                0x0000000000000000        0x4 arch/arm/cpu/armv7/built-in.o
 .text.__v7_outer_cache_disable
                0x0000000000000000        0x4 arch/arm/cpu/armv7/built-in.o
 .text.mmu_page_table_flush
                0x0000000000000000       0x24 arch/arm/cpu/armv7/built-in.o
 .text.__v7_outer_cache_inval_range
                0x0000000000000000        0x4 arch/arm/cpu/armv7/built-in.o
 .text.invalidate_dcache_range
                0x0000000000000000       0xac arch/arm/cpu/armv7/built-in.o
 .text.sdelay   0x0000000000000000        0xc arch/arm/cpu/armv7/built-in.o
 .text.sr32     0x0000000000000000       0x20 arch/arm/cpu/armv7/built-in.o
 .text.wait_on_value
                0x0000000000000000       0x34 arch/arm/cpu/armv7/built-in.o
 .text.get_device_type
                0x0000000000000000       0x10 arch/arm/cpu/armv7/built-in.o
 .text.timer_get_us
                0x0000000000000000       0x54 arch/arm/cpu/armv7/built-in.o
 .text.pwm_disable
                0x0000000000000000       0x50 arch/arm/cpu/armv7/built-in.o
 .rodata.__func__.6348
                0x0000000000000000       0x16 arch/arm/cpu/armv7/built-in.o
 .data          0x0000000000000000        0x0 arch/arm/cpu/armv7/built-in.o
 .bss           0x0000000000000000        0x0 arch/arm/cpu/armv7/built-in.o
 .bss.base_time_us.6317
                0x0000000000000000        0x4 arch/arm/cpu/armv7/built-in.o
 .text.set_mmc_clk
                0x0000000000000000        0x4 arch/arm/cpu/armv7/s5pc1xx/built-in.o
 .data          0x0000000000000000        0x0 arch/arm/cpu/armv7/s5pc1xx/built-in.o
 .bss           0x0000000000000000        0x0 arch/arm/cpu/armv7/s5pc1xx/built-in.o
 .text.__arch_cpu_init
                0x0000000000000000        0x8 arch/arm/lib/built-in.o
 .text.__red_led_off
                0x0000000000000000        0x4 arch/arm/lib/built-in.o
 .text.__green_led_on
                0x0000000000000000        0x4 arch/arm/lib/built-in.o
 .text.__green_led_off
                0x0000000000000000        0x4 arch/arm/lib/built-in.o
 .text.__yellow_led_on
                0x0000000000000000        0x4 arch/arm/lib/built-in.o
 .text.__yellow_led_off
                0x0000000000000000        0x4 arch/arm/lib/built-in.o
 .text.__blue_led_on
                0x0000000000000000        0x4 arch/arm/lib/built-in.o
 .text.__blue_led_off
                0x0000000000000000        0x4 arch/arm/lib/built-in.o
 .text.__dram_init_banksize
                0x0000000000000000       0x1c arch/arm/lib/built-in.o
 .text.__flush_cache
                0x0000000000000000        0x4 arch/arm/lib/built-in.o
 .text.__flush_dcache_all
                0x0000000000000000        0xc arch/arm/lib/built-in.o
 .text.__arm_init_before_mmu
                0x0000000000000000        0x4 arch/arm/lib/built-in.o
 .text.__mmu_page_table_flush
                0x0000000000000000        0x4 arch/arm/lib/built-in.o
 .text.mmu_set_region_dcache_behaviour
                0x0000000000000000       0x50 arch/arm/lib/built-in.o
 .data          0x0000000000000000        0x0 arch/arm/lib/built-in.o
 .__end         0x0000000000000000        0x0 arch/arm/lib/built-in.o
 .bss           0x0000000000000000        0x0 arch/arm/lib/built-in.o
 .text.xmGetData
                0x0000000000000000       0x58 board/samsung/smdkv210/built-in.o
 .text.xmPutData
                0x0000000000000000       0x10 board/samsung/smdkv210/built-in.o
 .text.program_tonand
                0x0000000000000000       0x40 board/samsung/smdkv210/built-in.o
 .text.try_program
[...]
Memory Configuration

Name             Origin             Length             Attributes
*default*        0x0000000000000000 0xffffffffffffffff

Linker script and memory map

Address of section .text set to 0x30000000
                0x0000000000000000                . = 0x0
                0x0000000000000000                . = ALIGN (0x4)

.text           0x0000000030000000    0x1f958
 *(.__image_copy_start)
 .__image_copy_start
                0x0000000030000000        0x0 arch/arm/lib/built-in.o
                0x0000000030000000                __image_copy_start
 arch/arm/cpu/armv7/start.o(.text*)
 .text          0x0000000030000000      0x36c arch/arm/cpu/armv7/start.o
                0x0000000030000000                _start
                0x0000000030000020                _undefined_instruction
                0x0000000030000024                _software_interrupt
                0x0000000030000028                _prefetch_abort
                0x000000003000002c                _data_abort
                0x0000000030000030                _not_used
                0x0000000030000034                _irq
                0x0000000030000038                _fiq
                0x0000000030000040                _end_vect
                0x0000000030000040                IRQ_STACK_START_IN
                0x0000000030000084                c_runtime_cpu_setup
                0x000000003000009c                save_boot_params
                0x00000000300000a0                cpu_init_cp15
                0x00000000300000d8                cpu_init_crit
 *(.text*)
 .text.v7_maint_dcache_all
                0x000000003000036c       0xd0 arch/arm/cpu/armv7/built-in.o
 .text.invalidate_icache_all
                0x000000003000043c       0x18 arch/arm/cpu/armv7/built-in.o
                0x000000003000043c                invalidate_icache_all
 .text.__v7_outer_cache_flush_all
                0x0000000030000454        0x4 arch/arm/cpu/armv7/built-in.o
                0x0000000030000454                __v7_outer_cache_flush_all
                0x0000000030000454                v7_outer_cache_flush_all
 .text.flush_dcache_all
                0x0000000030000458       0x14 arch/arm/cpu/armv7/built-in.o
                0x0000000030000458                flush_dcache_all
 .text.__v7_outer_cache_inval_all
                0x000000003000046c        0x4 arch/arm/cpu/armv7/built-in.o
                0x000000003000046c                v7_outer_cache_inval_all
                0x000000003000046c                __v7_outer_cache_inval_all
 .text.invalidate_dcache_all
                0x0000000030000470       0x14 arch/arm/cpu/armv7/built-in.o
                0x0000000030000470                invalidate_dcache_all
 .text.arm_init_before_mmu
                0x0000000030000484       0x28 arch/arm/cpu/armv7/built-in.o
                0x0000000030000484                arm_init_before_mmu
 .text.__v7_outer_cache_flush_range
                0x00000000300004ac        0x4 arch/arm/cpu/armv7/built-in.o
                0x00000000300004ac                v7_outer_cache_flush_range
                0x00000000300004ac                __v7_outer_cache_flush_range
 .text.flush_dcache_range
                0x00000000300004b0       0x3c arch/arm/cpu/armv7/built-in.o
                0x00000000300004b0                flush_dcache_range
 .text.flush_cache
                0x00000000300004ec        0x8 arch/arm/cpu/armv7/built-in.o
                0x00000000300004ec                flush_cache
 .text.cpu_cache_initialization
                0x00000000300004f4        0x4 arch/arm/cpu/armv7/built-in.o
                0x00000000300004f4                cpu_cache_initialization
 .text.cleanup_before_linux
                0x00000000300004f8       0x28 arch/arm/cpu/armv7/built-in.o
                0x00000000300004f8                cleanup_before_linux
 .text.arch_cpu_init
                0x0000000030000520       0x34 arch/arm/cpu/armv7/built-in.o
                0x0000000030000520                arch_cpu_init
 .text.print_cpuinfo
                0x0000000030000554       0x4c arch/arm/cpu/armv7/built-in.o
                0x0000000030000554                print_cpuinfo
 .text.timer_get_us_down
                0x00000000300005a0       0x38 arch/arm/cpu/armv7/built-in.o
 .text.get_timer
                0x00000000300005d8       0x70 arch/arm/cpu/armv7/built-in.o
                0x00000000300005d8                get_timer
 .text.__udelay
                0x0000000030000648       0x24 arch/arm/cpu/armv7/built-in.o
                0x0000000030000648                __udelay
 .text.reset_timer_masked
                0x000000003000066c       0x44 arch/arm/cpu/armv7/built-in.o
                0x000000003000066c                reset_timer_masked
 .text.timer_init
                0x00000000300006b0       0x54 arch/arm/cpu/armv7/built-in.o
                0x00000000300006b0                timer_init
 .text.get_ticks
                0x0000000030000704       0x14 arch/arm/cpu/armv7/built-in.o
                0x0000000030000704                get_ticks
 .text.get_tbclk
                0x0000000030000718        0x8 arch/arm/cpu/armv7/built-in.o
                0x0000000030000718                get_tbclk
 .text.s5p_config_sromc
                0x0000000030000720       0x4c arch/arm/cpu/armv7/built-in.o
                0x0000000030000720                s5p_config_sromc
 .text.pwm_enable
                0x000000003000076c       0x54 arch/arm/cpu/armv7/built-in.o
                0x000000003000076c                pwm_enable
 .text.pwm_config
                0x00000000300007c0      0x168 arch/arm/cpu/armv7/built-in.o
                0x00000000300007c0                pwm_config
 .text.pwm_init
                0x0000000030000928      0x110 arch/arm/cpu/armv7/built-in.o
                0x0000000030000928                pwm_init
 *fill*         0x0000000030000a38        0x8 
 .text          0x0000000030000a40       0x64 arch/arm/cpu/armv7/s5pc1xx/built-in.o
                0x0000000030000a40                v7_outer_cache_enable
                0x0000000030000a54                v7_outer_cache_disable
                0x0000000030000a68                reset_cpu
 .text.get_pll_clk
                0x0000000030000aa4      0x148 arch/arm/cpu/armv7/s5pc1xx/built-in.o
                0x0000000030000aa4                get_pll_clk
 .text.get_pclkd1
                0x0000000030000bec       0x4c arch/arm/cpu/armv7/s5pc1xx/built-in.o
 .text.get_pclk_sys.constprop.1
                0x0000000030000c38       0x64 arch/arm/cpu/armv7/s5pc1xx/built-in.o
 .text.get_arm_clk
                0x0000000030000c9c       0x6c arch/arm/cpu/armv7/s5pc1xx/built-in.o
                0x0000000030000c9c                get_arm_clk
 .text.get_pwm_clk
                0x0000000030000d08       0x20 arch/arm/cpu/armv7/s5pc1xx/built-in.o
                0x0000000030000d08                get_pwm_clk
 .text.get_uart_clk
                0x0000000030000d28       0x20 arch/arm/cpu/armv7/s5pc1xx/built-in.o
                0x0000000030000d28                get_uart_clk
 .text          0x0000000030000d48       0xe8 arch/arm/lib/built-in.o
                0x0000000030000d48                _main
                0x0000000030000dcc                relocate_code
 .text.display_banner
                0x0000000030000e30       0x20 arch/arm/lib/built-in.o
 .text.init_baudrate
                0x0000000030000e50       0x2c arch/arm/lib/built-in.o
 .text.mark_bootstage
                0x0000000030000e7c       0x14 arch/arm/lib/built-in.o
 .text.__coloured_LED_init
                0x0000000030000e90        0x4 arch/arm/lib/built-in.o
                0x0000000030000e90                coloured_LED_init
                0x0000000030000e90                __coloured_LED_init
 .text.__red_led_on
                0x0000000030000e94        0x4 arch/arm/lib/built-in.o
                0x0000000030000e94                __red_led_on
                0x0000000030000e94                red_led_on
 .text.__power_init_board
                0x0000000030000e98        0x8 arch/arm/lib/built-in.o
                0x0000000030000e98                __power_init_board
                0x0000000030000e98                power_init_board
 .text.board_init_f
                0x0000000030000ea0      0x114 arch/arm/lib/built-in.o
                0x0000000030000ea0                board_init_f
 .text.board_init_r
                0x0000000030000fb4       0xb0 arch/arm/lib/built-in.o
                0x0000000030000fb4                board_init_r
 .text.boot_jump_linux.isra.5
                0x0000000030001064       0xa4 arch/arm/lib/built-in.o
 .text.arch_lmb_reserve
                0x0000000030001108       0x24 arch/arm/lib/built-in.o
                0x0000000030001108                arch_lmb_reserve
 .text.setup_board_tags
                0x000000003000112c        0x4 arch/arm/lib/built-in.o
                0x000000003000112c                setup_board_tags
 .text.boot_prep_linux
                0x0000000030001130      0x150 arch/arm/lib/built-in.o
 .text.do_bootm_linux
                0x0000000030001280       0x64 arch/arm/lib/built-in.o
                0x0000000030001280                do_bootm_linux
 .text.boot_prep_vxworks
                0x00000000300012e4        0x4 arch/arm/lib/built-in.o
                0x00000000300012e4                boot_prep_vxworks
 .text.boot_jump_vxworks
                0x00000000300012e8        0xc arch/arm/lib/built-in.o
                0x00000000300012e8                boot_jump_vxworks
 .text.interrupt_init
                0x00000000300012f4       0x1c arch/arm/lib/built-in.o
                0x00000000300012f4                interrupt_init
 .text.enable_interrupts
                0x0000000030001310        0x4 arch/arm/lib/built-in.o
                0x0000000030001310                enable_interrupts
 .text.disable_interrupts
                0x0000000030001314        0x8 arch/arm/lib/built-in.o
                0x0000000030001314                disable_interrupts
 .text.bad_mode
                0x000000003000131c       0x10 arch/arm/lib/built-in.o
                0x000000003000131c                bad_mode
 .text.show_regs
                0x000000003000132c      0x13c arch/arm/lib/built-in.o
                0x000000003000132c                show_regs
 .text.do_undefined_instruction
                0x0000000030001468       0x20 arch/arm/lib/built-in.o
                0x0000000030001468                do_undefined_instruction
 .text.do_software_interrupt
                0x0000000030001488       0x20 arch/arm/lib/built-in.o
                0x0000000030001488                do_software_interrupt
 .text.do_prefetch_abort
                0x00000000300014a8       0x20 arch/arm/lib/built-in.o
                0x00000000300014a8                do_prefetch_abort
 .text.do_data_abort
                0x00000000300014c8       0x20 arch/arm/lib/built-in.o
                0x00000000300014c8                do_data_abort
 .text.do_not_used
                0x00000000300014e8       0x20 arch/arm/lib/built-in.o
                0x00000000300014e8                do_not_used
 .text.do_fiq   0x0000000030001508       0x20 arch/arm/lib/built-in.o
                0x0000000030001508                do_fiq
 .text.do_irq   0x0000000030001528       0x20 arch/arm/lib/built-in.o
                0x0000000030001528                do_irq
 .text.do_reset
                0x0000000030001548       0x2c arch/arm/lib/built-in.o
                0x0000000030001548                do_reset
 .text.__enable_caches
                0x0000000030001574        0xc arch/arm/lib/built-in.o
                0x0000000030001574                enable_caches
                0x0000000030001574                __enable_caches
 .text.cp_delay
                0x0000000030001580       0x30 arch/arm/lib/built-in.o
 .text.arm_init_domains
                0x00000000300015b0        0x4 arch/arm/lib/built-in.o
                0x00000000300015b0                arm_init_domains
 .text.set_section_dcache
                0x00000000300015b4       0x14 arch/arm/lib/built-in.o
                0x00000000300015b4                set_section_dcache
 .text.dram_bank_mmu_setup
                0x00000000300015c8       0x40 arch/arm/lib/built-in.o
                0x00000000300015c8                dram_bank_mmu_setup
 .text.icache_enable
                0x0000000030001608       0x18 arch/arm/lib/built-in.o
                0x0000000030001608                icache_enable
 .text.icache_disable
                0x0000000030001620       0x1c arch/arm/lib/built-in.o
                0x0000000030001620                icache_disable
 .text.icache_status
                0x000000003000163c        0xc arch/arm/lib/built-in.o
                0x000000003000163c                icache_status
 .text.dcache_enable
                0x0000000030001648       0x6c arch/arm/lib/built-in.o
                0x0000000030001648                dcache_enable
 .text.dcache_disable
                0x00000000300016b4       0x28 arch/arm/lib/built-in.o
                0x00000000300016b4                dcache_disable
 .text.dcache_status
                0x00000000300016dc        0xc arch/arm/lib/built-in.o
                0x00000000300016dc                dcache_status
 .text          0x00000000300016e8      0x6a4 board/samsung/smdkv210/built-in.o
                0x00000000300016e8                lowlevel_init
                0x0000000030001860                lowlevel_init_spl
                0x0000000030001874                sdram_asm_init
                0x0000000030001c6c                clock_asm_init
 .text.board_init
                0x0000000030001d8c       0x80 board/samsung/smdkv210/built-in.o
                0x0000000030001d8c                board_init
 .text.dram_init
                0x0000000030001e0c       0x20 board/samsung/smdkv210/built-in.o
                0x0000000030001e0c                dram_init
 .text.dram_init_banksize
                0x0000000030001e2c       0x1c board/samsung/smdkv210/built-in.o
                0x0000000030001e2c                dram_init_banksize
 .text.checkboard
                0x0000000030001e48       0x18 board/samsung/smdkv210/built-in.o
                0x0000000030001e48                checkboard
 .text.board_eth_init
                0x0000000030001e60       0x10 board/samsung/smdkv210/built-in.o
                0x0000000030001e60                board_eth_init
 .text.onenand_board_init
                0x0000000030001e70       0xa0 board/samsung/smdkv210/built-in.o
                0x0000000030001e70                onenand_board_init
 .text.delete_char.part.0
                0x0000000030001f10       0xd0 common/built-in.o
 .text.cread_add_char
                0x0000000030001fe0       0xe8 common/built-in.o
 .text.__show_boot_progress
                0x00000000300020c8        0x4 common/built-in.o
                0x00000000300020c8                __show_boot_progress
                0x00000000300020c8                show_boot_progress
 .text.readline_into_buffer
                0x00000000300020cc      0x908 common/built-in.o
                0x00000000300020cc                readline_into_buffer
 .text.readline
                0x00000000300029d4       0x14 common/built-in.o
                0x00000000300029d4                readline
 .text.run_command
                0x00000000300029e8        0x8 common/built-in.o
                0x00000000300029e8                run_command
 .text.run_command_list
                0x00000000300029f0       0x5c common/built-in.o
                0x00000000300029f0                run_command_list
 .text.main_loop
                0x0000000030002a4c      0x130 common/built-in.o
                0x0000000030002a4c                main_loop
 .text.do_run   0x0000000030002b7c       0x74 common/built-in.o
                0x0000000030002b7c                do_run
 .text.find_cmd_tbl
                0x0000000030002bf0       0xa4 common/built-in.o
                0x0000000030002bf0                find_cmd_tbl
 .text.find_cmd
                0x0000000030002c94       0x28 common/built-in.o
                0x0000000030002c94                find_cmd
 .text.cmd_usage
                0x0000000030002cbc       0x5c common/built-in.o
                0x0000000030002cbc                cmd_usage
 .text._do_help
                0x0000000030002d18      0x180 common/built-in.o
                0x0000000030002d18                _do_help
 .text.cmd_get_data_size
                0x0000000030002e98       0x5c common/built-in.o
                0x0000000030002e98                cmd_get_data_size
 .text.cmd_process
                0x0000000030002ef4       0xf4 common/built-in.o
                0x0000000030002ef4                cmd_process
 .text.dummy    0x0000000030002fe8        0x4 common/built-in.o
 .text.get_version
                0x0000000030002fec        0x8 common/built-in.o
                0x0000000030002fec                get_version
 .text.jumptable_init
                0x0000000030002ff4      0x190 common/built-in.o
                0x0000000030002ff4                jumptable_init
 .text.hash_command
                0x0000000030003184       0xa0 common/built-in.o
                0x0000000030003184                hash_command
 .text.b_reset  0x0000000030003224       0x1c common/built-in.o
 .text.static_get
                0x0000000030003240       0x1c common/built-in.o
 .text.static_peek
                0x000000003000325c        0xc common/built-in.o
 .text.file_peek
                0x0000000030003268        0xc common/built-in.o
 .text.mapset   0x0000000030003274       0x20 common/built-in.o
 .text.syntax_err
                0x0000000030003294        0xc common/built-in.o
 .text.free_pipe_list
                0x00000000300032a0       0xf0 common/built-in.o
 .text.xmalloc  0x0000000030003390       0x20 common/built-in.o
 .text.new_pipe
                0x00000000300033b0       0x28 common/built-in.o
 .text.xrealloc
                0x00000000300033d8       0x20 common/built-in.o
 .text.done_command
                0x00000000300033f8       0x88 common/built-in.o
 .text.done_pipe
                0x0000000030003480       0x48 common/built-in.o
 .text.done_word
                0x00000000300034c8      0x2d8 common/built-in.o
 .text.do_showvar
                0x00000000300037a0       0xfc common/built-in.o
 .text.is_assignment
                0x000000003000389c       0x5c common/built-in.o
 .text.file_get
                0x00000000300038f8      0x1ec common/built-in.o
 .text.b_addchr
                0x0000000030003ae4       0x78 common/built-in.o
 .text.b_addqchr
                0x0000000030003b5c       0x50 common/built-in.o
 .text.get_local_var
                0x0000000030003bac       0xa0 common/built-in.o
                0x0000000030003bac                get_local_var
 .text.set_local_var
                0x0000000030003c4c      0x1ac common/built-in.o
                0x0000000030003c4c                set_local_var
 .text.insert_var_value_sub
                0x0000000030003df8      0x2c0 common/built-in.o
 .text.parse_string_outer
                0x00000000300040b8       0xe4 common/built-in.o
                0x00000000300040b8                parse_string_outer
 .text.run_list_real
                0x000000003000419c      0x7e4 common/built-in.o
 .text.parse_stream_outer
                0x0000000030004980      0x6ac common/built-in.o
 .text.parse_file_outer
                0x000000003000502c       0x44 common/built-in.o
                0x000000003000502c                parse_file_outer
 .text.u_boot_hush_start
                0x0000000030005070       0x54 common/built-in.o
                0x0000000030005070                u_boot_hush_start
 .text.hex1_bin
                0x00000000300050c4       0x40 common/built-in.o
 .text.hex2_bin
                0x0000000030005104       0x38 common/built-in.o
 .text.srec_decode
                0x000000003000513c      0x254 common/built-in.o
                0x000000003000513c                srec_decode
 .text.CYGACC_COMM_IF_GETC_TIMEOUT.isra.0
                0x0000000030005390       0x5c common/built-in.o
 .text.xyzModem_flush
                0x00000000300053ec       0x1c common/built-in.o
 .text.xyzModem_get_hdr
                0x0000000030005408      0x230 common/built-in.o
 .text.xyzModem_stream_open
                0x0000000030005638      0x23c common/built-in.o
                0x0000000030005638                xyzModem_stream_open
 .text.xyzModem_stream_read
                0x0000000030005874      0x258 common/built-in.o
                0x0000000030005874                xyzModem_stream_read
 .text.xyzModem_stream_close
                0x0000000030005acc       0x54 common/built-in.o
                0x0000000030005acc                xyzModem_stream_close
 .text.xyzModem_stream_terminate
                0x0000000030005b20       0x94 common/built-in.o
                0x0000000030005b20                xyzModem_stream_terminate
 .text.xyzModem_error
                0x0000000030005bb4       0x20 common/built-in.o
                0x0000000030005bb4                xyzModem_error
 .text.do_go_exec
                0x0000000030005bd4       0x10 common/built-in.o
                0x0000000030005bd4                do_go_exec
 .text.do_go    0x0000000030005be4       0x6c common/built-in.o
 .text.copy_args
                0x0000000030005c50       0x50 common/built-in.o
 .text.image_info
                0x0000000030005ca0       0xcc common/built-in.o
 .text.do_bootd
                0x0000000030005d6c       0x24 common/built-in.o
                0x0000000030005d6c                do_bootd
 .text.do_bootm_rtems
                0x0000000030005d90       0x40 common/built-in.o
 .text.do_bootm_plan9
                0x0000000030005dd0       0xa4 common/built-in.o
 .text.do_bootm_standalone
                0x0000000030005e74       0x64 common/built-in.o
 .text.do_bootm_qnxelf
                0x0000000030005ed8       0x5c common/built-in.o
 .text.do_bootm_netbsd
                0x0000000030005f34       0xf8 common/built-in.o
 .text.do_iminfo
                0x000000003000602c       0x60 common/built-in.o
 .text.__arch_preboot_os
                0x000000003000608c        0x4 common/built-in.o
                0x000000003000608c                arch_preboot_os
 .text.do_bootm_states.isra.21.constprop.22
                0x0000000030006090      0x788 common/built-in.o
 .text.do_bootm
                0x0000000030006818       0xec common/built-in.o
                0x0000000030006818                do_bootm
 .text.bootm_maybe_autostart
                0x0000000030006904       0x78 common/built-in.o
                0x0000000030006904                bootm_maybe_autostart
 .text.do_bootvx_fdt
                0x000000003000697c       0x3c common/built-in.o
                0x000000003000697c                do_bootvx_fdt
 .text.do_bootm_vxworks
                0x00000000300069b8       0x24 common/built-in.o
 .text.do_help  0x00000000300069dc       0x48 common/built-in.o
 .text.do_version
                0x0000000030006a24       0x38 common/built-in.o
 .text.env_attr_walk
                0x0000000030006a5c      0x114 common/built-in.o
                0x0000000030006a5c                env_attr_walk
 .text.env_attr_lookup
                0x0000000030006b70      0x18c common/built-in.o
                0x0000000030006b70                env_attr_lookup
 .text.clear_callback
                0x0000000030006cfc       0x10 common/built-in.o
 .text.find_env_callback
                0x0000000030006d0c       0x68 common/built-in.o
 .text.on_callbacks
                0x0000000030006d74       0x48 common/built-in.o
 .text.set_callback
                0x0000000030006dbc       0x94 common/built-in.o
 .text.env_callback_init
                0x0000000030006e50       0xc4 common/built-in.o
                0x0000000030006e50                env_callback_init
 .text.skip_num
                0x0000000030006f14       0x70 common/built-in.o
 .text.clear_flags
                0x0000000030006f84       0x10 common/built-in.o
 .text.on_flags
                0x0000000030006f94       0x48 common/built-in.o
 .text.env_flags_parse_vartype
                0x0000000030006fdc       0x50 common/built-in.o
                0x0000000030006fdc                env_flags_parse_vartype
 .text.env_flags_parse_varaccess
                0x000000003000702c       0x58 common/built-in.o
                0x000000003000702c                env_flags_parse_varaccess
 .text.set_flags
                0x0000000030007084       0xac common/built-in.o
 .text.env_flags_init
                0x0000000030007130       0xd8 common/built-in.o
                0x0000000030007130                env_flags_init
 .text.env_flags_validate
                0x0000000030007208      0x324 common/built-in.o
                0x0000000030007208                env_flags_validate
 .text.env_relocate_spec
                0x000000003000752c       0x70 common/built-in.o
                0x000000003000752c                env_relocate_spec
 .text.saveenv  0x000000003000759c      0x148 common/built-in.o
                0x000000003000759c                saveenv
 .text.env_init
                0x00000000300076e4       0x1c common/built-in.o
                0x00000000300076e4                env_init
 .text.source   0x0000000030007700       0xd8 common/built-in.o
                0x0000000030007700                source
 .text.do_source
                0x00000000300077d8       0x44 common/built-in.o
                0x00000000300077d8                do_source
 .text.print_num
                0x000000003000781c       0x18 common/built-in.o
 .text.do_bdinfo
                0x0000000030007834      0x178 common/built-in.o
                0x0000000030007834                do_bdinfo
 .text.parse_argv
                0x00000000300079ac       0x64 common/built-in.o
 .text.do_icache
                0x0000000030007a10       0x88 common/built-in.o
                0x0000000030007a10                do_icache
 .text.do_dcache
                0x0000000030007a98       0x88 common/built-in.o
                0x0000000030007a98                do_dcache
 .text.do_coninfo
                0x0000000030007b20       0xbc common/built-in.o
 .text.do_echo  0x0000000030007bdc       0xb0 common/built-in.o
 .text.load_elf_image_shdr
                0x0000000030007c8c       0x8c common/built-in.o
 .text.do_bootelf_exec
                0x0000000030007d18       0x44 common/built-in.o
                0x0000000030007d18                do_bootelf_exec
 .text.valid_elf_image
                0x0000000030007d5c       0x4c common/built-in.o
                0x0000000030007d5c                valid_elf_image
 .text.do_bootelf
                0x0000000030007da8      0x158 common/built-in.o
                0x0000000030007da8                do_bootelf
 .text.do_bootvx
                0x0000000030007f00      0x288 common/built-in.o
                0x0000000030007f00                do_bootvx
 .text.do_exit  0x0000000030008188       0x30 common/built-in.o
 .text.do_fat_fsload
                0x00000000300081b8       0x18 common/built-in.o
                0x00000000300081b8                do_fat_fsload
 .text.do_fat_ls
                0x00000000300081d0       0x18 common/built-in.o
 .text.do_fat_fsinfo
                0x00000000300081e8       0x90 common/built-in.o
 .text.evalexp  0x0000000030008278       0x74 common/built-in.o
 .text.evalstr  0x00000000300082ec       0x6c common/built-in.o
 .text.binary_test
                0x0000000030008358      0x1b0 common/built-in.o
 .text.do_itest
                0x0000000030008508       0x98 common/built-in.o
 .text.bin_data_init
                0x00000000300085a0       0x2c common/built-in.o
 .text.k_data_save
                0x00000000300085cc       0x4c common/built-in.o
 .text.k_data_restore
                0x0000000030008618       0x4c common/built-in.o
 .text.getcxmodem
                0x0000000030008664       0x20 common/built-in.o
 .text.load_serial_ymodem
                0x0000000030008684       0xcc common/built-in.o
 .text.bin_data_char
                0x0000000030008750       0x2c common/built-in.o
 .text.chk1.constprop.1
                0x000000003000877c       0x2c common/built-in.o
 .text.s1_sendpacket.constprop.2
                0x00000000300087a8       0x50 common/built-in.o
 .text.load_serial
                0x00000000300087f8      0x1e0 common/built-in.o
 .text.do_load_serial
                0x00000000300089d8       0xdc common/built-in.o
 .text.do_load_serial_bin
                0x0000000030008ab4      0x7b0 common/built-in.o
 .text.do_mem_mw
                0x0000000030009264       0xc0 common/built-in.o
 .text.do_mem_loop
                0x0000000030009324       0xec common/built-in.o
 .text.do_mem_md
                0x0000000030009410       0xec common/built-in.o
 .text.do_mem_cmp
                0x00000000300094fc      0x16c common/built-in.o
 .text.do_mem_base
                0x0000000030009668       0x40 common/built-in.o
 .text.do_mem_cp
                0x00000000300096a8       0xd8 common/built-in.o
 .text.do_mem_crc
                0x0000000030009780       0x48 common/built-in.o
 .text.mod_mem.isra.2
                0x00000000300097c8      0x164 common/built-in.o
 .text.do_mem_mm
                0x000000003000992c        0x8 common/built-in.o
 .text.do_mem_nm
                0x0000000030009934        0x8 common/built-in.o
 .text.do_sleep
                0x000000003000993c       0x70 common/built-in.o
 .text.part_delall
                0x00000000300099ac       0x44 common/built-in.o
 .text.memsize_parse
                0x00000000300099f0       0x80 common/built-in.o
 .text.mtd_part_info
                0x0000000030009a70       0x98 common/built-in.o
 .text.memsize_format
                0x0000000030009b08       0x90 common/built-in.o
 .text.index_partitions
                0x0000000030009b98       0xb4 common/built-in.o
 .text.current_save
                0x0000000030009c4c       0xbc common/built-in.o
 .text.part_sort_add
                0x0000000030009d08      0x11c common/built-in.o
 .text.device_del
                0x0000000030009e24       0x7c common/built-in.o
 .text.generate_mtdparts_save.constprop.7
                0x0000000030009ea0      0x304 common/built-in.o
 .text.device_delall.constprop.9
                0x000000003000a1a4       0x64 common/built-in.o
 .text.mtd_devices_init
                0x000000003000a208       0x2c common/built-in.o
 .text.get_mtd_info.constprop.10
                0x000000003000a234       0x78 common/built-in.o
 .text.part_validate
                0x000000003000a2ac      0x360 common/built-in.o
 .text.device_find
                0x000000003000a60c       0x4c common/built-in.o
                0x000000003000a60c                device_find
 .text.device_parse
                0x000000003000a658      0x560 common/built-in.o
 .text.mtd_id_parse
                0x000000003000abb8      0x11c common/built-in.o
                0x000000003000abb8                mtd_id_parse
 .text.find_dev_and_part
                0x000000003000acd4      0x1b0 common/built-in.o
                0x000000003000acd4                find_dev_and_part
 .text.mtdparts_init
                0x000000003000ae84      0x660 common/built-in.o
                0x000000003000ae84                mtdparts_init
 .text.do_chpart
                0x000000003000b4e4       0xd4 common/built-in.o
 .text.do_mtdparts
                0x000000003000b5b8      0x5c0 common/built-in.o
 .text.netboot_common
                0x000000003000bb78      0x294 common/built-in.o
 .text.do_bootp
                0x000000003000be0c        0xc common/built-in.o
 .text.do_nfs   0x000000003000be18        0xc common/built-in.o
 .text.do_tftpb
                0x000000003000be24       0x40 common/built-in.o
                0x000000003000be24                do_tftpb
 .text.do_onenand
                0x000000003000be64       0x7c common/built-in.o
 .text.do_onenand_markbad
                0x000000003000bee0       0x90 common/built-in.o
 .text.do_onenand_info
                0x000000003000bf70       0x28 common/built-in.o
 .text.arg_off_size
                0x000000003000bf98      0x154 common/built-in.o
 .text.onenand_dump
                0x000000003000c0ec      0x21c common/built-in.o
 .text.do_onenand_dump
                0x000000003000c308       0x8c common/built-in.o
 .text.do_onenand_read
                0x000000003000c394      0x1f4 common/built-in.o
 .text.do_onenand_bad
                0x000000003000c588       0x84 common/built-in.o
 .text.do_onenand_test
                0x000000003000c60c      0x2b8 common/built-in.o
 .text.do_onenand_write
                0x000000003000c8c4      0x364 common/built-in.o
 .text.do_onenand_erase
                0x000000003000cc28      0x174 common/built-in.o
 .text.do_reginfo
                0x000000003000cd9c        0x8 common/built-in.o
 .text.do_false
                0x000000003000cda4        0x8 common/built-in.o
 .text.do_true  0x000000003000cdac        0x8 common/built-in.o
 .text.do_test  0x000000003000cdb4      0x33c common/built-in.o
 .text.do_imgextract
                0x000000003000d0f0      0x280 common/built-in.o
 .text.do_env_delete
                0x000000003000d370       0x9c common/built-in.o
 .text.do_env_save
                0x000000003000d40c       0x2c common/built-in.o
 .text.do_env   0x000000003000d438       0x64 common/built-in.o
 .text.env_print
                0x000000003000d49c       0xc0 common/built-in.o
 .text.do_env_print
                0x000000003000d55c       0xc8 common/built-in.o
 .text.do_env_import
                0x000000003000d624      0x260 common/built-in.o
 .text.do_env_default
                0x000000003000d884       0xa8 common/built-in.o
 .text._do_env_set.isra.0
                0x000000003000d92c      0x1b8 common/built-in.o
 .text.do_env_set
                0x000000003000dae4       0x1c common/built-in.o
 .text.get_env_id
                0x000000003000db00       0x10 common/built-in.o
                0x000000003000db00                get_env_id
 .text.setenv   0x000000003000db10       0x58 common/built-in.o
                0x000000003000db10                setenv
 .text.setenv_ulong
                0x000000003000db68       0x20 common/built-in.o
                0x000000003000db68                setenv_ulong
 .text.setenv_hex
                0x000000003000db88       0x34 common/built-in.o
                0x000000003000db88                setenv_hex
 .text.do_env_export
                0x000000003000dbbc      0x264 common/built-in.o
 .text.envmatch
                0x000000003000de20       0x6c common/built-in.o
                0x000000003000de20                envmatch
 .text.getenv_f
                0x000000003000de8c       0xc8 common/built-in.o
                0x000000003000de8c                getenv_f
 .text.getenv   0x000000003000df54       0x78 common/built-in.o
                0x000000003000df54                getenv
 .text.getenv_ulong
                0x000000003000dfcc       0x30 common/built-in.o
                0x000000003000dfcc                getenv_ulong
 .text.do_env_edit
                0x000000003000dffc       0x78 common/built-in.o
 .text.__env_get_char_spec
                0x000000003000e074        0xc common/built-in.o
                0x000000003000e074                env_get_char_spec
 .text.env_get_addr
                0x000000003000e080       0x20 common/built-in.o
                0x000000003000e080                env_get_addr
 .text.env_get_char_memory
                0x000000003000e0a0       0x10 common/built-in.o
                0x000000003000e0a0                env_get_char_memory
 .text.env_get_char
                0x000000003000e0b0       0x30 common/built-in.o
                0x000000003000e0b0                env_get_char
 .text.getenv_yesno
                0x000000003000e0e0       0x40 common/built-in.o
                0x000000003000e0e0                getenv_yesno
 .text.getenv_default
                0x000000003000e120       0x30 common/built-in.o
                0x000000003000e120                getenv_default
 .text.set_default_env
                0x000000003000e150       0xbc common/built-in.o
                0x000000003000e150                set_default_env
 .text.set_default_vars
                0x000000003000e20c       0x34 common/built-in.o
                0x000000003000e20c                set_default_vars
 .text.env_import
                0x000000003000e240       0xe0 common/built-in.o
                0x000000003000e240                env_import
 .text.env_relocate
                0x000000003000e320       0x30 common/built-in.o
                0x000000003000e320                env_relocate
 .text.console_setfile
                0x000000003000e350       0xa4 common/built-in.o
 .text.fgetc    0x000000003000e3f4       0x24 common/built-in.o
                0x000000003000e3f4                fgetc
 .text.ftstc    0x000000003000e418       0x24 common/built-in.o
                0x000000003000e418                ftstc
 .text.getc     0x000000003000e43c       0x24 common/built-in.o
                0x000000003000e43c                getc
 .text.tstc     0x000000003000e460       0x24 common/built-in.o
                0x000000003000e460                tstc
 .text.putc     0x000000003000e484       0x30 common/built-in.o
                0x000000003000e484                putc
 .text.puts     0x000000003000e4b4       0x30 common/built-in.o
                0x000000003000e4b4                puts
 .text.printf   0x000000003000e4e4       0x4c common/built-in.o
                0x000000003000e4e4                printf
 .text.vprintf  0x000000003000e530       0x3c common/built-in.o
                0x000000003000e530                vprintf
 .text.ctrlc    0x000000003000e56c       0x58 common/built-in.o
                0x000000003000e56c                ctrlc
 .text.had_ctrlc
                0x000000003000e5c4       0x10 common/built-in.o
                0x000000003000e5c4                had_ctrlc
 .text.clear_ctrlc
                0x000000003000e5d4       0x14 common/built-in.o
                0x000000003000e5d4                clear_ctrlc
 .text.search_device
                0x000000003000e5e8       0x28 common/built-in.o
                0x000000003000e5e8                search_device
 .text.console_assign
                0x000000003000e610       0x48 common/built-in.o
                0x000000003000e610                console_assign
 .text.on_console
                0x000000003000e658       0xc0 common/built-in.o
 .text.console_init_f
                0x000000003000e718       0x10 common/built-in.o
                0x000000003000e718                console_init_f
 .text.stdio_print_current_devices
                0x000000003000e728       0xb0 common/built-in.o
                0x000000003000e728                stdio_print_current_devices
 .text.console_init_r
                0x000000003000e7d8       0xe0 common/built-in.o
                0x000000003000e7d8                console_init_r
 .text.sbrk     0x000000003000e8b8       0x70 common/built-in.o
                0x000000003000e8b8                sbrk
 .text.mem_malloc_init
                0x000000003000e928       0x34 common/built-in.o
                0x000000003000e928                mem_malloc_init
 .text.malloc_trim
                0x000000003000e95c       0xcc common/built-in.o
                0x000000003000e95c                malloc_trim
 .text.free     0x000000003000ea28      0x230 common/built-in.o
                0x000000003000ea28                free
 .text.malloc   0x000000003000ec58      0x608 common/built-in.o
                0x000000003000ec58                malloc
 .text.calloc   0x000000003000f260       0xd4 common/built-in.o
                0x000000003000f260                calloc
 .text.realloc  0x000000003000f334      0x4c0 common/built-in.o
                0x000000003000f334                realloc
 .text.memalign
                0x000000003000f7f4      0x10c common/built-in.o
                0x000000003000f7f4                memalign
 .text.on_loadaddr
                0x000000003000f900       0x38 common/built-in.o
 .text.image_check_hcrc
                0x000000003000f938       0x4c common/built-in.o
                0x000000003000f938                image_check_hcrc
 .text.image_check_dcrc
                0x000000003000f984       0x38 common/built-in.o
                0x000000003000f984                image_check_dcrc
 .text.image_multi_count
                0x000000003000f9bc       0x1c common/built-in.o
                0x000000003000f9bc                image_multi_count
 .text.image_multi_getimg
                0x000000003000f9d8       0x80 common/built-in.o
                0x000000003000f9d8                image_multi_getimg
 .text.getenv_bootm_low
                0x000000003000fa58       0x30 common/built-in.o
                0x000000003000fa58                getenv_bootm_low
 .text.getenv_bootm_size
                0x000000003000fa88       0x5c common/built-in.o
                0x000000003000fa88                getenv_bootm_size
 .text.memmove_wd
                0x000000003000fae4        0xc common/built-in.o
                0x000000003000fae4                memmove_wd
 .text.genimg_print_size
                0x000000003000faf0       0x30 common/built-in.o
                0x000000003000faf0                genimg_print_size
 .text.get_table_entry_name
                0x000000003000fb20       0x2c common/built-in.o
                0x000000003000fb20                get_table_entry_name
 .text.genimg_get_os_name
                0x000000003000fb4c       0x18 common/built-in.o
                0x000000003000fb4c                genimg_get_os_name
 .text.genimg_get_arch_name
                0x000000003000fb64       0x18 common/built-in.o
                0x000000003000fb64                genimg_get_arch_name
 .text.genimg_get_type_name
                0x000000003000fb7c       0x18 common/built-in.o
                0x000000003000fb7c                genimg_get_type_name
 .text.genimg_get_comp_name
                0x000000003000fb94       0x18 common/built-in.o
                0x000000003000fb94                genimg_get_comp_name
 .text.image_print_contents
                0x000000003000fbac      0x174 common/built-in.o
                0x000000003000fbac                image_print_contents
 .text.genimg_get_format
                0x000000003000fd20       0x1c common/built-in.o
                0x000000003000fd20                genimg_get_format
 .text.genimg_get_image
                0x000000003000fd3c        0x4 common/built-in.o
                0x000000003000fd3c                genimg_get_image
 .text.boot_get_ramdisk
                0x000000003000fd40      0x238 common/built-in.o
                0x000000003000fd40                boot_get_ramdisk
 .text.boot_ramdisk_high
                0x000000003000ff78      0x130 common/built-in.o
                0x000000003000ff78                boot_ramdisk_high
 .text.get_ram_size
                0x00000000300100a8       0xe4 common/built-in.o
                0x00000000300100a8                get_ram_size
 .text.get_effective_memsize
                0x000000003001018c        0x8 common/built-in.o
                0x000000003001018c                get_effective_memsize
 .text.stdio_get_list
                0x0000000030010194        0xc common/built-in.o
                0x0000000030010194                stdio_get_list
 .text.stdio_get_by_name
                0x00000000300101a0       0x5c common/built-in.o
                0x00000000300101a0                stdio_get_by_name
 .text.stdio_clone
                0x00000000300101fc       0x38 common/built-in.o
                0x00000000300101fc                stdio_clone
 .text.stdio_register
                0x0000000030010234       0x3c common/built-in.o
                0x0000000030010234                stdio_register
 .text.stdio_init
                0x0000000030010270       0x8c common/built-in.o
                0x0000000030010270                stdio_init
 .text.get_device
                0x00000000300102fc       0x58 disk/built-in.o
                0x00000000300102fc                get_device
 .text.get_device_and_partition
                0x0000000030010354      0x298 disk/built-in.o
                0x0000000030010354                get_device_and_partition
 .text.s5p_gpio_cfg_pin
                0x00000000300105ec       0x1c drivers/gpio/built-in.o
                0x00000000300105ec                s5p_gpio_cfg_pin
 .text.add_mtd_device
                0x0000000030010608       0x88 drivers/mtd/built-in.o
                0x0000000030010608                add_mtd_device
 .text.get_mtd_device_nm
                0x0000000030010690       0x6c drivers/mtd/built-in.o
                0x0000000030010690                get_mtd_device_nm
 .text.mtd_erase
                0x00000000300106fc       0x90 drivers/mtd/built-in.o
                0x00000000300106fc                mtd_erase
 .text.mtd_read
                0x000000003001078c       0xb8 drivers/mtd/built-in.o
                0x000000003001078c                mtd_read
 .text.mtd_write
                0x0000000030010844       0x9c drivers/mtd/built-in.o
                0x0000000030010844                mtd_write
 .text.mtd_read_oob
                0x00000000300108e0       0x28 drivers/mtd/built-in.o
                0x00000000300108e0                mtd_read_oob
 .text.mtd_block_isbad
                0x0000000030010908       0x4c drivers/mtd/built-in.o
                0x0000000030010908                mtd_block_isbad
 .text.mtd_block_markbad
                0x0000000030010954       0x60 drivers/mtd/built-in.o
                0x0000000030010954                mtd_block_markbad
 .text.part_erase
                0x00000000300109b4       0x6c drivers/mtd/built-in.o
 .text.mtd_erase_callback
                0x0000000030010a20       0x68 drivers/mtd/built-in.o
                0x0000000030010a20                mtd_erase_callback
 .text.onenand_init
                0x0000000030010a88       0x9c drivers/mtd/onenand/built-in.o
                0x0000000030010a88                onenand_init
 .text.memcpy_16
                0x0000000030010b24       0x1c drivers/mtd/onenand/built-in.o
 .text.onenand_readw
                0x0000000030010b40        0xc drivers/mtd/onenand/built-in.o
 .text.onenand_writew
                0x0000000030010b4c        0x8 drivers/mtd/onenand/built-in.o
 .text.flexonenand_addr
                0x0000000030010b54       0x98 drivers/mtd/onenand/built-in.o
 .text.onenand_read_bufferram
                0x0000000030010bec       0x88 drivers/mtd/onenand/built-in.o
 .text.onenand_sync_read_bufferram
                0x0000000030010c74       0x84 drivers/mtd/onenand/built-in.o
 .text.onenand_write_bufferram
                0x0000000030010cf8       0x88 drivers/mtd/onenand/built-in.o
 .text.onenand_sync
                0x0000000030010d80        0x4 drivers/mtd/onenand/built-in.o
                0x0000000030010d80                onenand_sync
 .text.onenand_chip_probe
                0x0000000030010d84       0xfc drivers/mtd/onenand/built-in.o
 .text.flexonenand_get_size
                0x0000000030010e80      0x3f4 drivers/mtd/onenand/built-in.o
 .text.onenand_transfer_auto_oob
                0x0000000030011274      0x124 drivers/mtd/onenand/built-in.o
 .text.onenand_update_bufferram.isra.2
                0x0000000030011398       0x54 drivers/mtd/onenand/built-in.o
 .text.onenand_read_ecc
                0x00000000300113ec       0x80 drivers/mtd/onenand/built-in.o
 .text.onenand_bbt_wait
                0x000000003001146c       0xc8 drivers/mtd/onenand/built-in.o
 .text.onenand_wait
                0x0000000030011534       0xc4 drivers/mtd/onenand/built-in.o
 .text.onenand_fill_auto_oob.isra.8
                0x00000000300115f8       0xec drivers/mtd/onenand/built-in.o
 .text.onenand_write_ops_nolock
                0x00000000300116e4      0x2ec drivers/mtd/onenand/built-in.o
 .text.onenand_write
                0x00000000300119d0       0x60 drivers/mtd/onenand/built-in.o
                0x00000000300119d0                onenand_write
 .text.onenand_write_oob_nolock
                0x0000000030011a30      0x2e4 drivers/mtd/onenand/built-in.o
 .text.onenand_write_oob
                0x0000000030011d14       0x30 drivers/mtd/onenand/built-in.o
                0x0000000030011d14                onenand_write_oob
 .text.onenand_block_isbad_nolock.constprop.12
                0x0000000030011d44       0x24 drivers/mtd/onenand/built-in.o
 .text.onenand_block_isbad
                0x0000000030011d68       0x24 drivers/mtd/onenand/built-in.o
                0x0000000030011d68                onenand_block_isbad
 .text.onenand_block_markbad
                0x0000000030011d8c       0x38 drivers/mtd/onenand/built-in.o
                0x0000000030011d8c                onenand_block_markbad
 .text.onenand_block
                0x0000000030011dc4       0x88 drivers/mtd/onenand/built-in.o
                0x0000000030011dc4                onenand_block
 .text.onenand_default_block_markbad
                0x0000000030011e4c       0xac drivers/mtd/onenand/built-in.o
 .text.onenand_addr
                0x0000000030011ef8       0x30 drivers/mtd/onenand/built-in.o
                0x0000000030011ef8                onenand_addr
 .text.onenand_command
                0x0000000030011f28      0x22c drivers/mtd/onenand/built-in.o
 .text.flexonenand_region
                0x0000000030012154       0x44 drivers/mtd/onenand/built-in.o
                0x0000000030012154                flexonenand_region
 .text.onenand_recover_lsb
                0x0000000030012198       0xa0 drivers/mtd/onenand/built-in.o
 .text.onenand_read_ops_nolock
                0x0000000030012238      0x4e8 drivers/mtd/onenand/built-in.o
 .text.onenand_read
                0x0000000030012720       0x60 drivers/mtd/onenand/built-in.o
                0x0000000030012720                onenand_read
 .text.onenand_read_oob_nolock
                0x0000000030012780      0x294 drivers/mtd/onenand/built-in.o
 .text.onenand_read_oob
                0x0000000030012a14       0x30 drivers/mtd/onenand/built-in.o
                0x0000000030012a14                onenand_read_oob
 .text.onenand_erase
                0x0000000030012a44      0x264 drivers/mtd/onenand/built-in.o
                0x0000000030012a44                onenand_erase
 .text.onenand_bbt_read_oob
                0x0000000030012ca8      0x170 drivers/mtd/onenand/built-in.o
                0x0000000030012ca8                onenand_bbt_read_oob
 .text.onenand_print_device_info
                0x0000000030012e18       0xc4 drivers/mtd/onenand/built-in.o
                0x0000000030012e18                onenand_print_device_info
 .text.onenand_probe
                0x0000000030012edc      0x3a8 drivers/mtd/onenand/built-in.o
                0x0000000030012edc                onenand_probe
 .text.onenand_scan
                0x0000000030013284      0x5c0 drivers/mtd/onenand/built-in.o
                0x0000000030013284                onenand_scan
 .text.onenand_isbad_bbt
                0x0000000030013844       0x44 drivers/mtd/onenand/built-in.o
 .text.onenand_scan_bbt
                0x0000000030013888      0x21c drivers/mtd/onenand/built-in.o
                0x0000000030013888                onenand_scan_bbt
 .text.onenand_default_bbt
                0x0000000030013aa4       0x5c drivers/mtd/onenand/built-in.o
                0x0000000030013aa4                onenand_default_bbt
 .text.s3c_write_cmd
                0x0000000030013b00       0x18 drivers/mtd/onenand/built-in.o
 .text.s3c_mem_addr
                0x0000000030013b18       0x10 drivers/mtd/onenand/built-in.o
 .text.s3c_onenand_reset
                0x0000000030013b28       0x74 drivers/mtd/onenand/built-in.o
 .text.s3c_get_bufferram
                0x0000000030013b9c       0x4c drivers/mtd/onenand/built-in.o
 .text.s3c_onenand_bbt_wait
                0x0000000030013be8       0x80 drivers/mtd/onenand/built-in.o
 .text.s3c_onenand_wait
                0x0000000030013c68       0xf8 drivers/mtd/onenand/built-in.o
 .text.s3c_onenand_readw
                0x0000000030013d60      0x150 drivers/mtd/onenand/built-in.o
 .text.s3c_onenand_writew
                0x0000000030013eb0       0xec drivers/mtd/onenand/built-in.o
 .text.s3c_onenand_check_lock_status.isra.0
                0x0000000030013f9c       0x8c drivers/mtd/onenand/built-in.o
 .text.s3c_onenand_unlock_all
                0x0000000030014028      0x108 drivers/mtd/onenand/built-in.o
 .text.s3c_onenand_command
                0x0000000030014130      0x250 drivers/mtd/onenand/built-in.o
 .text.s3c_onenand_init
                0x0000000030014380      0x11c drivers/mtd/onenand/built-in.o
                0x0000000030014380                s3c_onenand_init
 .text.smc911x_set_mac_csr.isra.0
                0x000000003001449c       0x44 drivers/net/built-in.o
 .text.smc911x_reset
                0x00000000300144e0       0xf4 drivers/net/built-in.o
 .text.smc911x_halt
                0x00000000300145d4        0x4 drivers/net/built-in.o
 .text.smc911x_get_mac_csr.isra.3
                0x00000000300145d8       0x40 drivers/net/built-in.o
 .text.smc911x_eth_phy_write.constprop.4
                0x0000000030014618       0x64 drivers/net/built-in.o
 .text.smc911x_init
                0x000000003001467c      0x1a4 drivers/net/built-in.o
 .text.smc911x_reg_read
                0x0000000030014820       0x18 drivers/net/built-in.o
                0x0000000030014820                pkt_data_pull
 .text.smc911x_rx
                0x0000000030014838       0x9c drivers/net/built-in.o
 .text.smc911x_reg_write
                0x00000000300148d4       0x1c drivers/net/built-in.o
                0x00000000300148d4                pkt_data_push
 .text.smc911x_send
                0x00000000300148f0      0x114 drivers/net/built-in.o
 .text.smc911x_initialize
                0x0000000030014a04      0x170 drivers/net/built-in.o
                0x0000000030014a04                smc911x_initialize
 .text.get_current
                0x0000000030014b74       0x40 drivers/serial/built-in.o
 .text.serial_null
                0x0000000030014bb4        0x4 drivers/serial/built-in.o
                0x0000000030014bb4                jz_serial_initialize
                0x0000000030014bb4                bfin_serial_initialize
                0x0000000030014bb4                p3mx_serial_initialize
                0x0000000030014bb4                leon2_serial_initialize
                0x0000000030014bb4                leon3_serial_initialize
                0x0000000030014bb4                amirix_serial_initialize
                0x0000000030014bb4                marvell_serial_initialize
                0x0000000030014bb4                cpci750_serial_initialize
                0x0000000030014bb4                ns16550_serial_initialize
                0x0000000030014bb4                asc_serial_initialize
                0x0000000030014bb4                altera_serial_initialize
                0x0000000030014bb4                oc_serial_initialize
                0x0000000030014bb4                sh_serial_initialize
                0x0000000030014bb4                mxs_auart_initialize
                0x0000000030014bb4                arm_dcc_initialize
                0x0000000030014bb4                bmw_serial_initialize
                0x0000000030014bb4                arc_serial_initialize
                0x0000000030014bb4                mcf_serial_initialize
                0x0000000030014bb4                lh7a40x_serial_initialize
                0x0000000030014bb4                evb64260_serial_initialize
                0x0000000030014bb4                lpc32xx_serial_initialize
                0x0000000030014bb4                max3100_serial_initialize
                0x0000000030014bb4                mpc85xx_serial_initialize
                0x0000000030014bb4                imx_serial_initialize
                0x0000000030014bb4                bfin_jtag_initialize
                0x0000000030014bb4                cogent_serial_initialize
                0x0000000030014bb4                clps7111_serial_initialize
                0x0000000030014bb4                ml2_serial_initialize
                0x0000000030014bb4                sandbox_serial_initialize
                0x0000000030014bb4                s3c24xx_serial_initialize
                0x0000000030014bb4                sconsole_serial_initialize
                0x0000000030014bb4                uartlite_serial_initialize
                0x0000000030014bb4                au1x00_serial_initialize
                0x0000000030014bb4                pxa_serial_initialize
                0x0000000030014bb4                atmel_serial_initialize
                0x0000000030014bb4                pl01x_serial_initialize
                0x0000000030014bb4                altera_jtag_serial_initialize
                0x0000000030014bb4                zynq_serial_initalize
                0x0000000030014bb4                mpc512x_serial_initialize
                0x0000000030014bb4                ks8695_serial_initialize
                0x0000000030014bb4                sa1100_serial_initialize
                0x0000000030014bb4                mpc8260_scc_serial_initialize
                0x0000000030014bb4                mxc_serial_initialize
                0x0000000030014bb4                iop480_serial_initialize
                0x0000000030014bb4                mpc8xx_serial_initialize
                0x0000000030014bb4                mpc8260_smc_serial_initialize
                0x0000000030014bb4                mpc5xx_serial_initialize
 .text.serial_register
                0x0000000030014bb8       0x18 drivers/serial/built-in.o
                0x0000000030014bb8                serial_register
 .text.serial_stdio_init
                0x0000000030014bd0       0x88 drivers/serial/built-in.o
                0x0000000030014bd0                serial_stdio_init
 .text.serial_assign
                0x0000000030014c58       0x4c drivers/serial/built-in.o
                0x0000000030014c58                serial_assign
 .text.serial_initialize
                0x0000000030014ca4       0xd0 drivers/serial/built-in.o
                0x0000000030014ca4                serial_initialize
 .text.serial_init
                0x0000000030014d74       0x14 drivers/serial/built-in.o
                0x0000000030014d74                serial_init
 .text.serial_setbrg
                0x0000000030014d88       0x14 drivers/serial/built-in.o
                0x0000000030014d88                serial_setbrg
 .text.on_baudrate
                0x0000000030014d9c       0xec drivers/serial/built-in.o
 .text.serial_getc
                0x0000000030014e88       0x14 drivers/serial/built-in.o
                0x0000000030014e88                serial_getc
 .text.serial_tstc
                0x0000000030014e9c       0x14 drivers/serial/built-in.o
                0x0000000030014e9c                serial_tstc
 .text.serial_putc
                0x0000000030014eb0       0x1c drivers/serial/built-in.o
                0x0000000030014eb0                serial_putc
 .text.serial_puts
                0x0000000030014ecc       0x1c drivers/serial/built-in.o
                0x0000000030014ecc                serial_puts
 .text.serial_tstc_dev
                0x0000000030014ee8       0x5c drivers/serial/built-in.o
 .text.s5p_serial0_tstc
                0x0000000030014f44        0x8 drivers/serial/built-in.o
 .text.s5p_serial1_tstc
                0x0000000030014f4c        0x8 drivers/serial/built-in.o
 .text.s5p_serial2_tstc
                0x0000000030014f54        0x8 drivers/serial/built-in.o
 .text.s5p_serial3_tstc
                0x0000000030014f5c        0x8 drivers/serial/built-in.o
 .text.serial_putc_dev
                0x0000000030014f64       0xb0 drivers/serial/built-in.o
 .text.serial_puts_dev
                0x0000000030015014       0x28 drivers/serial/built-in.o
 .text.s5p_serial0_puts
                0x000000003001503c        0x8 drivers/serial/built-in.o
 .text.s5p_serial1_puts
                0x0000000030015044        0x8 drivers/serial/built-in.o
 .text.s5p_serial2_puts
                0x000000003001504c        0x8 drivers/serial/built-in.o
 .text.s5p_serial3_puts
                0x0000000030015054        0x8 drivers/serial/built-in.o
 .text.s5p_serial0_putc
                0x000000003001505c        0x8 drivers/serial/built-in.o
 .text.s5p_serial1_putc
                0x0000000030015064        0x8 drivers/serial/built-in.o
 .text.s5p_serial2_putc
                0x000000003001506c        0x8 drivers/serial/built-in.o
 .text.s5p_serial3_putc
                0x0000000030015074        0x8 drivers/serial/built-in.o
 .text.serial_setbrg_dev
                0x000000003001507c       0x88 drivers/serial/built-in.o
 .text.s5p_serial0_setbrg
                0x0000000030015104        0x8 drivers/serial/built-in.o
 .text.serial_init_dev
                0x000000003001510c       0x64 drivers/serial/built-in.o
 .text.s5p_serial0_init
                0x0000000030015170        0x8 drivers/serial/built-in.o
 .text.s5p_serial1_init
                0x0000000030015178        0x8 drivers/serial/built-in.o
 .text.s5p_serial2_init
                0x0000000030015180        0x8 drivers/serial/built-in.o
 .text.s5p_serial3_init
                0x0000000030015188        0x8 drivers/serial/built-in.o
 .text.s5p_serial1_setbrg
                0x0000000030015190        0x8 drivers/serial/built-in.o
 .text.s5p_serial2_setbrg
                0x0000000030015198        0x8 drivers/serial/built-in.o
 .text.s5p_serial3_setbrg
                0x00000000300151a0        0x8 drivers/serial/built-in.o
 .text.serial_getc_dev
                0x00000000300151a8       0xb4 drivers/serial/built-in.o
 .text.s5p_serial0_getc
                0x000000003001525c        0x8 drivers/serial/built-in.o
 .text.s5p_serial1_getc
                0x0000000030015264        0x8 drivers/serial/built-in.o
 .text.s5p_serial2_getc
                0x000000003001526c        0x8 drivers/serial/built-in.o
 .text.s5p_serial3_getc
                0x0000000030015274        0x8 drivers/serial/built-in.o
 .text.default_serial_console
                0x000000003001527c       0x1c drivers/serial/built-in.o
                0x000000003001527c                default_serial_console
 .text.s5p_serial_initialize
                0x0000000030015298       0x38 drivers/serial/built-in.o
                0x0000000030015298                s5p_serial_initialize
 .text.fs_probe_unsupported
                0x00000000300152d0       0x18 fs/built-in.o
 .text.fs_ls_unsupported
                0x00000000300152e8        0x8 fs/built-in.o
 .text.fs_exists_unsupported
                0x00000000300152f0        0x8 fs/built-in.o
 .text.fs_read_unsupported
                0x00000000300152f8        0x8 fs/built-in.o
 .text.fs_write_unsupported
                0x0000000030015300        0x8 fs/built-in.o
 .text.fs_close_unsupported
                0x0000000030015308        0x4 fs/built-in.o
 .text.fs_get_info
                0x000000003001530c       0x20 fs/built-in.o
 .text.fs_close
                0x000000003001532c       0x28 fs/built-in.o
 .text.fs_set_blk_dev
                0x0000000030015354       0xb8 fs/built-in.o
                0x0000000030015354                fs_set_blk_dev
 .text.fs_ls    0x000000003001540c       0x3c fs/built-in.o
                0x000000003001540c                fs_ls
 .text.fs_exists
                0x0000000030015448       0x34 fs/built-in.o
                0x0000000030015448                fs_exists
 .text.fs_read  0x000000003001547c       0x84 fs/built-in.o
                0x000000003001547c                fs_read
 .text.do_load  0x0000000030015500      0x1c0 fs/built-in.o
                0x0000000030015500                do_load
 .text.do_ls    0x00000000300156c0       0x68 fs/built-in.o
                0x00000000300156c0                do_ls
 .text.file_exists
                0x0000000030015728       0x2c fs/built-in.o
                0x0000000030015728                file_exists
 .text.downcase
                0x0000000030015754       0x30 fs/built-in.o
 .text.disk_read
                0x0000000030015784       0x64 fs/built-in.o
 .text.dirdelim
                0x00000000300157e8       0x30 fs/built-in.o
 .text.get_fatent
                0x0000000030015818      0x154 fs/built-in.o
 .text.mkcksum  0x000000003001596c       0x50 fs/built-in.o
 .text.get_cluster
                0x00000000300159bc      0x170 fs/built-in.o
 .text.get_name
                0x0000000030015b2c       0xac fs/built-in.o
 .text.read_bootsectandvi
                0x0000000030015bd8      0x128 fs/built-in.o
 .text.slot2str
                0x0000000030015d00       0xbc fs/built-in.o
 .text.get_vfatname
                0x0000000030015dbc      0x1ac fs/built-in.o
 .text.fat_set_blk_dev
                0x0000000030015f68       0xcc fs/built-in.o
                0x0000000030015f68                fat_set_blk_dev
 .text.do_fat_read_at
                0x0000000030016034      0xadc fs/built-in.o
                0x0000000030016034                do_fat_read_at
 .text.do_fat_read
                0x0000000030016b10       0x2c fs/built-in.o
                0x0000000030016b10                do_fat_read
 .text.file_fat_detectfs
                0x0000000030016b3c       0x88 fs/built-in.o
                0x0000000030016b3c                file_fat_detectfs
 .text.file_fat_ls
                0x0000000030016bc4       0x10 fs/built-in.o
                0x0000000030016bc4                file_fat_ls
 .text.fat_exists
                0x0000000030016bd4       0x2c fs/built-in.o
                0x0000000030016bd4                fat_exists
 .text.file_fat_read_at
                0x0000000030016c00       0x4c fs/built-in.o
                0x0000000030016c00                file_fat_read_at
 .text.fat_read_file
                0x0000000030016c4c       0x3c fs/built-in.o
                0x0000000030016c4c                fat_read_file
 .text.fat_close
                0x0000000030016c88        0x4 fs/built-in.o
                0x0000000030016c88                fat_close
 .text.zcalloc  0x0000000030016c8c        0x8 lib/built-in.o
                0x0000000030016c8c                zcalloc
 .text.zcfree   0x0000000030016c94        0x8 lib/built-in.o
                0x0000000030016c94                zcfree
 .text.inflate_fast
                0x0000000030016c9c      0x590 lib/built-in.o
                0x0000000030016c9c                inflate_fast
 .text.inflate_table
                0x000000003001722c      0x548 lib/built-in.o
                0x000000003001722c                inflate_table
 .text.inflateReset
                0x0000000030017774       0x78 lib/built-in.o
                0x0000000030017774                inflateReset
 .text.inflateInit2_
                0x00000000300177ec      0x104 lib/built-in.o
                0x00000000300177ec                inflateInit2_
 .text.inflateEnd
                0x00000000300178f0       0x68 lib/built-in.o
                0x00000000300178f0                inflateEnd
 .text.adler32  0x0000000030017958      0x338 lib/built-in.o
                0x0000000030017958                adler32
 .text.inflate  0x0000000030017c90     0x14f0 lib/built-in.o
                0x0000000030017c90                inflate
 .text.cyg_crc16
                0x0000000030019180       0x44 lib/built-in.o
                0x0000000030019180                cyg_crc16
 .text.gzalloc  0x00000000300191c4       0x10 lib/built-in.o
                0x00000000300191c4                gzalloc
 .text.gzfree   0x00000000300191d4        0x8 lib/built-in.o
                0x00000000300191d4                gzfree
 .text.zunzip   0x00000000300191dc      0x124 lib/built-in.o
                0x00000000300191dc                zunzip
 .text.gunzip   0x0000000030019300       0xb8 lib/built-in.o
                0x0000000030019300                gunzip
 .text.lmb_add_region
                0x00000000300193b8      0x1a4 lib/built-in.o
 .text.lmb_init
                0x000000003001955c       0x28 lib/built-in.o
                0x000000003001955c                lmb_init
 .text.lmb_add  0x0000000030019584        0x4 lib/built-in.o
                0x0000000030019584                lmb_add
 .text.lmb_reserve
                0x0000000030019588        0x8 lib/built-in.o
                0x0000000030019588                lmb_reserve
 .text.lmb_overlaps_region
                0x0000000030019590       0x58 lib/built-in.o
                0x0000000030019590                lmb_overlaps_region
 .text.__lmb_alloc_base
                0x00000000300195e8      0x108 lib/built-in.o
                0x00000000300195e8                __lmb_alloc_base
 .text.lmb_alloc_base
                0x00000000300196f0       0x34 lib/built-in.o
                0x00000000300196f0                lmb_alloc_base
 .text.lmb_alloc
                0x0000000030019724        0x8 lib/built-in.o
                0x0000000030019724                lmb_alloc
 .text.__board_lmb_reserve
                0x000000003001972c        0x4 lib/built-in.o
                0x000000003001972c                board_lmb_reserve
                0x000000003001972c                __board_lmb_reserve
 .text.string_to_ip
                0x0000000030019730       0x60 lib/built-in.o
                0x0000000030019730                string_to_ip
 .text.qsort    0x0000000030019790       0xdc lib/built-in.o
                0x0000000030019790                qsort
 .text.strmhz   0x000000003001986c       0x64 lib/built-in.o
                0x000000003001986c                strmhz
 .text.cmpkey   0x00000000300198d0       0x14 lib/built-in.o
 .text._hdelete.isra.1
                0x00000000300198e4       0x50 lib/built-in.o
 .text.drop_var_from_set.part.2
                0x0000000030019934       0x50 lib/built-in.o
 .text.match_string.isra.3
                0x0000000030019984       0x60 lib/built-in.o
 .text.hcreate_r
                0x00000000300199e4       0xb0 lib/built-in.o
                0x00000000300199e4                hcreate_r
 .text.hdestroy_r
                0x0000000030019a94       0x78 lib/built-in.o
                0x0000000030019a94                hdestroy_r
 .text.hsearch_r
                0x0000000030019b0c      0x4dc lib/built-in.o
                0x0000000030019b0c                hsearch_r
 .text.hdelete_r
                0x0000000030019fe8       0xd8 lib/built-in.o
                0x0000000030019fe8                hdelete_r
 .text.hexport_r
                0x000000003001a0c0      0x310 lib/built-in.o
                0x000000003001a0c0                hexport_r
 .text.himport_r
                0x000000003001a3d0      0x34c lib/built-in.o
                0x000000003001a3d0                himport_r
 .text.hwalk_r  0x000000003001a71c       0x58 lib/built-in.o
                0x000000003001a71c                hwalk_r
 .text.print_size
                0x000000003001a774      0x130 lib/built-in.o
                0x000000003001a774                print_size
 .text.print_buffer
                0x000000003001a8a4      0x1b4 lib/built-in.o
                0x000000003001a8a4                print_buffer
 .text.crc32_no_comp
                0x000000003001aa58       0xd8 lib/built-in.o
                0x000000003001aa58                crc32_no_comp
 .text.crc32    0x000000003001ab30       0x14 lib/built-in.o
                0x000000003001ab30                crc32
 .text.crc32_wd
                0x000000003001ab44        0x4 lib/built-in.o
                0x000000003001ab44                crc32_wd
 .text.__div64_32
                0x000000003001ab48       0xd0 lib/built-in.o
                0x000000003001ab48                __div64_32
 .text.hang     0x000000003001ac18       0x1c lib/built-in.o
                0x000000003001ac18                hang
 .text.skip_spaces
                0x000000003001ac34       0x28 lib/built-in.o
                0x000000003001ac34                skip_spaces
 .text.strim    0x000000003001ac5c       0x60 lib/built-in.o
                0x000000003001ac5c                strim
 .text.strcpy   0x000000003001acbc       0x18 lib/built-in.o
                0x000000003001acbc                strcpy
 .text.strncpy  0x000000003001acd4       0x24 lib/built-in.o
                0x000000003001acd4                strncpy
 .text.strcat   0x000000003001acf8       0x30 lib/built-in.o
                0x000000003001acf8                strcat
 .text.strncat  0x000000003001ad28       0x54 lib/built-in.o
                0x000000003001ad28                strncat
 .text.strcmp   0x000000003001ad7c       0x28 lib/built-in.o
                0x000000003001ad7c                strcmp
 .text.strncmp  0x000000003001ada4       0x3c lib/built-in.o
                0x000000003001ada4                strncmp
 .text.strchr   0x000000003001ade0       0x2c lib/built-in.o
                0x000000003001ade0                strchr
 .text.strlen   0x000000003001ae0c       0x20 lib/built-in.o
                0x000000003001ae0c                strlen
 .text.strnlen  0x000000003001ae2c       0x2c lib/built-in.o
                0x000000003001ae2c                strnlen
 .text.strdup   0x000000003001ae58       0x40 lib/built-in.o
                0x000000003001ae58                strdup
 .text.strpbrk  0x000000003001ae98       0x3c lib/built-in.o
                0x000000003001ae98                strpbrk
 .text.memset   0x000000003001aed4       0x5c lib/built-in.o
                0x000000003001aed4                memset
 .text.memcpy   0x000000003001af30       0x6c lib/built-in.o
                0x000000003001af30                memcpy
 .text.memmove  0x000000003001af9c       0x48 lib/built-in.o
                0x000000003001af9c                memmove
 .text.memcmp   0x000000003001afe4       0x30 lib/built-in.o
                0x000000003001afe4                memcmp
 .text.strstr   0x000000003001b014       0x6c lib/built-in.o
                0x000000003001b014                strstr
 .text.udelay   0x000000003001b080       0x30 lib/built-in.o
                0x000000003001b080                udelay
 .text.mdelay   0x000000003001b0b0       0x24 lib/built-in.o
                0x000000003001b0b0                mdelay
 .text.put_dec_trunc
                0x000000003001b0d4       0xd4 lib/built-in.o
 .text.put_dec  0x000000003001b1a8      0x13c lib/built-in.o
 .text.string.isra.0
                0x000000003001b2e4       0x94 lib/built-in.o
 .text.number.isra.4
                0x000000003001b378      0x250 lib/built-in.o
 .text.vsnprintf_internal.isra.6
                0x000000003001b5c8      0x5fc lib/built-in.o
 .text.simple_strtoul
                0x000000003001bbc4       0xb8 lib/built-in.o
                0x000000003001bbc4                simple_strtoul
 .text.strict_strtoul
                0x000000003001bc7c       0x78 lib/built-in.o
                0x000000003001bc7c                strict_strtoul
 .text.simple_strtol
                0x000000003001bcf4       0x28 lib/built-in.o
                0x000000003001bcf4                simple_strtol
 .text.simple_strtoull
                0x000000003001bd1c       0xdc lib/built-in.o
                0x000000003001bd1c                simple_strtoull
 .text.vsprintf
                0x000000003001bdf8        0x4 lib/built-in.o
                0x000000003001bdf8                vsprintf
 .text.sprintf  0x000000003001bdfc       0x28 lib/built-in.o
                0x000000003001bdfc                sprintf
 .text.panic    0x000000003001be24       0x44 lib/built-in.o
                0x000000003001be24                panic
 .text.simple_itoa
                0x000000003001be68       0x54 lib/built-in.o
                0x000000003001be68                simple_itoa
 .text.ArpInit  0x000000003001bebc       0x50 net/built-in.o
                0x000000003001bebc                ArpInit
 .text.arp_raw_request
                0x000000003001bf0c       0xc0 net/built-in.o
                0x000000003001bf0c                arp_raw_request
 .text.ArpRequest
                0x000000003001bfcc       0x84 net/built-in.o
                0x000000003001bfcc                ArpRequest
 .text.ArpTimeoutCheck
                0x000000003001c050       0x80 net/built-in.o
                0x000000003001c050                ArpTimeoutCheck
 .text.ArpReceive
                0x000000003001c0d0      0x1fc net/built-in.o
                0x000000003001c0d0                ArpReceive
 .text.BootpHandler
                0x000000003001c2cc      0x360 net/built-in.o
 .text.BootpRequest
                0x000000003001c62c      0x1f8 net/built-in.o
                0x000000003001c62c                BootpRequest
 .text.BootpTimeout
                0x000000003001c824       0x44 net/built-in.o
 .text.__def_eth_init
                0x000000003001c868        0x8 net/built-in.o
                0x000000003001c868                cpu_eth_init
 .text.eth_current_changed
                0x000000003001c870       0x60 net/built-in.o
 .text.eth_parse_enetaddr
                0x000000003001c8d0       0x54 net/built-in.o
                0x000000003001c8d0                eth_parse_enetaddr
 .text.eth_getenv_enetaddr
                0x000000003001c924       0x5c net/built-in.o
                0x000000003001c924                eth_getenv_enetaddr
 .text.eth_setenv_enetaddr
                0x000000003001c980       0x34 net/built-in.o
                0x000000003001c980                eth_setenv_enetaddr
 .text.eth_getenv_enetaddr_by_index
                0x000000003001c9b4       0x50 net/built-in.o
                0x000000003001c9b4                eth_getenv_enetaddr_by_index
 .text.eth_get_dev_by_index
                0x000000003001ca04       0x40 net/built-in.o
                0x000000003001ca04                eth_get_dev_by_index
 .text.eth_get_dev_index
                0x000000003001ca44       0x1c net/built-in.o
                0x000000003001ca44                eth_get_dev_index
 .text.eth_write_hwaddr
                0x000000003001ca60      0x1d8 net/built-in.o
                0x000000003001ca60                eth_write_hwaddr
 .text.eth_register
                0x000000003001cc38       0x7c net/built-in.o
                0x000000003001cc38                eth_register
 .text.eth_initialize
                0x000000003001ccb4      0x1c8 net/built-in.o
                0x000000003001ccb4                eth_initialize
 .text.eth_halt
                0x000000003001ce7c       0x30 net/built-in.o
                0x000000003001ce7c                eth_halt
 .text.eth_send
                0x000000003001ceac       0x38 net/built-in.o
                0x000000003001ceac                eth_send
 .text.eth_rx   0x000000003001cee4       0x24 net/built-in.o
                0x000000003001cee4                eth_rx
 .text.eth_try_another
                0x000000003001cf08       0x84 net/built-in.o
                0x000000003001cf08                eth_try_another
 .text.eth_init
                0x000000003001cf8c       0xd0 net/built-in.o
                0x000000003001cf8c                eth_init
 .text.eth_set_current
                0x000000003001d05c       0xa4 net/built-in.o
                0x000000003001d05c                eth_set_current
 .text.eth_get_name
                0x000000003001d100       0x20 net/built-in.o
                0x000000003001d100                eth_get_name
 .text.startAgainTimeout
                0x000000003001d120       0x14 net/built-in.o
 .text.dummy_handler
                0x000000003001d134        0x4 net/built-in.o
 .text.net_clear_handlers
                0x000000003001d138       0x34 net/built-in.o
 .text.net_auto_load
                0x000000003001d16c       0x64 net/built-in.o
                0x000000003001d16c                net_auto_load
 .text.NetStartAgain
                0x000000003001d1d0      0x150 net/built-in.o
                0x000000003001d1d0                NetStartAgain
 .text.net_set_udp_handler
                0x000000003001d320       0x20 net/built-in.o
                0x000000003001d320                net_set_udp_handler
 .text.net_get_arp_handler
                0x000000003001d340       0x10 net/built-in.o
                0x000000003001d340                net_get_arp_handler
 .text.NetSetTimeout
                0x000000003001d350       0x5c net/built-in.o
                0x000000003001d350                NetSetTimeout
 .text.NetCksum
                0x000000003001d3ac       0x30 net/built-in.o
                0x000000003001d3ac                NetCksum
 .text.NetCksumOk
                0x000000003001d3dc       0x20 net/built-in.o
                0x000000003001d3dc                NetCksumOk
 .text.NetReceive
                0x000000003001d3fc      0x258 net/built-in.o
                0x000000003001d3fc                NetReceive
 .text.NetEthHdrSize
                0x000000003001d654       0x38 net/built-in.o
                0x000000003001d654                NetEthHdrSize
 .text.NetSetEther
                0x000000003001d68c       0x94 net/built-in.o
                0x000000003001d68c                NetSetEther
 .text.net_update_ether
                0x000000003001d720       0x78 net/built-in.o
                0x000000003001d720                net_update_ether
 .text.net_set_ip_header
                0x000000003001d798       0x88 net/built-in.o
                0x000000003001d798                net_set_ip_header
 .text.net_set_udp_header
                0x000000003001d820       0x88 net/built-in.o
                0x000000003001d820                net_set_udp_header
 .text.NetSendUDPPacket
                0x000000003001d8a8      0x10c net/built-in.o
                0x000000003001d8a8                NetSendUDPPacket
 .text.copy_filename
                0x000000003001d9b4       0x44 net/built-in.o
                0x000000003001d9b4                copy_filename
 .text.on_bootfile
                0x000000003001d9f8       0x2c net/built-in.o
 .text.ip_to_string
                0x000000003001da24       0x38 net/built-in.o
                0x000000003001da24                ip_to_string
 .text.string_to_VLAN
                0x000000003001da5c       0x44 net/built-in.o
                0x000000003001da5c                string_to_VLAN
 .text.getenv_VLAN
                0x000000003001daa0       0x10 net/built-in.o
                0x000000003001daa0                getenv_VLAN
 .text.NetInitLoop
                0x000000003001dab0       0xf0 net/built-in.o
 .text.net_init
                0x000000003001dba0       0x70 net/built-in.o
                0x000000003001dba0                net_init
 .text.NetLoop  0x000000003001dc10      0x304 net/built-in.o
                0x000000003001dc10                NetLoop
 .text.rpc_lookup_reply
                0x000000003001df14       0xb0 net/built-in.o
 .text.nfs_mount_reply
                0x000000003001dfc4       0xa8 net/built-in.o
 .text.nfs_umountall_reply
                0x000000003001e06c       0x98 net/built-in.o
 .text.nfs_lookup_reply
                0x000000003001e104       0x98 net/built-in.o
 .text.nfs_readlink_reply
                0x000000003001e19c       0xf8 net/built-in.o
 .text.basename
                0x000000003001e294       0x3c net/built-in.o
 .text.rpc_add_credentials
                0x000000003001e2d0       0xb4 net/built-in.o
 .text.rpc_req  0x000000003001e384       0xf8 net/built-in.o
 .text.nfs_mount_req
                0x000000003001e47c       0x94 net/built-in.o
 .text.nfs_umountall_req
                0x000000003001e510       0x60 net/built-in.o
 .text.nfs_lookup_req
                0x000000003001e570       0xa8 net/built-in.o
 .text.nfs_read_req
                0x000000003001e618       0x78 net/built-in.o
 .text.nfs_readlink_req
                0x000000003001e690       0x58 net/built-in.o
 .text.nfs_read_reply.isra.0
                0x000000003001e6e8      0x138 net/built-in.o
 .text.NfsSend  0x000000003001e820      0x114 net/built-in.o
 .text.NfsHandler
                0x000000003001e934      0x224 net/built-in.o
 .text.NfsTimeout
                0x000000003001eb58       0x64 net/built-in.o
 .text.NfsStart
                0x000000003001ebbc      0x254 net/built-in.o
                0x000000003001ebbc                NfsStart
 .text.TftpSend
                0x000000003001ee10      0x1c8 net/built-in.o
 .text.TftpHandler
                0x000000003001efd8      0x378 net/built-in.o
 .text.TftpTimeout
                0x000000003001f350       0x88 net/built-in.o
 .text.TftpStart
                0x000000003001f3d8      0x33c net/built-in.o
                0x000000003001f3d8                TftpStart
 .text.raise    0x000000003001f714       0x1c arch/arm/lib/eabi_compat.o
                0x000000003001f714                raise
 .text          0x000000003001f730       0xc8 /usr/local/arm-cortex_a8-linux-gnueabi/lib/gcc/arm-cortex_a8-linux-gnueabi/4.9.4/libgcc.a(_udivsi3.o)
                0x000000003001f730                __udivsi3
                0x000000003001f730                __aeabi_uidiv
                0x000000003001f7d8                __aeabi_uidivmod
 .text          0x000000003001f7f8       0xfc /usr/local/arm-cortex_a8-linux-gnueabi/lib/gcc/arm-cortex_a8-linux-gnueabi/4.9.4/libgcc.a(_divsi3.o)
                0x000000003001f7f8                __aeabi_idiv
                0x000000003001f7f8                __divsi3
                0x000000003001f8d4                __aeabi_idivmod
 .text          0x000000003001f8f4       0x1c /usr/local/arm-cortex_a8-linux-gnueabi/lib/gcc/arm-cortex_a8-linux-gnueabi/4.9.4/libgcc.a(_lshrdi3.o)
                0x000000003001f8f4                __aeabi_llsr
                0x000000003001f8f4                __lshrdi3
 .text          0x000000003001f910       0x1c /usr/local/arm-cortex_a8-linux-gnueabi/lib/gcc/arm-cortex_a8-linux-gnueabi/4.9.4/libgcc.a(_ashrdi3.o)
                0x000000003001f910                __ashrdi3
                0x000000003001f910                __aeabi_lasr
 .text          0x000000003001f92c       0x1c /usr/local/arm-cortex_a8-linux-gnueabi/lib/gcc/arm-cortex_a8-linux-gnueabi/4.9.4/libgcc.a(_ashldi3.o)
                0x000000003001f92c                __ashldi3
                0x000000003001f92c                __aeabi_llsl
 .text          0x000000003001f948       0x10 /usr/local/arm-cortex_a8-linux-gnueabi/lib/gcc/arm-cortex_a8-linux-gnueabi/4.9.4/libgcc.a(_dvmd_lnx.o)
                0x000000003001f948                __aeabi_ldiv0
                0x000000003001f948                __aeabi_idiv0

.glue_7         0x000000003001f958        0x0
 .glue_7        0x000000003001f958        0x0 linker stubs

.glue_7t        0x000000003001f958        0x0
 .glue_7t       0x000000003001f958        0x0 linker stubs

.vfp11_veneer   0x000000003001f958        0x0
 .vfp11_veneer  0x000000003001f958        0x0 linker stubs

.v4_bx          0x000000003001f958        0x0
 .v4_bx         0x000000003001f958        0x0 linker stubs

.iplt           0x000000003001f958        0x0
 .iplt          0x000000003001f958        0x0 arch/arm/cpu/armv7/start.o
                0x000000003001f958                . = ALIGN (0x4)

.rodata         0x000000003001f958     0x805d
 *(SORT(.rodata*))
 .rodata        0x000000003001f958       0x80 arch/arm/lib/built-in.o
 .rodata.CSWTCH.28
                0x000000003001f9d8       0x20 common/built-in.o
 .rodata.boot_os
                0x000000003001f9f8       0x60 common/built-in.o
 .rodata.chip_ids
                0x000000003001fa58       0x68 drivers/net/built-in.o
 .rodata.crc_table
                0x000000003001fac0      0x400 lib/built-in.o
 .rodata.env_flags_varaccess_mask
                0x000000003001fec0       0x10 common/built-in.o
 .rodata.op_adv
                0x000000003001fed0      0x100 common/built-in.o
                0x000000003001fed0                op_adv
 .rodata.op_table
                0x000000003001ffd0       0x68 common/built-in.o
 .rodata.udivslot
                0x0000000030020038       0x40 drivers/serial/built-in.o
 .rodata.uimage_arch
                0x0000000030020078      0x120 common/built-in.o
 .rodata.uimage_comp
                0x0000000030020198       0x48 common/built-in.o
 .rodata.uimage_os
                0x00000000300201e0       0x78 common/built-in.o
 .rodata.uimage_type
                0x0000000030020258       0xd8 common/built-in.o
 .rodata.CSWTCH.47
                0x0000000030020330       0x10 drivers/mtd/onenand/built-in.o
 .rodata.crc16_tab
                0x0000000030020340      0x200 lib/built-in.o
 .rodata.dbase.6643
                0x0000000030020540       0x40 lib/built-in.o
 .rodata.dext.6644
                0x0000000030020580       0x40 lib/built-in.o
 .rodata.distfix
                0x00000000300205c0       0x80 lib/built-in.o
 .rodata.ffchars
                0x0000000030020640       0x80 drivers/mtd/onenand/built-in.o
 .rodata.lbase.6641
                0x00000000300206c0       0x3e lib/built-in.o
 .rodata.lenfix
                0x00000000300206fe      0x800 lib/built-in.o
 .rodata.lext.6642
                0x0000000030020efe       0x3e lib/built-in.o
 .rodata.order.6737
                0x0000000030020f3c       0x26 lib/built-in.o
 .rodata        0x0000000030020f62        0x3 common/built-in.o
 .rodata        0x0000000030020f65        0xe net/built-in.o
 .rodata.CSWTCH.23
                0x0000000030020f73       0x16 common/built-in.o
 .rodata.__func__.6473
                0x0000000030020f89       0x10 common/built-in.o
 .rodata.__func__.6484
                0x0000000030020f99        0xb common/built-in.o
 .rodata.__func__.6653
                0x0000000030020fa4        0xe common/built-in.o
 .rodata.__func__.6687
                0x0000000030020fb2        0xe common/built-in.o
 .rodata.__func__.6965
                0x0000000030020fc0        0x8 common/built-in.o
 .rodata.__func__.7002
                0x0000000030020fc8       0x11 drivers/mtd/onenand/built-in.o
 .rodata._ctype
                0x0000000030020fd9      0x100 lib/built-in.o
                0x0000000030020fd9                _ctype
 .rodata.default_environment
                0x00000000300210d9      0x79f common/built-in.o
                0x00000000300210d9                default_environment
 .rodata.delims.6352
                0x0000000030021878        0x3 common/built-in.o
 .rodata.digits.6356
                0x000000003002187b       0x10 lib/built-in.o
 .rodata.env_flags_varaccess_rep
                0x000000003002188b        0x5 common/built-in.o
 .rodata.env_flags_vartype_rep
                0x0000000030021890        0x7 common/built-in.o
 .rodata.erase_seq
                0x0000000030021897        0x4 common/built-in.o
 .rodata.hex_asc
                0x000000003002189b       0x11 lib/built-in.o
 .rodata.names.6256
                0x00000000300218ac        0x6 lib/built-in.o
 .rodata.str1.1
                0x00000000300218b2       0x7a arch/arm/cpu/armv7/built-in.o
 .rodata.str1.1
                0x000000003002192c       0x16 arch/arm/cpu/armv7/s5pc1xx/built-in.o
 .rodata.str1.1
                0x0000000030021942      0x329 arch/arm/lib/built-in.o
                                        0x347 (size before relaxing)
 .rodata.str1.1
                0x0000000030021c6b      0x236 board/samsung/smdkv210/built-in.o
                                        0x23c (size before relaxing)
 .rodata.str1.1
                0x0000000030021ea1     0x3eb4 common/built-in.o
                                       0x42aa (size before relaxing)
 .rodata.str1.1
                0x0000000030025d55      0x11b disk/built-in.o
                                        0x124 (size before relaxing)
 .rodata.str1.1
                0x0000000030025e70      0x1ee drivers/mtd/built-in.o
 .rodata.str1.1
                0x000000003002605e      0x92e drivers/mtd/onenand/built-in.o
                                        0x94d (size before relaxing)
 .rodata.str1.1
                0x000000003002698c      0x214 drivers/net/built-in.o
                                        0x215 (size before relaxing)
 .rodata.str1.1
                0x0000000030026ba0       0x57 drivers/serial/built-in.o
                                         0x92 (size before relaxing)
 .rodata.str1.1
                0x0000000030026bf7      0x267 fs/built-in.o
                                        0x2a7 (size before relaxing)
 .rodata.str1.1
                0x0000000030026e5e      0x456 lib/built-in.o
                                        0x470 (size before relaxing)
 .rodata.str1.1
                0x00000000300272b4      0x6a8 net/built-in.o
                                        0x834 (size before relaxing)
 .rodata.str1.1
                0x000000003002795c       0x1b arch/arm/lib/eabi_compat.o
 .rodata.tab_seq
                0x0000000030027977        0x9 common/built-in.o
 .rodata.version_string
                0x0000000030027980       0x35 common/built-in.o
                0x0000000030027980                version_string

.hash           0x00000000300279b8       0x18
 .hash          0x00000000300279b8       0x18 arch/arm/cpu/armv7/start.o
                0x00000000300279d0                . = ALIGN (0x4)

.data           0x00000000300279d0     0x33ce
 *(.data*)
 .data.rel.ro   0x00000000300279d0        0x0 arch/arm/cpu/armv7/start.o
 .data.s5p_cpu_id
                0x00000000300279d0        0x4 arch/arm/cpu/armv7/built-in.o
                0x00000000300279d0                s5p_cpu_id
 .data.s5p_cpu_rev
                0x00000000300279d4        0x4 arch/arm/cpu/armv7/built-in.o
                0x00000000300279d4                s5p_cpu_rev
 .data.init_sequence
                0x00000000300279d8       0x30 arch/arm/lib/built-in.o
                0x00000000300279d8                init_sequence
 .data.hist_cur
                0x0000000030027a08        0x4 common/built-in.o
 .data.reserved_list
                0x0000000030027a0c       0x84 common/built-in.o
 .data.bootm_help_text
                0x0000000030027a90      0x245 common/built-in.o
 *fill*         0x0000000030027cd5        0x3 
 .data.cmd_bootm_sub
                0x0000000030027cd8       0xc0 common/built-in.o
 .data.first_call
                0x0000000030027d98        0x8 common/built-in.o
 .data.env_name_spec
                0x0000000030027da0        0x4 common/built-in.o
                0x0000000030027da0                env_name_spec
 .data.source_help_text
                0x0000000030027da4       0x4e common/built-in.o
 *fill*         0x0000000030027df2        0x2 
 .data.do_echo  0x0000000030027df4        0x4 common/built-in.o
 .data.dp_last_length
                0x0000000030027df8        0x4 common/built-in.o
 .data.mtdparts_help_text
                0x0000000030027dfc      0x4d3 common/built-in.o
 *fill*         0x00000000300282cf        0x1 
 .data.cmd_onenand_sub
                0x00000000300282d0       0xd8 common/built-in.o
 .data.imgextract_help_text
                0x00000000300283a8       0x55 common/built-in.o