Archive member included to satisfy reference by file (symbol)

/usr/local/arm-cortex_a8-linux-gnueabi/lib/gcc/arm-cortex_a8-linux-gnueabi/4.9.4/libgcc.a(_udivsi3.o)
                              arch/arm/cpu/armv7/built-in.o (__aeabi_uidiv)
/usr/local/arm-cortex_a8-linux-gnueabi/lib/gcc/arm-cortex_a8-linux-gnueabi/4.9.4/libgcc.a(_divsi3.o)
                              common/built-in.o (__aeabi_idiv)
/usr/local/arm-cortex_a8-linux-gnueabi/lib/gcc/arm-cortex_a8-linux-gnueabi/4.9.4/libgcc.a(_lshrdi3.o)
                              common/built-in.o (__aeabi_llsr)
/usr/local/arm-cortex_a8-linux-gnueabi/lib/gcc/arm-cortex_a8-linux-gnueabi/4.9.4/libgcc.a(_ashrdi3.o)
                              common/built-in.o (__aeabi_lasr)
/usr/local/arm-cortex_a8-linux-gnueabi/lib/gcc/arm-cortex_a8-linux-gnueabi/4.9.4/libgcc.a(_ashldi3.o)
                              drivers/mtd/onenand/built-in.o (__aeabi_llsl)
/usr/local/arm-cortex_a8-linux-gnueabi/lib/gcc/arm-cortex_a8-linux-gnueabi/4.9.4/libgcc.a(_dvmd_lnx.o)
                              /usr/local/arm-cortex_a8-linux-gnueabi/lib/gcc/arm-cortex_a8-linux-gnueabi/4.9.4/libgcc.a(_udivsi3.o) (__aeabi_idiv0)

Discarded input sections

 .data          0x0000000000000000        0x0 arch/arm/cpu/armv7/start.o
 .bss           0x0000000000000000        0x0 arch/arm/cpu/armv7/start.o
 .text          0x0000000000000000        0x0 arch/arm/cpu/armv7/built-in.o
 .text.__v7_outer_cache_enable
                0x0000000000000000        0x4 arch/arm/cpu/armv7/built-in.o
 .text.__v7_outer_cache_disable
                0x0000000000000000        0x4 arch/arm/cpu/armv7/built-in.o
 .text.mmu_page_table_flush
                0x0000000000000000       0x24 arch/arm/cpu/armv7/built-in.o
 .text.__v7_outer_cache_inval_range
                0x0000000000000000        0x4 arch/arm/cpu/armv7/built-in.o
 .text.invalidate_dcache_range
                0x0000000000000000       0xac arch/arm/cpu/armv7/built-in.o
 .text.sdelay   0x0000000000000000        0xc arch/arm/cpu/armv7/built-in.o
 .text.sr32     0x0000000000000000       0x20 arch/arm/cpu/armv7/built-in.o
 .text.wait_on_value
                0x0000000000000000       0x34 arch/arm/cpu/armv7/built-in.o
 .text.get_device_type
                0x0000000000000000       0x10 arch/arm/cpu/armv7/built-in.o
 .text.timer_get_us
                0x0000000000000000       0x54 arch/arm/cpu/armv7/built-in.o
 .text.pwm_disable
                0x0000000000000000       0x50 arch/arm/cpu/armv7/built-in.o
 .rodata.__func__.6348
                0x0000000000000000       0x16 arch/arm/cpu/armv7/built-in.o
 .data          0x0000000000000000        0x0 arch/arm/cpu/armv7/built-in.o
 .bss           0x0000000000000000        0x0 arch/arm/cpu/armv7/built-in.o
 .bss.base_time_us.6317
                0x0000000000000000        0x4 arch/arm/cpu/armv7/built-in.o
 .text.set_mmc_clk
                0x0000000000000000        0x4 arch/arm/cpu/armv7/s5pc1xx/built-in.o
 .data          0x0000000000000000        0x0 arch/arm/cpu/armv7/s5pc1xx/built-in.o
 .bss           0x0000000000000000        0x0 arch/arm/cpu/armv7/s5pc1xx/built-in.o
 .text.__arch_cpu_init
                0x0000000000000000        0x8 arch/arm/lib/built-in.o
 .text.__red_led_off
                0x0000000000000000        0x4 arch/arm/lib/built-in.o
 .text.__green_led_on
                0x0000000000000000        0x4 arch/arm/lib/built-in.o
 .text.__green_led_off
                0x0000000000000000        0x4 arch/arm/lib/built-in.o
 .text.__yellow_led_on
                0x0000000000000000        0x4 arch/arm/lib/built-in.o
 .text.__yellow_led_off
                0x0000000000000000        0x4 arch/arm/lib/built-in.o
 .text.__blue_led_on
                0x0000000000000000        0x4 arch/arm/lib/built-in.o
 .text.__blue_led_off
                0x0000000000000000        0x4 arch/arm/lib/built-in.o
 .text.__dram_init_banksize
                0x0000000000000000       0x1c arch/arm/lib/built-in.o
 .text.__flush_cache
                0x0000000000000000        0x4 arch/arm/lib/built-in.o
 .text.__flush_dcache_all
                0x0000000000000000        0xc arch/arm/lib/built-in.o
 .text.__arm_init_before_mmu
                0x0000000000000000        0x4 arch/arm/lib/built-in.o
 .text.__mmu_page_table_flush
                0x0000000000000000        0x4 arch/arm/lib/built-in.o
 .text.mmu_set_region_dcache_behaviour
                0x0000000000000000       0x50 arch/arm/lib/built-in.o
 .data          0x0000000000000000        0x0 arch/arm/lib/built-in.o
 .__end         0x0000000000000000        0x0 arch/arm/lib/built-in.o
 .bss           0x0000000000000000        0x0 arch/arm/lib/built-in.o
 .text.delay.constprop.0
                0x0000000000000000       0x50 board/samsung/smdkv210/built-in.o
 .text.ledm_on  0x0000000000000000       0x38 board/samsung/smdkv210/built-in.o
 .text.ledm_off
                0x0000000000000000       0x38 board/samsung/smdkv210/built-in.o
 .text.ledm_inv
[...]
Memory Configuration

Name             Origin             Length             Attributes
*default*        0x0000000000000000 0xffffffffffffffff

Linker script and memory map

Address of section .text set to 0x20000000
                0x0000000000000000                . = 0x0
                0x0000000000000000                . = ALIGN (0x4)

.text           0x0000000020000000    0x1f420
 *(.__image_copy_start)
 .__image_copy_start
                0x0000000020000000        0x0 arch/arm/lib/built-in.o
                0x0000000020000000                __image_copy_start
 arch/arm/cpu/armv7/start.o(.text*)
 .text          0x0000000020000000      0x36c arch/arm/cpu/armv7/start.o
                0x0000000020000000                _start
                0x0000000020000020                _undefined_instruction
                0x0000000020000024                _software_interrupt
                0x0000000020000028                _prefetch_abort
                0x000000002000002c                _data_abort
                0x0000000020000030                _not_used
                0x0000000020000034                _irq
                0x0000000020000038                _fiq
                0x0000000020000040                _end_vect
                0x0000000020000040                IRQ_STACK_START_IN
                0x0000000020000084                c_runtime_cpu_setup
                0x000000002000009c                save_boot_params
                0x00000000200000a0                cpu_init_cp15
                0x00000000200000d8                cpu_init_crit
 *(.text*)
 .text.v7_maint_dcache_all
                0x000000002000036c       0xd0 arch/arm/cpu/armv7/built-in.o
 .text.invalidate_icache_all
                0x000000002000043c       0x18 arch/arm/cpu/armv7/built-in.o
                0x000000002000043c                invalidate_icache_all
 .text.__v7_outer_cache_flush_all
                0x0000000020000454        0x4 arch/arm/cpu/armv7/built-in.o
                0x0000000020000454                __v7_outer_cache_flush_all
                0x0000000020000454                v7_outer_cache_flush_all
 .text.flush_dcache_all
                0x0000000020000458       0x14 arch/arm/cpu/armv7/built-in.o
                0x0000000020000458                flush_dcache_all
 .text.__v7_outer_cache_inval_all
                0x000000002000046c        0x4 arch/arm/cpu/armv7/built-in.o
                0x000000002000046c                v7_outer_cache_inval_all
                0x000000002000046c                __v7_outer_cache_inval_all
 .text.invalidate_dcache_all
                0x0000000020000470       0x14 arch/arm/cpu/armv7/built-in.o
                0x0000000020000470                invalidate_dcache_all
 .text.arm_init_before_mmu
                0x0000000020000484       0x28 arch/arm/cpu/armv7/built-in.o
                0x0000000020000484                arm_init_before_mmu
 .text.__v7_outer_cache_flush_range
                0x00000000200004ac        0x4 arch/arm/cpu/armv7/built-in.o
                0x00000000200004ac                v7_outer_cache_flush_range
                0x00000000200004ac                __v7_outer_cache_flush_range
 .text.flush_dcache_range
                0x00000000200004b0       0x3c arch/arm/cpu/armv7/built-in.o
                0x00000000200004b0                flush_dcache_range
 .text.flush_cache
                0x00000000200004ec        0x8 arch/arm/cpu/armv7/built-in.o
                0x00000000200004ec                flush_cache
 .text.cpu_cache_initialization
                0x00000000200004f4        0x4 arch/arm/cpu/armv7/built-in.o
                0x00000000200004f4                cpu_cache_initialization
 .text.cleanup_before_linux
                0x00000000200004f8       0x28 arch/arm/cpu/armv7/built-in.o
                0x00000000200004f8                cleanup_before_linux
 .text.arch_cpu_init
                0x0000000020000520       0x34 arch/arm/cpu/armv7/built-in.o
                0x0000000020000520                arch_cpu_init
 .text.print_cpuinfo
                0x0000000020000554       0x4c arch/arm/cpu/armv7/built-in.o
                0x0000000020000554                print_cpuinfo
 .text.timer_get_us_down
                0x00000000200005a0       0x38 arch/arm/cpu/armv7/built-in.o
 .text.get_timer
                0x00000000200005d8       0x70 arch/arm/cpu/armv7/built-in.o
                0x00000000200005d8                get_timer
 .text.__udelay
                0x0000000020000648       0x24 arch/arm/cpu/armv7/built-in.o
                0x0000000020000648                __udelay
 .text.reset_timer_masked
                0x000000002000066c       0x44 arch/arm/cpu/armv7/built-in.o
                0x000000002000066c                reset_timer_masked
 .text.timer_init
                0x00000000200006b0       0x54 arch/arm/cpu/armv7/built-in.o
                0x00000000200006b0                timer_init
 .text.get_ticks
                0x0000000020000704       0x14 arch/arm/cpu/armv7/built-in.o
                0x0000000020000704                get_ticks
 .text.get_tbclk
                0x0000000020000718        0x8 arch/arm/cpu/armv7/built-in.o
                0x0000000020000718                get_tbclk
 .text.s5p_config_sromc
                0x0000000020000720       0x4c arch/arm/cpu/armv7/built-in.o
                0x0000000020000720                s5p_config_sromc
 .text.pwm_enable
                0x000000002000076c       0x54 arch/arm/cpu/armv7/built-in.o
                0x000000002000076c                pwm_enable
 .text.pwm_config
                0x00000000200007c0      0x168 arch/arm/cpu/armv7/built-in.o
                0x00000000200007c0                pwm_config
 .text.pwm_init
                0x0000000020000928      0x110 arch/arm/cpu/armv7/built-in.o
                0x0000000020000928                pwm_init
 *fill*         0x0000000020000a38        0x8 
 .text          0x0000000020000a40       0x64 arch/arm/cpu/armv7/s5pc1xx/built-in.o
                0x0000000020000a40                v7_outer_cache_enable
                0x0000000020000a54                v7_outer_cache_disable
                0x0000000020000a68                reset_cpu
 .text.get_pll_clk
                0x0000000020000aa4      0x148 arch/arm/cpu/armv7/s5pc1xx/built-in.o
                0x0000000020000aa4                get_pll_clk
 .text.get_pclkd1
                0x0000000020000bec       0x4c arch/arm/cpu/armv7/s5pc1xx/built-in.o
 .text.get_pclk_sys.constprop.1
                0x0000000020000c38       0x64 arch/arm/cpu/armv7/s5pc1xx/built-in.o
 .text.get_arm_clk
                0x0000000020000c9c       0x6c arch/arm/cpu/armv7/s5pc1xx/built-in.o
                0x0000000020000c9c                get_arm_clk
 .text.get_pwm_clk
                0x0000000020000d08       0x20 arch/arm/cpu/armv7/s5pc1xx/built-in.o
                0x0000000020000d08                get_pwm_clk
 .text.get_uart_clk
                0x0000000020000d28       0x20 arch/arm/cpu/armv7/s5pc1xx/built-in.o
                0x0000000020000d28                get_uart_clk
 .text          0x0000000020000d48       0xe4 arch/arm/lib/built-in.o
                0x0000000020000d48                _main
                0x0000000020000dc8                relocate_code
 .text.display_banner
                0x0000000020000e2c       0x20 arch/arm/lib/built-in.o
 .text.init_baudrate
                0x0000000020000e4c       0x2c arch/arm/lib/built-in.o
 .text.mark_bootstage
                0x0000000020000e78       0x14 arch/arm/lib/built-in.o
 .text.__coloured_LED_init
                0x0000000020000e8c        0x4 arch/arm/lib/built-in.o
                0x0000000020000e8c                coloured_LED_init
                0x0000000020000e8c                __coloured_LED_init
 .text.__red_led_on
                0x0000000020000e90        0x4 arch/arm/lib/built-in.o
                0x0000000020000e90                __red_led_on
                0x0000000020000e90                red_led_on
 .text.__power_init_board
                0x0000000020000e94        0x8 arch/arm/lib/built-in.o
                0x0000000020000e94                __power_init_board
                0x0000000020000e94                power_init_board
 .text.board_init_f
                0x0000000020000e9c      0x114 arch/arm/lib/built-in.o
                0x0000000020000e9c                board_init_f
 .text.board_init_r
                0x0000000020000fb0       0xb0 arch/arm/lib/built-in.o
                0x0000000020000fb0                board_init_r
 .text.boot_jump_linux.isra.5
                0x0000000020001060       0xa4 arch/arm/lib/built-in.o
 .text.arch_lmb_reserve
                0x0000000020001104       0x24 arch/arm/lib/built-in.o
                0x0000000020001104                arch_lmb_reserve
 .text.setup_board_tags
                0x0000000020001128        0x4 arch/arm/lib/built-in.o
                0x0000000020001128                setup_board_tags
 .text.boot_prep_linux
                0x000000002000112c      0x150 arch/arm/lib/built-in.o
 .text.do_bootm_linux
                0x000000002000127c       0x64 arch/arm/lib/built-in.o
                0x000000002000127c                do_bootm_linux
 .text.boot_prep_vxworks
                0x00000000200012e0        0x4 arch/arm/lib/built-in.o
                0x00000000200012e0                boot_prep_vxworks
 .text.boot_jump_vxworks
                0x00000000200012e4        0xc arch/arm/lib/built-in.o
                0x00000000200012e4                boot_jump_vxworks
 .text.interrupt_init
                0x00000000200012f0       0x1c arch/arm/lib/built-in.o
                0x00000000200012f0                interrupt_init
 .text.enable_interrupts
                0x000000002000130c        0x4 arch/arm/lib/built-in.o
                0x000000002000130c                enable_interrupts
 .text.disable_interrupts
                0x0000000020001310        0x8 arch/arm/lib/built-in.o
                0x0000000020001310                disable_interrupts
 .text.bad_mode
                0x0000000020001318       0x10 arch/arm/lib/built-in.o
                0x0000000020001318                bad_mode
 .text.show_regs
                0x0000000020001328      0x13c arch/arm/lib/built-in.o
                0x0000000020001328                show_regs
 .text.do_undefined_instruction
                0x0000000020001464       0x20 arch/arm/lib/built-in.o
                0x0000000020001464                do_undefined_instruction
 .text.do_software_interrupt
                0x0000000020001484       0x20 arch/arm/lib/built-in.o
                0x0000000020001484                do_software_interrupt
 .text.do_prefetch_abort
                0x00000000200014a4       0x20 arch/arm/lib/built-in.o
                0x00000000200014a4                do_prefetch_abort
 .text.do_data_abort
                0x00000000200014c4       0x20 arch/arm/lib/built-in.o
                0x00000000200014c4                do_data_abort
 .text.do_not_used
                0x00000000200014e4       0x20 arch/arm/lib/built-in.o
                0x00000000200014e4                do_not_used
 .text.do_fiq   0x0000000020001504       0x20 arch/arm/lib/built-in.o
                0x0000000020001504                do_fiq
 .text.do_irq   0x0000000020001524       0x20 arch/arm/lib/built-in.o
                0x0000000020001524                do_irq
 .text.do_reset
                0x0000000020001544       0x2c arch/arm/lib/built-in.o
                0x0000000020001544                do_reset
 .text.__enable_caches
                0x0000000020001570        0xc arch/arm/lib/built-in.o
                0x0000000020001570                enable_caches
                0x0000000020001570                __enable_caches
 .text.cp_delay
                0x000000002000157c       0x30 arch/arm/lib/built-in.o
 .text.arm_init_domains
                0x00000000200015ac        0x4 arch/arm/lib/built-in.o
                0x00000000200015ac                arm_init_domains
 .text.set_section_dcache
                0x00000000200015b0       0x14 arch/arm/lib/built-in.o
                0x00000000200015b0                set_section_dcache
 .text.dram_bank_mmu_setup
                0x00000000200015c4       0x40 arch/arm/lib/built-in.o
                0x00000000200015c4                dram_bank_mmu_setup
 .text.icache_enable
                0x0000000020001604       0x18 arch/arm/lib/built-in.o
                0x0000000020001604                icache_enable
 .text.icache_disable
                0x000000002000161c       0x1c arch/arm/lib/built-in.o
                0x000000002000161c                icache_disable
 .text.icache_status
                0x0000000020001638        0xc arch/arm/lib/built-in.o
                0x0000000020001638                icache_status
 .text.dcache_enable
                0x0000000020001644       0x6c arch/arm/lib/built-in.o
                0x0000000020001644                dcache_enable
 .text.dcache_disable
                0x00000000200016b0       0x28 arch/arm/lib/built-in.o
                0x00000000200016b0                dcache_disable
 .text.dcache_status
                0x00000000200016d8        0xc arch/arm/lib/built-in.o
                0x00000000200016d8                dcache_status
 .text          0x00000000200016e4      0x170 board/samsung/smdkv210/built-in.o
                0x00000000200016e4                lowlevel_init
 .text.board_init
                0x0000000020001854       0x80 board/samsung/smdkv210/built-in.o
                0x0000000020001854                board_init
 .text.dram_init
                0x00000000200018d4       0x20 board/samsung/smdkv210/built-in.o
                0x00000000200018d4                dram_init
 .text.dram_init_banksize
                0x00000000200018f4       0x1c board/samsung/smdkv210/built-in.o
                0x00000000200018f4                dram_init_banksize
 .text.checkboard
                0x0000000020001910       0x18 board/samsung/smdkv210/built-in.o
                0x0000000020001910                checkboard
 .text.board_eth_init
                0x0000000020001928       0x10 board/samsung/smdkv210/built-in.o
                0x0000000020001928                board_eth_init
 .text.onenand_board_init
                0x0000000020001938       0xa0 board/samsung/smdkv210/built-in.o
                0x0000000020001938                onenand_board_init
 .text.delete_char.part.0
                0x00000000200019d8       0xd0 common/built-in.o
 .text.cread_add_char
                0x0000000020001aa8       0xe8 common/built-in.o
 .text.__show_boot_progress
                0x0000000020001b90        0x4 common/built-in.o
                0x0000000020001b90                __show_boot_progress
                0x0000000020001b90                show_boot_progress
 .text.readline_into_buffer
                0x0000000020001b94      0x908 common/built-in.o
                0x0000000020001b94                readline_into_buffer
 .text.readline
                0x000000002000249c       0x14 common/built-in.o
                0x000000002000249c                readline
 .text.run_command
                0x00000000200024b0        0x8 common/built-in.o
                0x00000000200024b0                run_command
 .text.run_command_list
                0x00000000200024b8       0x5c common/built-in.o
                0x00000000200024b8                run_command_list
 .text.main_loop
                0x0000000020002514      0x130 common/built-in.o
                0x0000000020002514                main_loop
 .text.do_run   0x0000000020002644       0x74 common/built-in.o
                0x0000000020002644                do_run
 .text.find_cmd_tbl
                0x00000000200026b8       0xa4 common/built-in.o
                0x00000000200026b8                find_cmd_tbl
 .text.find_cmd
                0x000000002000275c       0x28 common/built-in.o
                0x000000002000275c                find_cmd
 .text.cmd_usage
                0x0000000020002784       0x5c common/built-in.o
                0x0000000020002784                cmd_usage
 .text._do_help
                0x00000000200027e0      0x180 common/built-in.o
                0x00000000200027e0                _do_help
 .text.cmd_get_data_size
                0x0000000020002960       0x5c common/built-in.o
                0x0000000020002960                cmd_get_data_size
 .text.cmd_process
                0x00000000200029bc       0xf4 common/built-in.o
                0x00000000200029bc                cmd_process
 .text.dummy    0x0000000020002ab0        0x4 common/built-in.o
 .text.get_version
                0x0000000020002ab4        0x8 common/built-in.o
                0x0000000020002ab4                get_version
 .text.jumptable_init
                0x0000000020002abc      0x190 common/built-in.o
                0x0000000020002abc                jumptable_init
 .text.hash_command
                0x0000000020002c4c       0xa0 common/built-in.o
                0x0000000020002c4c                hash_command
 .text.b_reset  0x0000000020002cec       0x1c common/built-in.o
 .text.static_get
                0x0000000020002d08       0x1c common/built-in.o
 .text.static_peek
                0x0000000020002d24        0xc common/built-in.o
 .text.file_peek
                0x0000000020002d30        0xc common/built-in.o
 .text.mapset   0x0000000020002d3c       0x20 common/built-in.o
 .text.syntax_err
                0x0000000020002d5c        0xc common/built-in.o
 .text.free_pipe_list
                0x0000000020002d68       0xf0 common/built-in.o
 .text.xmalloc  0x0000000020002e58       0x20 common/built-in.o
 .text.new_pipe
                0x0000000020002e78       0x28 common/built-in.o
 .text.xrealloc
                0x0000000020002ea0       0x20 common/built-in.o
 .text.done_command
                0x0000000020002ec0       0x88 common/built-in.o
 .text.done_pipe
                0x0000000020002f48       0x48 common/built-in.o
 .text.done_word
                0x0000000020002f90      0x2d8 common/built-in.o
 .text.do_showvar
                0x0000000020003268       0xfc common/built-in.o
 .text.is_assignment
                0x0000000020003364       0x5c common/built-in.o
 .text.file_get
                0x00000000200033c0      0x1ec common/built-in.o
 .text.b_addchr
                0x00000000200035ac       0x78 common/built-in.o
 .text.b_addqchr
                0x0000000020003624       0x50 common/built-in.o
 .text.get_local_var
                0x0000000020003674       0xa0 common/built-in.o
                0x0000000020003674                get_local_var
 .text.set_local_var
                0x0000000020003714      0x1ac common/built-in.o
                0x0000000020003714                set_local_var
 .text.insert_var_value_sub
                0x00000000200038c0      0x2c0 common/built-in.o
 .text.parse_string_outer
                0x0000000020003b80       0xe4 common/built-in.o
                0x0000000020003b80                parse_string_outer
 .text.run_list_real
                0x0000000020003c64      0x7e4 common/built-in.o
 .text.parse_stream_outer
                0x0000000020004448      0x6ac common/built-in.o
 .text.parse_file_outer
                0x0000000020004af4       0x44 common/built-in.o
                0x0000000020004af4                parse_file_outer
 .text.u_boot_hush_start
                0x0000000020004b38       0x54 common/built-in.o
                0x0000000020004b38                u_boot_hush_start
 .text.hex1_bin
                0x0000000020004b8c       0x40 common/built-in.o
 .text.hex2_bin
                0x0000000020004bcc       0x38 common/built-in.o
 .text.srec_decode
                0x0000000020004c04      0x254 common/built-in.o
                0x0000000020004c04                srec_decode
 .text.CYGACC_COMM_IF_GETC_TIMEOUT.isra.0
                0x0000000020004e58       0x5c common/built-in.o
 .text.xyzModem_flush
                0x0000000020004eb4       0x1c common/built-in.o
 .text.xyzModem_get_hdr
                0x0000000020004ed0      0x230 common/built-in.o
 .text.xyzModem_stream_open
                0x0000000020005100      0x23c common/built-in.o
                0x0000000020005100                xyzModem_stream_open
 .text.xyzModem_stream_read
                0x000000002000533c      0x258 common/built-in.o
                0x000000002000533c                xyzModem_stream_read
 .text.xyzModem_stream_close
                0x0000000020005594       0x54 common/built-in.o
                0x0000000020005594                xyzModem_stream_close
 .text.xyzModem_stream_terminate
                0x00000000200055e8       0x94 common/built-in.o
                0x00000000200055e8                xyzModem_stream_terminate
 .text.xyzModem_error
                0x000000002000567c       0x20 common/built-in.o
                0x000000002000567c                xyzModem_error
 .text.do_go_exec
                0x000000002000569c       0x10 common/built-in.o
                0x000000002000569c                do_go_exec
 .text.do_go    0x00000000200056ac       0x6c common/built-in.o
 .text.copy_args
                0x0000000020005718       0x50 common/built-in.o
 .text.image_info
                0x0000000020005768       0xcc common/built-in.o
 .text.do_bootd
                0x0000000020005834       0x24 common/built-in.o
                0x0000000020005834                do_bootd
 .text.do_bootm_rtems
                0x0000000020005858       0x40 common/built-in.o
 .text.do_bootm_plan9
                0x0000000020005898       0xa4 common/built-in.o
 .text.do_bootm_standalone
                0x000000002000593c       0x64 common/built-in.o
 .text.do_bootm_qnxelf
                0x00000000200059a0       0x5c common/built-in.o
 .text.do_bootm_netbsd
                0x00000000200059fc       0xf8 common/built-in.o
 .text.do_iminfo
                0x0000000020005af4       0x60 common/built-in.o
 .text.__arch_preboot_os
                0x0000000020005b54        0x4 common/built-in.o
                0x0000000020005b54                arch_preboot_os
 .text.do_bootm_states.isra.21.constprop.22
                0x0000000020005b58      0x788 common/built-in.o
 .text.do_bootm
                0x00000000200062e0       0xec common/built-in.o
                0x00000000200062e0                do_bootm
 .text.bootm_maybe_autostart
                0x00000000200063cc       0x78 common/built-in.o
                0x00000000200063cc                bootm_maybe_autostart
 .text.do_bootvx_fdt
                0x0000000020006444       0x3c common/built-in.o
                0x0000000020006444                do_bootvx_fdt
 .text.do_bootm_vxworks
                0x0000000020006480       0x24 common/built-in.o
 .text.do_help  0x00000000200064a4       0x48 common/built-in.o
 .text.do_version
                0x00000000200064ec       0x38 common/built-in.o
 .text.env_attr_walk
                0x0000000020006524      0x114 common/built-in.o
                0x0000000020006524                env_attr_walk
 .text.env_attr_lookup
                0x0000000020006638      0x18c common/built-in.o
                0x0000000020006638                env_attr_lookup
 .text.clear_callback
                0x00000000200067c4       0x10 common/built-in.o
 .text.find_env_callback
                0x00000000200067d4       0x68 common/built-in.o
 .text.on_callbacks
                0x000000002000683c       0x48 common/built-in.o
 .text.set_callback
                0x0000000020006884       0x94 common/built-in.o
 .text.env_callback_init
                0x0000000020006918       0xc4 common/built-in.o
                0x0000000020006918                env_callback_init
 .text.skip_num
                0x00000000200069dc       0x70 common/built-in.o
 .text.clear_flags
                0x0000000020006a4c       0x10 common/built-in.o
 .text.on_flags
                0x0000000020006a5c       0x48 common/built-in.o
 .text.env_flags_parse_vartype
                0x0000000020006aa4       0x50 common/built-in.o
                0x0000000020006aa4                env_flags_parse_vartype
 .text.env_flags_parse_varaccess
                0x0000000020006af4       0x58 common/built-in.o
                0x0000000020006af4                env_flags_parse_varaccess
 .text.set_flags
                0x0000000020006b4c       0xac common/built-in.o
 .text.env_flags_init
                0x0000000020006bf8       0xd8 common/built-in.o
                0x0000000020006bf8                env_flags_init
 .text.env_flags_validate
                0x0000000020006cd0      0x324 common/built-in.o
                0x0000000020006cd0                env_flags_validate
 .text.env_relocate_spec
                0x0000000020006ff4       0x70 common/built-in.o
                0x0000000020006ff4                env_relocate_spec
 .text.saveenv  0x0000000020007064      0x148 common/built-in.o
                0x0000000020007064                saveenv
 .text.env_init
                0x00000000200071ac       0x1c common/built-in.o
                0x00000000200071ac                env_init
 .text.source   0x00000000200071c8       0xd8 common/built-in.o
                0x00000000200071c8                source
 .text.do_source
                0x00000000200072a0       0x44 common/built-in.o
                0x00000000200072a0                do_source
 .text.print_num
                0x00000000200072e4       0x18 common/built-in.o
 .text.do_bdinfo
                0x00000000200072fc      0x178 common/built-in.o
                0x00000000200072fc                do_bdinfo
 .text.parse_argv
                0x0000000020007474       0x64 common/built-in.o
 .text.do_icache
                0x00000000200074d8       0x88 common/built-in.o
                0x00000000200074d8                do_icache
 .text.do_dcache
                0x0000000020007560       0x88 common/built-in.o
                0x0000000020007560                do_dcache
 .text.do_coninfo
                0x00000000200075e8       0xbc common/built-in.o
 .text.do_echo  0x00000000200076a4       0xb0 common/built-in.o
 .text.load_elf_image_shdr
                0x0000000020007754       0x8c common/built-in.o
 .text.do_bootelf_exec
                0x00000000200077e0       0x44 common/built-in.o
                0x00000000200077e0                do_bootelf_exec
 .text.valid_elf_image
                0x0000000020007824       0x4c common/built-in.o
                0x0000000020007824                valid_elf_image
 .text.do_bootelf
                0x0000000020007870      0x158 common/built-in.o
                0x0000000020007870                do_bootelf
 .text.do_bootvx
                0x00000000200079c8      0x288 common/built-in.o
                0x00000000200079c8                do_bootvx
 .text.do_exit  0x0000000020007c50       0x30 common/built-in.o
 .text.do_fat_fsload
                0x0000000020007c80       0x18 common/built-in.o
                0x0000000020007c80                do_fat_fsload
 .text.do_fat_ls
                0x0000000020007c98       0x18 common/built-in.o
 .text.do_fat_fsinfo
                0x0000000020007cb0       0x90 common/built-in.o
 .text.evalexp  0x0000000020007d40       0x74 common/built-in.o
 .text.evalstr  0x0000000020007db4       0x6c common/built-in.o
 .text.binary_test
                0x0000000020007e20      0x1b0 common/built-in.o
 .text.do_itest
                0x0000000020007fd0       0x98 common/built-in.o
 .text.bin_data_init
                0x0000000020008068       0x2c common/built-in.o
 .text.k_data_save
                0x0000000020008094       0x4c common/built-in.o
 .text.k_data_restore
                0x00000000200080e0       0x4c common/built-in.o
 .text.getcxmodem
                0x000000002000812c       0x20 common/built-in.o
 .text.load_serial_ymodem
                0x000000002000814c       0xcc common/built-in.o
 .text.bin_data_char
                0x0000000020008218       0x2c common/built-in.o
 .text.chk1.constprop.1
                0x0000000020008244       0x2c common/built-in.o
 .text.s1_sendpacket.constprop.2
                0x0000000020008270       0x50 common/built-in.o
 .text.load_serial
                0x00000000200082c0      0x1e0 common/built-in.o
 .text.do_load_serial
                0x00000000200084a0       0xdc common/built-in.o
 .text.do_load_serial_bin
                0x000000002000857c      0x7b0 common/built-in.o
 .text.do_mem_mw
                0x0000000020008d2c       0xc0 common/built-in.o
 .text.do_mem_loop
                0x0000000020008dec       0xec common/built-in.o
 .text.do_mem_md
                0x0000000020008ed8       0xec common/built-in.o
 .text.do_mem_cmp
                0x0000000020008fc4      0x16c common/built-in.o
 .text.do_mem_base
                0x0000000020009130       0x40 common/built-in.o
 .text.do_mem_cp
                0x0000000020009170       0xd8 common/built-in.o
 .text.do_mem_crc
                0x0000000020009248       0x48 common/built-in.o
 .text.mod_mem.isra.2
                0x0000000020009290      0x164 common/built-in.o
 .text.do_mem_mm
                0x00000000200093f4        0x8 common/built-in.o
 .text.do_mem_nm
                0x00000000200093fc        0x8 common/built-in.o
 .text.do_sleep
                0x0000000020009404       0x70 common/built-in.o
 .text.part_delall
                0x0000000020009474       0x44 common/built-in.o
 .text.memsize_parse
                0x00000000200094b8       0x80 common/built-in.o
 .text.mtd_part_info
                0x0000000020009538       0x98 common/built-in.o
 .text.memsize_format
                0x00000000200095d0       0x90 common/built-in.o
 .text.index_partitions
                0x0000000020009660       0xb4 common/built-in.o
 .text.current_save
                0x0000000020009714       0xbc common/built-in.o
 .text.part_sort_add
                0x00000000200097d0      0x11c common/built-in.o
 .text.device_del
                0x00000000200098ec       0x7c common/built-in.o
 .text.generate_mtdparts_save.constprop.7
                0x0000000020009968      0x304 common/built-in.o
 .text.device_delall.constprop.9
                0x0000000020009c6c       0x64 common/built-in.o
 .text.mtd_devices_init
                0x0000000020009cd0       0x2c common/built-in.o
 .text.get_mtd_info.constprop.10
                0x0000000020009cfc       0x78 common/built-in.o
 .text.part_validate
                0x0000000020009d74      0x360 common/built-in.o
 .text.device_find
                0x000000002000a0d4       0x4c common/built-in.o
                0x000000002000a0d4                device_find
 .text.device_parse
                0x000000002000a120      0x560 common/built-in.o
 .text.mtd_id_parse
                0x000000002000a680      0x11c common/built-in.o
                0x000000002000a680                mtd_id_parse
 .text.find_dev_and_part
                0x000000002000a79c      0x1b0 common/built-in.o
                0x000000002000a79c                find_dev_and_part
 .text.mtdparts_init
                0x000000002000a94c      0x660 common/built-in.o
                0x000000002000a94c                mtdparts_init
 .text.do_chpart
                0x000000002000afac       0xd4 common/built-in.o
 .text.do_mtdparts
                0x000000002000b080      0x5c0 common/built-in.o
 .text.netboot_common
                0x000000002000b640      0x294 common/built-in.o
 .text.do_bootp
                0x000000002000b8d4        0xc common/built-in.o
 .text.do_nfs   0x000000002000b8e0        0xc common/built-in.o
 .text.do_tftpb
                0x000000002000b8ec       0x40 common/built-in.o
                0x000000002000b8ec                do_tftpb
 .text.do_onenand
                0x000000002000b92c       0x7c common/built-in.o
 .text.do_onenand_markbad
                0x000000002000b9a8       0x90 common/built-in.o
 .text.do_onenand_info
                0x000000002000ba38       0x28 common/built-in.o
 .text.arg_off_size
                0x000000002000ba60      0x154 common/built-in.o
 .text.onenand_dump
                0x000000002000bbb4      0x21c common/built-in.o
 .text.do_onenand_dump
                0x000000002000bdd0       0x8c common/built-in.o
 .text.do_onenand_read
                0x000000002000be5c      0x1f4 common/built-in.o
 .text.do_onenand_bad
                0x000000002000c050       0x84 common/built-in.o
 .text.do_onenand_test
                0x000000002000c0d4      0x2b8 common/built-in.o
 .text.do_onenand_write
                0x000000002000c38c      0x364 common/built-in.o
 .text.do_onenand_erase
                0x000000002000c6f0      0x174 common/built-in.o
 .text.do_reginfo
                0x000000002000c864        0x8 common/built-in.o
 .text.do_false
                0x000000002000c86c        0x8 common/built-in.o
 .text.do_true  0x000000002000c874        0x8 common/built-in.o
 .text.do_test  0x000000002000c87c      0x33c common/built-in.o
 .text.do_imgextract
                0x000000002000cbb8      0x280 common/built-in.o
 .text.do_env_delete
                0x000000002000ce38       0x9c common/built-in.o
 .text.do_env_save
                0x000000002000ced4       0x2c common/built-in.o
 .text.do_env   0x000000002000cf00       0x64 common/built-in.o
 .text.env_print
                0x000000002000cf64       0xc0 common/built-in.o
 .text.do_env_print
                0x000000002000d024       0xc8 common/built-in.o
 .text.do_env_import
                0x000000002000d0ec      0x260 common/built-in.o
 .text.do_env_default
                0x000000002000d34c       0xa8 common/built-in.o
 .text._do_env_set.isra.0
                0x000000002000d3f4      0x1b8 common/built-in.o
 .text.do_env_set
                0x000000002000d5ac       0x1c common/built-in.o
 .text.get_env_id
                0x000000002000d5c8       0x10 common/built-in.o
                0x000000002000d5c8                get_env_id
 .text.setenv   0x000000002000d5d8       0x58 common/built-in.o
                0x000000002000d5d8                setenv
 .text.setenv_ulong
                0x000000002000d630       0x20 common/built-in.o
                0x000000002000d630                setenv_ulong
 .text.setenv_hex
                0x000000002000d650       0x34 common/built-in.o
                0x000000002000d650                setenv_hex
 .text.do_env_export
                0x000000002000d684      0x264 common/built-in.o
 .text.envmatch
                0x000000002000d8e8       0x6c common/built-in.o
                0x000000002000d8e8                envmatch
 .text.getenv_f
                0x000000002000d954       0xc8 common/built-in.o
                0x000000002000d954                getenv_f
 .text.getenv   0x000000002000da1c       0x78 common/built-in.o
                0x000000002000da1c                getenv
 .text.getenv_ulong
                0x000000002000da94       0x30 common/built-in.o
                0x000000002000da94                getenv_ulong
 .text.do_env_edit
                0x000000002000dac4       0x78 common/built-in.o
 .text.__env_get_char_spec
                0x000000002000db3c        0xc common/built-in.o
                0x000000002000db3c                env_get_char_spec
 .text.env_get_addr
                0x000000002000db48       0x20 common/built-in.o
                0x000000002000db48                env_get_addr
 .text.env_get_char_memory
                0x000000002000db68       0x10 common/built-in.o
                0x000000002000db68                env_get_char_memory
 .text.env_get_char
                0x000000002000db78       0x30 common/built-in.o
                0x000000002000db78                env_get_char
 .text.getenv_yesno
                0x000000002000dba8       0x40 common/built-in.o
                0x000000002000dba8                getenv_yesno
 .text.getenv_default
                0x000000002000dbe8       0x30 common/built-in.o
                0x000000002000dbe8                getenv_default
 .text.set_default_env
                0x000000002000dc18       0xbc common/built-in.o
                0x000000002000dc18                set_default_env
 .text.set_default_vars
                0x000000002000dcd4       0x34 common/built-in.o
                0x000000002000dcd4                set_default_vars
 .text.env_import
                0x000000002000dd08       0xe0 common/built-in.o
                0x000000002000dd08                env_import
 .text.env_relocate
                0x000000002000dde8       0x30 common/built-in.o
                0x000000002000dde8                env_relocate
 .text.console_setfile
                0x000000002000de18       0xa4 common/built-in.o
 .text.fgetc    0x000000002000debc       0x24 common/built-in.o
                0x000000002000debc                fgetc
 .text.ftstc    0x000000002000dee0       0x24 common/built-in.o
                0x000000002000dee0                ftstc
 .text.getc     0x000000002000df04       0x24 common/built-in.o
                0x000000002000df04                getc
 .text.tstc     0x000000002000df28       0x24 common/built-in.o
                0x000000002000df28                tstc
 .text.putc     0x000000002000df4c       0x30 common/built-in.o
                0x000000002000df4c                putc
 .text.puts     0x000000002000df7c       0x30 common/built-in.o
                0x000000002000df7c                puts
 .text.printf   0x000000002000dfac       0x4c common/built-in.o
                0x000000002000dfac                printf
 .text.vprintf  0x000000002000dff8       0x3c common/built-in.o
                0x000000002000dff8                vprintf
 .text.ctrlc    0x000000002000e034       0x58 common/built-in.o
                0x000000002000e034                ctrlc
 .text.had_ctrlc
                0x000000002000e08c       0x10 common/built-in.o
                0x000000002000e08c                had_ctrlc
 .text.clear_ctrlc
                0x000000002000e09c       0x14 common/built-in.o
                0x000000002000e09c                clear_ctrlc
 .text.search_device
                0x000000002000e0b0       0x28 common/built-in.o
                0x000000002000e0b0                search_device
 .text.console_assign
                0x000000002000e0d8       0x48 common/built-in.o
                0x000000002000e0d8                console_assign
 .text.on_console
                0x000000002000e120       0xc0 common/built-in.o
 .text.console_init_f
                0x000000002000e1e0       0x10 common/built-in.o
                0x000000002000e1e0                console_init_f
 .text.stdio_print_current_devices
                0x000000002000e1f0       0xb0 common/built-in.o
                0x000000002000e1f0                stdio_print_current_devices
 .text.console_init_r
                0x000000002000e2a0       0xe0 common/built-in.o
                0x000000002000e2a0                console_init_r
 .text.sbrk     0x000000002000e380       0x70 common/built-in.o
                0x000000002000e380                sbrk
 .text.mem_malloc_init
                0x000000002000e3f0       0x34 common/built-in.o
                0x000000002000e3f0                mem_malloc_init
 .text.malloc_trim
                0x000000002000e424       0xcc common/built-in.o
                0x000000002000e424                malloc_trim
 .text.free     0x000000002000e4f0      0x230 common/built-in.o
                0x000000002000e4f0                free
 .text.malloc   0x000000002000e720      0x608 common/built-in.o
                0x000000002000e720                malloc
 .text.calloc   0x000000002000ed28       0xd4 common/built-in.o
                0x000000002000ed28                calloc
 .text.realloc  0x000000002000edfc      0x4c0 common/built-in.o
                0x000000002000edfc                realloc
 .text.memalign
                0x000000002000f2bc      0x10c common/built-in.o
                0x000000002000f2bc                memalign
 .text.on_loadaddr
                0x000000002000f3c8       0x38 common/built-in.o
 .text.image_check_hcrc
                0x000000002000f400       0x4c common/built-in.o
                0x000000002000f400                image_check_hcrc
 .text.image_check_dcrc
                0x000000002000f44c       0x38 common/built-in.o
                0x000000002000f44c                image_check_dcrc
 .text.image_multi_count
                0x000000002000f484       0x1c common/built-in.o
                0x000000002000f484                image_multi_count
 .text.image_multi_getimg
                0x000000002000f4a0       0x80 common/built-in.o
                0x000000002000f4a0                image_multi_getimg
 .text.getenv_bootm_low
                0x000000002000f520       0x30 common/built-in.o
                0x000000002000f520                getenv_bootm_low
 .text.getenv_bootm_size
                0x000000002000f550       0x5c common/built-in.o
                0x000000002000f550                getenv_bootm_size
 .text.memmove_wd
                0x000000002000f5ac        0xc common/built-in.o
                0x000000002000f5ac                memmove_wd
 .text.genimg_print_size
                0x000000002000f5b8       0x30 common/built-in.o
                0x000000002000f5b8                genimg_print_size
 .text.get_table_entry_name
                0x000000002000f5e8       0x2c common/built-in.o
                0x000000002000f5e8                get_table_entry_name
 .text.genimg_get_os_name
                0x000000002000f614       0x18 common/built-in.o
                0x000000002000f614                genimg_get_os_name
 .text.genimg_get_arch_name
                0x000000002000f62c       0x18 common/built-in.o
                0x000000002000f62c                genimg_get_arch_name
 .text.genimg_get_type_name
                0x000000002000f644       0x18 common/built-in.o
                0x000000002000f644                genimg_get_type_name
 .text.genimg_get_comp_name
                0x000000002000f65c       0x18 common/built-in.o
                0x000000002000f65c                genimg_get_comp_name
 .text.image_print_contents
                0x000000002000f674      0x174 common/built-in.o
                0x000000002000f674                image_print_contents
 .text.genimg_get_format
                0x000000002000f7e8       0x1c common/built-in.o
                0x000000002000f7e8                genimg_get_format
 .text.genimg_get_image
                0x000000002000f804        0x4 common/built-in.o
                0x000000002000f804                genimg_get_image
 .text.boot_get_ramdisk
                0x000000002000f808      0x238 common/built-in.o
                0x000000002000f808                boot_get_ramdisk
 .text.boot_ramdisk_high
                0x000000002000fa40      0x130 common/built-in.o
                0x000000002000fa40                boot_ramdisk_high
 .text.get_ram_size
                0x000000002000fb70       0xe4 common/built-in.o
                0x000000002000fb70                get_ram_size
 .text.get_effective_memsize
                0x000000002000fc54        0x8 common/built-in.o
                0x000000002000fc54                get_effective_memsize
 .text.stdio_get_list
                0x000000002000fc5c        0xc common/built-in.o
                0x000000002000fc5c                stdio_get_list
 .text.stdio_get_by_name
                0x000000002000fc68       0x5c common/built-in.o
                0x000000002000fc68                stdio_get_by_name
 .text.stdio_clone
                0x000000002000fcc4       0x38 common/built-in.o
                0x000000002000fcc4                stdio_clone
 .text.stdio_register
                0x000000002000fcfc       0x3c common/built-in.o
                0x000000002000fcfc                stdio_register
 .text.stdio_init
                0x000000002000fd38       0x8c common/built-in.o
                0x000000002000fd38                stdio_init
 .text.get_device
                0x000000002000fdc4       0x58 disk/built-in.o
                0x000000002000fdc4                get_device
 .text.get_device_and_partition
                0x000000002000fe1c      0x298 disk/built-in.o
                0x000000002000fe1c                get_device_and_partition
 .text.s5p_gpio_cfg_pin
                0x00000000200100b4       0x1c drivers/gpio/built-in.o
                0x00000000200100b4                s5p_gpio_cfg_pin
 .text.add_mtd_device
                0x00000000200100d0       0x88 drivers/mtd/built-in.o
                0x00000000200100d0                add_mtd_device
 .text.get_mtd_device_nm
                0x0000000020010158       0x6c drivers/mtd/built-in.o
                0x0000000020010158                get_mtd_device_nm
 .text.mtd_erase
                0x00000000200101c4       0x90 drivers/mtd/built-in.o
                0x00000000200101c4                mtd_erase
 .text.mtd_read
                0x0000000020010254       0xb8 drivers/mtd/built-in.o
                0x0000000020010254                mtd_read
 .text.mtd_write
                0x000000002001030c       0x9c drivers/mtd/built-in.o
                0x000000002001030c                mtd_write
 .text.mtd_read_oob
                0x00000000200103a8       0x28 drivers/mtd/built-in.o
                0x00000000200103a8                mtd_read_oob
 .text.mtd_block_isbad
                0x00000000200103d0       0x4c drivers/mtd/built-in.o
                0x00000000200103d0                mtd_block_isbad
 .text.mtd_block_markbad
                0x000000002001041c       0x60 drivers/mtd/built-in.o
                0x000000002001041c                mtd_block_markbad
 .text.part_erase
                0x000000002001047c       0x6c drivers/mtd/built-in.o
 .text.mtd_erase_callback
                0x00000000200104e8       0x68 drivers/mtd/built-in.o
                0x00000000200104e8                mtd_erase_callback
 .text.onenand_init
                0x0000000020010550       0x9c drivers/mtd/onenand/built-in.o
                0x0000000020010550                onenand_init
 .text.memcpy_16
                0x00000000200105ec       0x1c drivers/mtd/onenand/built-in.o
 .text.onenand_readw
                0x0000000020010608        0xc drivers/mtd/onenand/built-in.o
 .text.onenand_writew
                0x0000000020010614        0x8 drivers/mtd/onenand/built-in.o
 .text.flexonenand_addr
                0x000000002001061c       0x98 drivers/mtd/onenand/built-in.o
 .text.onenand_read_bufferram
                0x00000000200106b4       0x88 drivers/mtd/onenand/built-in.o
 .text.onenand_sync_read_bufferram
                0x000000002001073c       0x84 drivers/mtd/onenand/built-in.o
 .text.onenand_write_bufferram
                0x00000000200107c0       0x88 drivers/mtd/onenand/built-in.o
 .text.onenand_sync
                0x0000000020010848        0x4 drivers/mtd/onenand/built-in.o
                0x0000000020010848                onenand_sync
 .text.onenand_chip_probe
                0x000000002001084c       0xfc drivers/mtd/onenand/built-in.o
 .text.flexonenand_get_size
                0x0000000020010948      0x3f4 drivers/mtd/onenand/built-in.o
 .text.onenand_transfer_auto_oob
                0x0000000020010d3c      0x124 drivers/mtd/onenand/built-in.o
 .text.onenand_update_bufferram.isra.2
                0x0000000020010e60       0x54 drivers/mtd/onenand/built-in.o
 .text.onenand_read_ecc
                0x0000000020010eb4       0x80 drivers/mtd/onenand/built-in.o
 .text.onenand_bbt_wait
                0x0000000020010f34       0xc8 drivers/mtd/onenand/built-in.o
 .text.onenand_wait
                0x0000000020010ffc       0xc4 drivers/mtd/onenand/built-in.o
 .text.onenand_fill_auto_oob.isra.8
                0x00000000200110c0       0xec drivers/mtd/onenand/built-in.o
 .text.onenand_write_ops_nolock
                0x00000000200111ac      0x2ec drivers/mtd/onenand/built-in.o
 .text.onenand_write
                0x0000000020011498       0x60 drivers/mtd/onenand/built-in.o
                0x0000000020011498                onenand_write
 .text.onenand_write_oob_nolock
                0x00000000200114f8      0x2e4 drivers/mtd/onenand/built-in.o
 .text.onenand_write_oob
                0x00000000200117dc       0x30 drivers/mtd/onenand/built-in.o
                0x00000000200117dc                onenand_write_oob
 .text.onenand_block_isbad_nolock.constprop.12
                0x000000002001180c       0x24 drivers/mtd/onenand/built-in.o
 .text.onenand_block_isbad
                0x0000000020011830       0x24 drivers/mtd/onenand/built-in.o
                0x0000000020011830                onenand_block_isbad
 .text.onenand_block_markbad
                0x0000000020011854       0x38 drivers/mtd/onenand/built-in.o
                0x0000000020011854                onenand_block_markbad
 .text.onenand_block
                0x000000002001188c       0x88 drivers/mtd/onenand/built-in.o
                0x000000002001188c                onenand_block
 .text.onenand_default_block_markbad
                0x0000000020011914       0xac drivers/mtd/onenand/built-in.o
 .text.onenand_addr
                0x00000000200119c0       0x30 drivers/mtd/onenand/built-in.o
                0x00000000200119c0                onenand_addr
 .text.onenand_command
                0x00000000200119f0      0x22c drivers/mtd/onenand/built-in.o
 .text.flexonenand_region
                0x0000000020011c1c       0x44 drivers/mtd/onenand/built-in.o
                0x0000000020011c1c                flexonenand_region
 .text.onenand_recover_lsb
                0x0000000020011c60       0xa0 drivers/mtd/onenand/built-in.o
 .text.onenand_read_ops_nolock
                0x0000000020011d00      0x4e8 drivers/mtd/onenand/built-in.o
 .text.onenand_read
                0x00000000200121e8       0x60 drivers/mtd/onenand/built-in.o
                0x00000000200121e8                onenand_read
 .text.onenand_read_oob_nolock
                0x0000000020012248      0x294 drivers/mtd/onenand/built-in.o
 .text.onenand_read_oob
                0x00000000200124dc       0x30 drivers/mtd/onenand/built-in.o
                0x00000000200124dc                onenand_read_oob
 .text.onenand_erase
                0x000000002001250c      0x264 drivers/mtd/onenand/built-in.o
                0x000000002001250c                onenand_erase
 .text.onenand_bbt_read_oob
                0x0000000020012770      0x170 drivers/mtd/onenand/built-in.o
                0x0000000020012770                onenand_bbt_read_oob
 .text.onenand_print_device_info
                0x00000000200128e0       0xc4 drivers/mtd/onenand/built-in.o
                0x00000000200128e0                onenand_print_device_info
 .text.onenand_probe
                0x00000000200129a4      0x3a8 drivers/mtd/onenand/built-in.o
                0x00000000200129a4                onenand_probe
 .text.onenand_scan
                0x0000000020012d4c      0x5c0 drivers/mtd/onenand/built-in.o
                0x0000000020012d4c                onenand_scan
 .text.onenand_isbad_bbt
                0x000000002001330c       0x44 drivers/mtd/onenand/built-in.o
 .text.onenand_scan_bbt
                0x0000000020013350      0x21c drivers/mtd/onenand/built-in.o
                0x0000000020013350                onenand_scan_bbt
 .text.onenand_default_bbt
                0x000000002001356c       0x5c drivers/mtd/onenand/built-in.o
                0x000000002001356c                onenand_default_bbt
 .text.s3c_write_cmd
                0x00000000200135c8       0x18 drivers/mtd/onenand/built-in.o
 .text.s3c_mem_addr
                0x00000000200135e0       0x10 drivers/mtd/onenand/built-in.o
 .text.s3c_onenand_reset
                0x00000000200135f0       0x74 drivers/mtd/onenand/built-in.o
 .text.s3c_get_bufferram
                0x0000000020013664       0x4c drivers/mtd/onenand/built-in.o
 .text.s3c_onenand_bbt_wait
                0x00000000200136b0       0x80 drivers/mtd/onenand/built-in.o
 .text.s3c_onenand_wait
                0x0000000020013730       0xf8 drivers/mtd/onenand/built-in.o
 .text.s3c_onenand_readw
                0x0000000020013828      0x150 drivers/mtd/onenand/built-in.o
 .text.s3c_onenand_writew
                0x0000000020013978       0xec drivers/mtd/onenand/built-in.o
 .text.s3c_onenand_check_lock_status.isra.0
                0x0000000020013a64       0x8c drivers/mtd/onenand/built-in.o
 .text.s3c_onenand_unlock_all
                0x0000000020013af0      0x108 drivers/mtd/onenand/built-in.o
 .text.s3c_onenand_command
                0x0000000020013bf8      0x250 drivers/mtd/onenand/built-in.o
 .text.s3c_onenand_init
                0x0000000020013e48      0x11c drivers/mtd/onenand/built-in.o
                0x0000000020013e48                s3c_onenand_init
 .text.smc911x_set_mac_csr.isra.0
                0x0000000020013f64       0x44 drivers/net/built-in.o
 .text.smc911x_reset
                0x0000000020013fa8       0xf4 drivers/net/built-in.o
 .text.smc911x_halt
                0x000000002001409c        0x4 drivers/net/built-in.o
 .text.smc911x_get_mac_csr.isra.3
                0x00000000200140a0       0x40 drivers/net/built-in.o
 .text.smc911x_eth_phy_write.constprop.4
                0x00000000200140e0       0x64 drivers/net/built-in.o
 .text.smc911x_init
                0x0000000020014144      0x1a4 drivers/net/built-in.o
 .text.smc911x_reg_read
                0x00000000200142e8       0x18 drivers/net/built-in.o
                0x00000000200142e8                pkt_data_pull
 .text.smc911x_rx
                0x0000000020014300       0x9c drivers/net/built-in.o
 .text.smc911x_reg_write
                0x000000002001439c       0x1c drivers/net/built-in.o
                0x000000002001439c                pkt_data_push
 .text.smc911x_send
                0x00000000200143b8      0x114 drivers/net/built-in.o
 .text.smc911x_initialize
                0x00000000200144cc      0x170 drivers/net/built-in.o
                0x00000000200144cc                smc911x_initialize
 .text.get_current
                0x000000002001463c       0x40 drivers/serial/built-in.o
 .text.serial_null
                0x000000002001467c        0x4 drivers/serial/built-in.o
                0x000000002001467c                jz_serial_initialize
                0x000000002001467c                bfin_serial_initialize
                0x000000002001467c                p3mx_serial_initialize
                0x000000002001467c                leon2_serial_initialize
                0x000000002001467c                leon3_serial_initialize
                0x000000002001467c                amirix_serial_initialize
                0x000000002001467c                marvell_serial_initialize
                0x000000002001467c                cpci750_serial_initialize
                0x000000002001467c                ns16550_serial_initialize
                0x000000002001467c                asc_serial_initialize
                0x000000002001467c                altera_serial_initialize
                0x000000002001467c                oc_serial_initialize
                0x000000002001467c                sh_serial_initialize
                0x000000002001467c                mxs_auart_initialize
                0x000000002001467c                arm_dcc_initialize
                0x000000002001467c                bmw_serial_initialize
                0x000000002001467c                arc_serial_initialize
                0x000000002001467c                mcf_serial_initialize
                0x000000002001467c                lh7a40x_serial_initialize
                0x000000002001467c                evb64260_serial_initialize
                0x000000002001467c                lpc32xx_serial_initialize
                0x000000002001467c                max3100_serial_initialize
                0x000000002001467c                mpc85xx_serial_initialize
                0x000000002001467c                imx_serial_initialize
                0x000000002001467c                bfin_jtag_initialize
                0x000000002001467c                cogent_serial_initialize
                0x000000002001467c                clps7111_serial_initialize
                0x000000002001467c                ml2_serial_initialize
                0x000000002001467c                sandbox_serial_initialize
                0x000000002001467c                s3c24xx_serial_initialize
                0x000000002001467c                sconsole_serial_initialize
                0x000000002001467c                uartlite_serial_initialize
                0x000000002001467c                au1x00_serial_initialize
                0x000000002001467c                pxa_serial_initialize
                0x000000002001467c                atmel_serial_initialize
                0x000000002001467c                pl01x_serial_initialize
                0x000000002001467c                altera_jtag_serial_initialize
                0x000000002001467c                zynq_serial_initalize
                0x000000002001467c                mpc512x_serial_initialize
                0x000000002001467c                ks8695_serial_initialize
                0x000000002001467c                sa1100_serial_initialize
                0x000000002001467c                mpc8260_scc_serial_initialize
                0x000000002001467c                mxc_serial_initialize
                0x000000002001467c                iop480_serial_initialize
                0x000000002001467c                mpc8xx_serial_initialize
                0x000000002001467c                mpc8260_smc_serial_initialize
                0x000000002001467c                mpc5xx_serial_initialize
 .text.serial_register
                0x0000000020014680       0x18 drivers/serial/built-in.o
                0x0000000020014680                serial_register
 .text.serial_stdio_init
                0x0000000020014698       0x88 drivers/serial/built-in.o
                0x0000000020014698                serial_stdio_init
 .text.serial_assign
                0x0000000020014720       0x4c drivers/serial/built-in.o
                0x0000000020014720                serial_assign
 .text.serial_initialize
                0x000000002001476c       0xd0 drivers/serial/built-in.o
                0x000000002001476c                serial_initialize
 .text.serial_init
                0x000000002001483c       0x14 drivers/serial/built-in.o
                0x000000002001483c                serial_init
 .text.serial_setbrg
                0x0000000020014850       0x14 drivers/serial/built-in.o
                0x0000000020014850                serial_setbrg
 .text.on_baudrate
                0x0000000020014864       0xec drivers/serial/built-in.o
 .text.serial_getc
                0x0000000020014950       0x14 drivers/serial/built-in.o
                0x0000000020014950                serial_getc
 .text.serial_tstc
                0x0000000020014964       0x14 drivers/serial/built-in.o
                0x0000000020014964                serial_tstc
 .text.serial_putc
                0x0000000020014978       0x1c drivers/serial/built-in.o
                0x0000000020014978                serial_putc
 .text.serial_puts
                0x0000000020014994       0x1c drivers/serial/built-in.o
                0x0000000020014994                serial_puts
 .text.serial_tstc_dev
                0x00000000200149b0       0x5c drivers/serial/built-in.o
 .text.s5p_serial0_tstc
                0x0000000020014a0c        0x8 drivers/serial/built-in.o
 .text.s5p_serial1_tstc
                0x0000000020014a14        0x8 drivers/serial/built-in.o
 .text.s5p_serial2_tstc
                0x0000000020014a1c        0x8 drivers/serial/built-in.o
 .text.s5p_serial3_tstc
                0x0000000020014a24        0x8 drivers/serial/built-in.o
 .text.serial_putc_dev
                0x0000000020014a2c       0xb0 drivers/serial/built-in.o
 .text.serial_puts_dev
                0x0000000020014adc       0x28 drivers/serial/built-in.o
 .text.s5p_serial0_puts
                0x0000000020014b04        0x8 drivers/serial/built-in.o
 .text.s5p_serial1_puts
                0x0000000020014b0c        0x8 drivers/serial/built-in.o
 .text.s5p_serial2_puts
                0x0000000020014b14        0x8 drivers/serial/built-in.o
 .text.s5p_serial3_puts
                0x0000000020014b1c        0x8 drivers/serial/built-in.o
 .text.s5p_serial0_putc
                0x0000000020014b24        0x8 drivers/serial/built-in.o
 .text.s5p_serial1_putc
                0x0000000020014b2c        0x8 drivers/serial/built-in.o
 .text.s5p_serial2_putc
                0x0000000020014b34        0x8 drivers/serial/built-in.o
 .text.s5p_serial3_putc
                0x0000000020014b3c        0x8 drivers/serial/built-in.o
 .text.serial_setbrg_dev
                0x0000000020014b44       0x88 drivers/serial/built-in.o
 .text.s5p_serial0_setbrg
                0x0000000020014bcc        0x8 drivers/serial/built-in.o
 .text.serial_init_dev
                0x0000000020014bd4       0x64 drivers/serial/built-in.o
 .text.s5p_serial0_init
                0x0000000020014c38        0x8 drivers/serial/built-in.o
 .text.s5p_serial1_init
                0x0000000020014c40        0x8 drivers/serial/built-in.o
 .text.s5p_serial2_init
                0x0000000020014c48        0x8 drivers/serial/built-in.o
 .text.s5p_serial3_init
                0x0000000020014c50        0x8 drivers/serial/built-in.o
 .text.s5p_serial1_setbrg
                0x0000000020014c58        0x8 drivers/serial/built-in.o
 .text.s5p_serial2_setbrg
                0x0000000020014c60        0x8 drivers/serial/built-in.o
 .text.s5p_serial3_setbrg
                0x0000000020014c68        0x8 drivers/serial/built-in.o
 .text.serial_getc_dev
                0x0000000020014c70       0xb4 drivers/serial/built-in.o
 .text.s5p_serial0_getc
                0x0000000020014d24        0x8 drivers/serial/built-in.o
 .text.s5p_serial1_getc
                0x0000000020014d2c        0x8 drivers/serial/built-in.o
 .text.s5p_serial2_getc
                0x0000000020014d34        0x8 drivers/serial/built-in.o
 .text.s5p_serial3_getc
                0x0000000020014d3c        0x8 drivers/serial/built-in.o
 .text.default_serial_console
                0x0000000020014d44       0x1c drivers/serial/built-in.o
                0x0000000020014d44                default_serial_console
 .text.s5p_serial_initialize
                0x0000000020014d60       0x38 drivers/serial/built-in.o
                0x0000000020014d60                s5p_serial_initialize
 .text.fs_probe_unsupported
                0x0000000020014d98       0x18 fs/built-in.o
 .text.fs_ls_unsupported
                0x0000000020014db0        0x8 fs/built-in.o
 .text.fs_exists_unsupported
                0x0000000020014db8        0x8 fs/built-in.o
 .text.fs_read_unsupported
                0x0000000020014dc0        0x8 fs/built-in.o
 .text.fs_write_unsupported
                0x0000000020014dc8        0x8 fs/built-in.o
 .text.fs_close_unsupported
                0x0000000020014dd0        0x4 fs/built-in.o
 .text.fs_get_info
                0x0000000020014dd4       0x20 fs/built-in.o
 .text.fs_close
                0x0000000020014df4       0x28 fs/built-in.o
 .text.fs_set_blk_dev
                0x0000000020014e1c       0xb8 fs/built-in.o
                0x0000000020014e1c                fs_set_blk_dev
 .text.fs_ls    0x0000000020014ed4       0x3c fs/built-in.o
                0x0000000020014ed4                fs_ls
 .text.fs_exists
                0x0000000020014f10       0x34 fs/built-in.o
                0x0000000020014f10                fs_exists
 .text.fs_read  0x0000000020014f44       0x84 fs/built-in.o
                0x0000000020014f44                fs_read
 .text.do_load  0x0000000020014fc8      0x1c0 fs/built-in.o
                0x0000000020014fc8                do_load
 .text.do_ls    0x0000000020015188       0x68 fs/built-in.o
                0x0000000020015188                do_ls
 .text.file_exists
                0x00000000200151f0       0x2c fs/built-in.o
                0x00000000200151f0                file_exists
 .text.downcase
                0x000000002001521c       0x30 fs/built-in.o
 .text.disk_read
                0x000000002001524c       0x64 fs/built-in.o
 .text.dirdelim
                0x00000000200152b0       0x30 fs/built-in.o
 .text.get_fatent
                0x00000000200152e0      0x154 fs/built-in.o
 .text.mkcksum  0x0000000020015434       0x50 fs/built-in.o
 .text.get_cluster
                0x0000000020015484      0x170 fs/built-in.o
 .text.get_name
                0x00000000200155f4       0xac fs/built-in.o
 .text.read_bootsectandvi
                0x00000000200156a0      0x128 fs/built-in.o
 .text.slot2str
                0x00000000200157c8       0xbc fs/built-in.o
 .text.get_vfatname
                0x0000000020015884      0x1ac fs/built-in.o
 .text.fat_set_blk_dev
                0x0000000020015a30       0xcc fs/built-in.o
                0x0000000020015a30                fat_set_blk_dev
 .text.do_fat_read_at
                0x0000000020015afc      0xadc fs/built-in.o
                0x0000000020015afc                do_fat_read_at
 .text.do_fat_read
                0x00000000200165d8       0x2c fs/built-in.o
                0x00000000200165d8                do_fat_read
 .text.file_fat_detectfs
                0x0000000020016604       0x88 fs/built-in.o
                0x0000000020016604                file_fat_detectfs
 .text.file_fat_ls
                0x000000002001668c       0x10 fs/built-in.o
                0x000000002001668c                file_fat_ls
 .text.fat_exists
                0x000000002001669c       0x2c fs/built-in.o
                0x000000002001669c                fat_exists
 .text.file_fat_read_at
                0x00000000200166c8       0x4c fs/built-in.o
                0x00000000200166c8                file_fat_read_at
 .text.fat_read_file
                0x0000000020016714       0x3c fs/built-in.o
                0x0000000020016714                fat_read_file
 .text.fat_close
                0x0000000020016750        0x4 fs/built-in.o
                0x0000000020016750                fat_close
 .text.zcalloc  0x0000000020016754        0x8 lib/built-in.o
                0x0000000020016754                zcalloc
 .text.zcfree   0x000000002001675c        0x8 lib/built-in.o
                0x000000002001675c                zcfree
 .text.inflate_fast
                0x0000000020016764      0x590 lib/built-in.o
                0x0000000020016764                inflate_fast
 .text.inflate_table
                0x0000000020016cf4      0x548 lib/built-in.o
                0x0000000020016cf4                inflate_table
 .text.inflateReset
                0x000000002001723c       0x78 lib/built-in.o
                0x000000002001723c                inflateReset
 .text.inflateInit2_
                0x00000000200172b4      0x104 lib/built-in.o
                0x00000000200172b4                inflateInit2_
 .text.inflateEnd
                0x00000000200173b8       0x68 lib/built-in.o
                0x00000000200173b8                inflateEnd
 .text.adler32  0x0000000020017420      0x338 lib/built-in.o
                0x0000000020017420                adler32
 .text.inflate  0x0000000020017758     0x14f0 lib/built-in.o
                0x0000000020017758                inflate
 .text.cyg_crc16
                0x0000000020018c48       0x44 lib/built-in.o
                0x0000000020018c48                cyg_crc16
 .text.gzalloc  0x0000000020018c8c       0x10 lib/built-in.o
                0x0000000020018c8c                gzalloc
 .text.gzfree   0x0000000020018c9c        0x8 lib/built-in.o
                0x0000000020018c9c                gzfree
 .text.zunzip   0x0000000020018ca4      0x124 lib/built-in.o
                0x0000000020018ca4                zunzip
 .text.gunzip   0x0000000020018dc8       0xb8 lib/built-in.o
                0x0000000020018dc8                gunzip
 .text.lmb_add_region
                0x0000000020018e80      0x1a4 lib/built-in.o
 .text.lmb_init
                0x0000000020019024       0x28 lib/built-in.o
                0x0000000020019024                lmb_init
 .text.lmb_add  0x000000002001904c        0x4 lib/built-in.o
                0x000000002001904c                lmb_add
 .text.lmb_reserve
                0x0000000020019050        0x8 lib/built-in.o
                0x0000000020019050                lmb_reserve
 .text.lmb_overlaps_region
                0x0000000020019058       0x58 lib/built-in.o
                0x0000000020019058                lmb_overlaps_region
 .text.__lmb_alloc_base
                0x00000000200190b0      0x108 lib/built-in.o
                0x00000000200190b0                __lmb_alloc_base
 .text.lmb_alloc_base
                0x00000000200191b8       0x34 lib/built-in.o
                0x00000000200191b8                lmb_alloc_base
 .text.lmb_alloc
                0x00000000200191ec        0x8 lib/built-in.o
                0x00000000200191ec                lmb_alloc
 .text.__board_lmb_reserve
                0x00000000200191f4        0x4 lib/built-in.o
                0x00000000200191f4                board_lmb_reserve
                0x00000000200191f4                __board_lmb_reserve
 .text.string_to_ip
                0x00000000200191f8       0x60 lib/built-in.o
                0x00000000200191f8                string_to_ip
 .text.qsort    0x0000000020019258       0xdc lib/built-in.o
                0x0000000020019258                qsort
 .text.strmhz   0x0000000020019334       0x64 lib/built-in.o
                0x0000000020019334                strmhz
 .text.cmpkey   0x0000000020019398       0x14 lib/built-in.o
 .text._hdelete.isra.1
                0x00000000200193ac       0x50 lib/built-in.o
 .text.drop_var_from_set.part.2
                0x00000000200193fc       0x50 lib/built-in.o
 .text.match_string.isra.3
                0x000000002001944c       0x60 lib/built-in.o
 .text.hcreate_r
                0x00000000200194ac       0xb0 lib/built-in.o
                0x00000000200194ac                hcreate_r
 .text.hdestroy_r
                0x000000002001955c       0x78 lib/built-in.o
                0x000000002001955c                hdestroy_r
 .text.hsearch_r
                0x00000000200195d4      0x4dc lib/built-in.o
                0x00000000200195d4                hsearch_r
 .text.hdelete_r
                0x0000000020019ab0       0xd8 lib/built-in.o
                0x0000000020019ab0                hdelete_r
 .text.hexport_r
                0x0000000020019b88      0x310 lib/built-in.o
                0x0000000020019b88                hexport_r
 .text.himport_r
                0x0000000020019e98      0x34c lib/built-in.o
                0x0000000020019e98                himport_r
 .text.hwalk_r  0x000000002001a1e4       0x58 lib/built-in.o
                0x000000002001a1e4                hwalk_r
 .text.print_size
                0x000000002001a23c      0x130 lib/built-in.o
                0x000000002001a23c                print_size
 .text.print_buffer
                0x000000002001a36c      0x1b4 lib/built-in.o
                0x000000002001a36c                print_buffer
 .text.crc32_no_comp
                0x000000002001a520       0xd8 lib/built-in.o
                0x000000002001a520                crc32_no_comp
 .text.crc32    0x000000002001a5f8       0x14 lib/built-in.o
                0x000000002001a5f8                crc32
 .text.crc32_wd
                0x000000002001a60c        0x4 lib/built-in.o
                0x000000002001a60c                crc32_wd
 .text.__div64_32
                0x000000002001a610       0xd0 lib/built-in.o
                0x000000002001a610                __div64_32
 .text.hang     0x000000002001a6e0       0x1c lib/built-in.o
                0x000000002001a6e0                hang
 .text.skip_spaces
                0x000000002001a6fc       0x28 lib/built-in.o
                0x000000002001a6fc                skip_spaces
 .text.strim    0x000000002001a724       0x60 lib/built-in.o
                0x000000002001a724                strim
 .text.strcpy   0x000000002001a784       0x18 lib/built-in.o
                0x000000002001a784                strcpy
 .text.strncpy  0x000000002001a79c       0x24 lib/built-in.o
                0x000000002001a79c                strncpy
 .text.strcat   0x000000002001a7c0       0x30 lib/built-in.o
                0x000000002001a7c0                strcat
 .text.strncat  0x000000002001a7f0       0x54 lib/built-in.o
                0x000000002001a7f0                strncat
 .text.strcmp   0x000000002001a844       0x28 lib/built-in.o
                0x000000002001a844                strcmp
 .text.strncmp  0x000000002001a86c       0x3c lib/built-in.o
                0x000000002001a86c                strncmp
 .text.strchr   0x000000002001a8a8       0x2c lib/built-in.o
                0x000000002001a8a8                strchr
 .text.strlen   0x000000002001a8d4       0x20 lib/built-in.o
                0x000000002001a8d4                strlen
 .text.strnlen  0x000000002001a8f4       0x2c lib/built-in.o
                0x000000002001a8f4                strnlen
 .text.strdup   0x000000002001a920       0x40 lib/built-in.o
                0x000000002001a920                strdup
 .text.strpbrk  0x000000002001a960       0x3c lib/built-in.o
                0x000000002001a960                strpbrk
 .text.memset   0x000000002001a99c       0x5c lib/built-in.o
                0x000000002001a99c                memset
 .text.memcpy   0x000000002001a9f8       0x6c lib/built-in.o
                0x000000002001a9f8                memcpy
 .text.memmove  0x000000002001aa64       0x48 lib/built-in.o
                0x000000002001aa64                memmove
 .text.memcmp   0x000000002001aaac       0x30 lib/built-in.o
                0x000000002001aaac                memcmp
 .text.strstr   0x000000002001aadc       0x6c lib/built-in.o
                0x000000002001aadc                strstr
 .text.udelay   0x000000002001ab48       0x30 lib/built-in.o
                0x000000002001ab48                udelay
 .text.mdelay   0x000000002001ab78       0x24 lib/built-in.o
                0x000000002001ab78                mdelay
 .text.put_dec_trunc
                0x000000002001ab9c       0xd4 lib/built-in.o
 .text.put_dec  0x000000002001ac70      0x13c lib/built-in.o
 .text.string.isra.0
                0x000000002001adac       0x94 lib/built-in.o
 .text.number.isra.4
                0x000000002001ae40      0x250 lib/built-in.o
 .text.vsnprintf_internal.isra.6
                0x000000002001b090      0x5fc lib/built-in.o
 .text.simple_strtoul
                0x000000002001b68c       0xb8 lib/built-in.o
                0x000000002001b68c                simple_strtoul
 .text.strict_strtoul
                0x000000002001b744       0x78 lib/built-in.o
                0x000000002001b744                strict_strtoul
 .text.simple_strtol
                0x000000002001b7bc       0x28 lib/built-in.o
                0x000000002001b7bc                simple_strtol
 .text.simple_strtoull
                0x000000002001b7e4       0xdc lib/built-in.o
                0x000000002001b7e4                simple_strtoull
 .text.vsprintf
                0x000000002001b8c0        0x4 lib/built-in.o
                0x000000002001b8c0                vsprintf
 .text.sprintf  0x000000002001b8c4       0x28 lib/built-in.o
                0x000000002001b8c4                sprintf
 .text.panic    0x000000002001b8ec       0x44 lib/built-in.o
                0x000000002001b8ec                panic
 .text.simple_itoa
                0x000000002001b930       0x54 lib/built-in.o
                0x000000002001b930                simple_itoa
 .text.ArpInit  0x000000002001b984       0x50 net/built-in.o
                0x000000002001b984                ArpInit
 .text.arp_raw_request
                0x000000002001b9d4       0xc0 net/built-in.o
                0x000000002001b9d4                arp_raw_request
 .text.ArpRequest
                0x000000002001ba94       0x84 net/built-in.o
                0x000000002001ba94                ArpRequest
 .text.ArpTimeoutCheck
                0x000000002001bb18       0x80 net/built-in.o
                0x000000002001bb18                ArpTimeoutCheck
 .text.ArpReceive
                0x000000002001bb98      0x1fc net/built-in.o
                0x000000002001bb98                ArpReceive
 .text.BootpHandler
                0x000000002001bd94      0x360 net/built-in.o
 .text.BootpRequest
                0x000000002001c0f4      0x1f8 net/built-in.o
                0x000000002001c0f4                BootpRequest
 .text.BootpTimeout
                0x000000002001c2ec       0x44 net/built-in.o
 .text.__def_eth_init
                0x000000002001c330        0x8 net/built-in.o
                0x000000002001c330                cpu_eth_init
 .text.eth_current_changed
                0x000000002001c338       0x60 net/built-in.o
 .text.eth_parse_enetaddr
                0x000000002001c398       0x54 net/built-in.o
                0x000000002001c398                eth_parse_enetaddr
 .text.eth_getenv_enetaddr
                0x000000002001c3ec       0x5c net/built-in.o
                0x000000002001c3ec                eth_getenv_enetaddr
 .text.eth_setenv_enetaddr
                0x000000002001c448       0x34 net/built-in.o
                0x000000002001c448                eth_setenv_enetaddr
 .text.eth_getenv_enetaddr_by_index
                0x000000002001c47c       0x50 net/built-in.o
                0x000000002001c47c                eth_getenv_enetaddr_by_index
 .text.eth_get_dev_by_index
                0x000000002001c4cc       0x40 net/built-in.o
                0x000000002001c4cc                eth_get_dev_by_index
 .text.eth_get_dev_index
                0x000000002001c50c       0x1c net/built-in.o
                0x000000002001c50c                eth_get_dev_index
 .text.eth_write_hwaddr
                0x000000002001c528      0x1d8 net/built-in.o
                0x000000002001c528                eth_write_hwaddr
 .text.eth_register
                0x000000002001c700       0x7c net/built-in.o
                0x000000002001c700                eth_register
 .text.eth_initialize
                0x000000002001c77c      0x1c8 net/built-in.o
                0x000000002001c77c                eth_initialize
 .text.eth_halt
                0x000000002001c944       0x30 net/built-in.o
                0x000000002001c944                eth_halt
 .text.eth_send
                0x000000002001c974       0x38 net/built-in.o
                0x000000002001c974                eth_send
 .text.eth_rx   0x000000002001c9ac       0x24 net/built-in.o
                0x000000002001c9ac                eth_rx
 .text.eth_try_another
                0x000000002001c9d0       0x84 net/built-in.o
                0x000000002001c9d0                eth_try_another
 .text.eth_init
                0x000000002001ca54       0xd0 net/built-in.o
                0x000000002001ca54                eth_init
 .text.eth_set_current
                0x000000002001cb24       0xa4 net/built-in.o
                0x000000002001cb24                eth_set_current
 .text.eth_get_name
                0x000000002001cbc8       0x20 net/built-in.o
                0x000000002001cbc8                eth_get_name
 .text.startAgainTimeout
                0x000000002001cbe8       0x14 net/built-in.o
 .text.dummy_handler
                0x000000002001cbfc        0x4 net/built-in.o
 .text.net_clear_handlers
                0x000000002001cc00       0x34 net/built-in.o
 .text.net_auto_load
                0x000000002001cc34       0x64 net/built-in.o
                0x000000002001cc34                net_auto_load
 .text.NetStartAgain
                0x000000002001cc98      0x150 net/built-in.o
                0x000000002001cc98                NetStartAgain
 .text.net_set_udp_handler
                0x000000002001cde8       0x20 net/built-in.o
                0x000000002001cde8                net_set_udp_handler
 .text.net_get_arp_handler
                0x000000002001ce08       0x10 net/built-in.o
                0x000000002001ce08                net_get_arp_handler
 .text.NetSetTimeout
                0x000000002001ce18       0x5c net/built-in.o
                0x000000002001ce18                NetSetTimeout
 .text.NetCksum
                0x000000002001ce74       0x30 net/built-in.o
                0x000000002001ce74                NetCksum
 .text.NetCksumOk
                0x000000002001cea4       0x20 net/built-in.o
                0x000000002001cea4                NetCksumOk
 .text.NetReceive
                0x000000002001cec4      0x258 net/built-in.o
                0x000000002001cec4                NetReceive
 .text.NetEthHdrSize
                0x000000002001d11c       0x38 net/built-in.o
                0x000000002001d11c                NetEthHdrSize
 .text.NetSetEther
                0x000000002001d154       0x94 net/built-in.o
                0x000000002001d154                NetSetEther
 .text.net_update_ether
                0x000000002001d1e8       0x78 net/built-in.o
                0x000000002001d1e8                net_update_ether
 .text.net_set_ip_header
                0x000000002001d260       0x88 net/built-in.o
                0x000000002001d260                net_set_ip_header
 .text.net_set_udp_header
                0x000000002001d2e8       0x88 net/built-in.o
                0x000000002001d2e8                net_set_udp_header
 .text.NetSendUDPPacket
                0x000000002001d370      0x10c net/built-in.o
                0x000000002001d370                NetSendUDPPacket
 .text.copy_filename
                0x000000002001d47c       0x44 net/built-in.o
                0x000000002001d47c                copy_filename
 .text.on_bootfile
                0x000000002001d4c0       0x2c net/built-in.o
 .text.ip_to_string
                0x000000002001d4ec       0x38 net/built-in.o
                0x000000002001d4ec                ip_to_string
 .text.string_to_VLAN
                0x000000002001d524       0x44 net/built-in.o
                0x000000002001d524                string_to_VLAN
 .text.getenv_VLAN
                0x000000002001d568       0x10 net/built-in.o
                0x000000002001d568                getenv_VLAN
 .text.NetInitLoop
                0x000000002001d578       0xf0 net/built-in.o
 .text.net_init
                0x000000002001d668       0x70 net/built-in.o
                0x000000002001d668                net_init
 .text.NetLoop  0x000000002001d6d8      0x304 net/built-in.o
                0x000000002001d6d8                NetLoop
 .text.rpc_lookup_reply
                0x000000002001d9dc       0xb0 net/built-in.o
 .text.nfs_mount_reply
                0x000000002001da8c       0xa8 net/built-in.o
 .text.nfs_umountall_reply
                0x000000002001db34       0x98 net/built-in.o
 .text.nfs_lookup_reply
                0x000000002001dbcc       0x98 net/built-in.o
 .text.nfs_readlink_reply
                0x000000002001dc64       0xf8 net/built-in.o
 .text.basename
                0x000000002001dd5c       0x3c net/built-in.o
 .text.rpc_add_credentials
                0x000000002001dd98       0xb4 net/built-in.o
 .text.rpc_req  0x000000002001de4c       0xf8 net/built-in.o
 .text.nfs_mount_req
                0x000000002001df44       0x94 net/built-in.o
 .text.nfs_umountall_req
                0x000000002001dfd8       0x60 net/built-in.o
 .text.nfs_lookup_req
                0x000000002001e038       0xa8 net/built-in.o
 .text.nfs_read_req
                0x000000002001e0e0       0x78 net/built-in.o
 .text.nfs_readlink_req
                0x000000002001e158       0x58 net/built-in.o
 .text.nfs_read_reply.isra.0
                0x000000002001e1b0      0x138 net/built-in.o
 .text.NfsSend  0x000000002001e2e8      0x114 net/built-in.o
 .text.NfsHandler
                0x000000002001e3fc      0x224 net/built-in.o
 .text.NfsTimeout
                0x000000002001e620       0x64 net/built-in.o
 .text.NfsStart
                0x000000002001e684      0x254 net/built-in.o
                0x000000002001e684                NfsStart
 .text.TftpSend
                0x000000002001e8d8      0x1c8 net/built-in.o
 .text.TftpHandler
                0x000000002001eaa0      0x378 net/built-in.o
 .text.TftpTimeout
                0x000000002001ee18       0x88 net/built-in.o
 .text.TftpStart
                0x000000002001eea0      0x33c net/built-in.o
                0x000000002001eea0                TftpStart
 .text.raise    0x000000002001f1dc       0x1c arch/arm/lib/eabi_compat.o
                0x000000002001f1dc                raise
 .text          0x000000002001f1f8       0xc8 /usr/local/arm-cortex_a8-linux-gnueabi/lib/gcc/arm-cortex_a8-linux-gnueabi/4.9.4/libgcc.a(_udivsi3.o)
                0x000000002001f1f8                __udivsi3
                0x000000002001f1f8                __aeabi_uidiv
                0x000000002001f2a0                __aeabi_uidivmod
 .text          0x000000002001f2c0       0xfc /usr/local/arm-cortex_a8-linux-gnueabi/lib/gcc/arm-cortex_a8-linux-gnueabi/4.9.4/libgcc.a(_divsi3.o)
                0x000000002001f2c0                __aeabi_idiv
                0x000000002001f2c0                __divsi3
                0x000000002001f39c                __aeabi_idivmod
 .text          0x000000002001f3bc       0x1c /usr/local/arm-cortex_a8-linux-gnueabi/lib/gcc/arm-cortex_a8-linux-gnueabi/4.9.4/libgcc.a(_lshrdi3.o)
                0x000000002001f3bc                __aeabi_llsr
                0x000000002001f3bc                __lshrdi3
 .text          0x000000002001f3d8       0x1c /usr/local/arm-cortex_a8-linux-gnueabi/lib/gcc/arm-cortex_a8-linux-gnueabi/4.9.4/libgcc.a(_ashrdi3.o)
                0x000000002001f3d8                __ashrdi3
                0x000000002001f3d8                __aeabi_lasr
 .text          0x000000002001f3f4       0x1c /usr/local/arm-cortex_a8-linux-gnueabi/lib/gcc/arm-cortex_a8-linux-gnueabi/4.9.4/libgcc.a(_ashldi3.o)
                0x000000002001f3f4                __ashldi3
                0x000000002001f3f4                __aeabi_llsl
 .text          0x000000002001f410       0x10 /usr/local/arm-cortex_a8-linux-gnueabi/lib/gcc/arm-cortex_a8-linux-gnueabi/4.9.4/libgcc.a(_dvmd_lnx.o)
                0x000000002001f410                __aeabi_ldiv0
                0x000000002001f410                __aeabi_idiv0

.glue_7         0x000000002001f420        0x0
 .glue_7        0x000000002001f420        0x0 linker stubs

.glue_7t        0x000000002001f420        0x0
 .glue_7t       0x000000002001f420        0x0 linker stubs

.vfp11_veneer   0x000000002001f420        0x0
 .vfp11_veneer  0x000000002001f420        0x0 linker stubs

.v4_bx          0x000000002001f420        0x0
 .v4_bx         0x000000002001f420        0x0 linker stubs

.iplt           0x000000002001f420        0x0
 .iplt          0x000000002001f420        0x0 arch/arm/cpu/armv7/start.o
                0x000000002001f420                . = ALIGN (0x4)

.rodata         0x000000002001f420     0x7e3b
 *(SORT(.rodata*))
 .rodata        0x000000002001f420       0x80 arch/arm/lib/built-in.o
 .rodata.CSWTCH.28
                0x000000002001f4a0       0x20 common/built-in.o
 .rodata.boot_os
                0x000000002001f4c0       0x60 common/built-in.o
 .rodata.chip_ids
                0x000000002001f520       0x68 drivers/net/built-in.o
 .rodata.crc_table
                0x000000002001f588      0x400 lib/built-in.o
 .rodata.env_flags_varaccess_mask
                0x000000002001f988       0x10 common/built-in.o
 .rodata.op_adv
                0x000000002001f998      0x100 common/built-in.o
                0x000000002001f998                op_adv
 .rodata.op_table
                0x000000002001fa98       0x68 common/built-in.o
 .rodata.udivslot
                0x000000002001fb00       0x40 drivers/serial/built-in.o
 .rodata.uimage_arch
                0x000000002001fb40      0x120 common/built-in.o
 .rodata.uimage_comp
                0x000000002001fc60       0x48 common/built-in.o
 .rodata.uimage_os
                0x000000002001fca8       0x78 common/built-in.o
 .rodata.uimage_type
                0x000000002001fd20       0xd8 common/built-in.o
 .rodata.CSWTCH.47
                0x000000002001fdf8       0x10 drivers/mtd/onenand/built-in.o
 .rodata.crc16_tab
                0x000000002001fe08      0x200 lib/built-in.o
 .rodata.dbase.6643
                0x0000000020020008       0x40 lib/built-in.o
 .rodata.dext.6644
                0x0000000020020048       0x40 lib/built-in.o
 .rodata.distfix
                0x0000000020020088       0x80 lib/built-in.o
 .rodata.ffchars
                0x0000000020020108       0x80 drivers/mtd/onenand/built-in.o
 .rodata.lbase.6641
                0x0000000020020188       0x3e lib/built-in.o
 .rodata.lenfix
                0x00000000200201c6      0x800 lib/built-in.o
 .rodata.lext.6642
                0x00000000200209c6       0x3e lib/built-in.o
 .rodata.order.6737
                0x0000000020020a04       0x26 lib/built-in.o
 .rodata        0x0000000020020a2a        0x3 common/built-in.o
 .rodata        0x0000000020020a2d        0xe net/built-in.o
 .rodata.CSWTCH.23
                0x0000000020020a3b       0x16 common/built-in.o
 .rodata.__func__.6473
                0x0000000020020a51       0x10 common/built-in.o
 .rodata.__func__.6484
                0x0000000020020a61        0xb common/built-in.o
 .rodata.__func__.6653
                0x0000000020020a6c        0xe common/built-in.o
 .rodata.__func__.6687
                0x0000000020020a7a        0xe common/built-in.o
 .rodata.__func__.6965
                0x0000000020020a88        0x8 common/built-in.o
 .rodata.__func__.7002
                0x0000000020020a90       0x11 drivers/mtd/onenand/built-in.o
 .rodata._ctype
                0x0000000020020aa1      0x100 lib/built-in.o
                0x0000000020020aa1                _ctype
 .rodata.default_environment
                0x0000000020020ba1      0x79f common/built-in.o
                0x0000000020020ba1                default_environment
 .rodata.delims.6352
                0x0000000020021340        0x3 common/built-in.o
 .rodata.digits.6356
                0x0000000020021343       0x10 lib/built-in.o
 .rodata.env_flags_varaccess_rep
                0x0000000020021353        0x5 common/built-in.o
 .rodata.env_flags_vartype_rep
                0x0000000020021358        0x7 common/built-in.o
 .rodata.erase_seq
                0x000000002002135f        0x4 common/built-in.o
 .rodata.hex_asc
                0x0000000020021363       0x11 lib/built-in.o
 .rodata.names.6256
                0x0000000020021374        0x6 lib/built-in.o
 .rodata.str1.1
                0x000000002002137a       0x7a arch/arm/cpu/armv7/built-in.o
 .rodata.str1.1
                0x00000000200213f4       0x16 arch/arm/cpu/armv7/s5pc1xx/built-in.o
 .rodata.str1.1
                0x000000002002140a      0x329 arch/arm/lib/built-in.o
                                        0x347 (size before relaxing)
 .rodata.str1.1
                0x0000000020021733       0x11 board/samsung/smdkv210/built-in.o
 .rodata.str1.1
                0x0000000020021744     0x3eb7 common/built-in.o
                                       0x42aa (size before relaxing)
 .rodata.str1.1
                0x00000000200255fb      0x11b disk/built-in.o
                                        0x124 (size before relaxing)
 .rodata.str1.1
                0x0000000020025716      0x1ee drivers/mtd/built-in.o
 .rodata.str1.1
                0x0000000020025904      0x92e drivers/mtd/onenand/built-in.o
                                        0x94d (size before relaxing)
 .rodata.str1.1
                0x0000000020026232      0x214 drivers/net/built-in.o
                                        0x215 (size before relaxing)
 .rodata.str1.1
                0x0000000020026446       0x57 drivers/serial/built-in.o
                                         0x92 (size before relaxing)
 .rodata.str1.1
                0x000000002002649d      0x267 fs/built-in.o
                                        0x2a7 (size before relaxing)
 .rodata.str1.1
                0x0000000020026704      0x456 lib/built-in.o
                                        0x470 (size before relaxing)
 .rodata.str1.1
                0x0000000020026b5a      0x6a8 net/built-in.o
                                        0x834 (size before relaxing)
 .rodata.str1.1
                0x0000000020027202       0x1b arch/arm/lib/eabi_compat.o
 .rodata.tab_seq
                0x000000002002721d        0x9 common/built-in.o
 .rodata.version_string
                0x0000000020027226       0x35 common/built-in.o
                0x0000000020027226                version_string

.hash           0x000000002002725c       0x18
 .hash          0x000000002002725c       0x18 arch/arm/cpu/armv7/start.o
                0x0000000020027274                . = ALIGN (0x4)

.data           0x0000000020027274     0x33ce
 *(.data*)
 .data.rel.ro   0x0000000020027274        0x0 arch/arm/cpu/armv7/start.o
 .data.s5p_cpu_id
                0x0000000020027274        0x4 arch/arm/cpu/armv7/built-in.o
                0x0000000020027274                s5p_cpu_id
 .data.s5p_cpu_rev
                0x0000000020027278        0x4 arch/arm/cpu/armv7/built-in.o
                0x0000000020027278                s5p_cpu_rev
 .data.init_sequence
                0x000000002002727c       0x30 arch/arm/lib/built-in.o
                0x000000002002727c                init_sequence
 .data.hist_cur
                0x00000000200272ac        0x4 common/built-in.o
 .data.reserved_list
                0x00000000200272b0       0x84 common/built-in.o
 .data.bootm_help_text
                0x0000000020027334      0x245 common/built-in.o
 *fill*         0x0000000020027579        0x3 
 .data.cmd_bootm_sub
                0x000000002002757c       0xc0 common/built-in.o
 .data.first_call
                0x000000002002763c        0x8 common/built-in.o
 .data.env_name_spec
                0x0000000020027644        0x4 common/built-in.o
                0x0000000020027644                env_name_spec
 .data.source_help_text
                0x0000000020027648       0x4e common/built-in.o
 *fill*         0x0000000020027696        0x2 
 .data.do_echo  0x0000000020027698        0x4 common/built-in.o
 .data.dp_last_length
                0x000000002002769c        0x4 common/built-in.o
 .data.mtdparts_help_text
                0x00000000200276a0      0x4d3 common/built-in.o
 *fill*         0x0000000020027b73        0x1 
 .data.cmd_onenand_sub
                0x0000000020027b74       0xd8 common/built-in.o
 .data.imgextract_help_text
                0x0000000020027c4c       0x55 common/built-in.o
 .data.env_help_text
                0x0000000020027ca1      0x218 common/built-in.o
 *fill*         0x0000000020027eb9        0x3 
 .data.env_id   0x0000000020027ebc        0x4 common/built-in.o
 .data.cmd_env_sub