Archive member included to satisfy reference by file (symbol)

/usr/local/arm-cortex_a8-linux-gnueabi/lib/gcc/arm-cortex_a8-linux-gnueabi/4.9.4/libgcc.a(_udivsi3.o)
                              arch/arm/cpu/armv7/built-in.o (__aeabi_uidiv)
/usr/local/arm-cortex_a8-linux-gnueabi/lib/gcc/arm-cortex_a8-linux-gnueabi/4.9.4/libgcc.a(_divsi3.o)
                              common/built-in.o (__aeabi_idiv)
/usr/local/arm-cortex_a8-linux-gnueabi/lib/gcc/arm-cortex_a8-linux-gnueabi/4.9.4/libgcc.a(_lshrdi3.o)
                              common/built-in.o (__aeabi_llsr)
/usr/local/arm-cortex_a8-linux-gnueabi/lib/gcc/arm-cortex_a8-linux-gnueabi/4.9.4/libgcc.a(_ashrdi3.o)
                              common/built-in.o (__aeabi_lasr)
/usr/local/arm-cortex_a8-linux-gnueabi/lib/gcc/arm-cortex_a8-linux-gnueabi/4.9.4/libgcc.a(_ashldi3.o)
                              drivers/mtd/onenand/built-in.o (__aeabi_llsl)
/usr/local/arm-cortex_a8-linux-gnueabi/lib/gcc/arm-cortex_a8-linux-gnueabi/4.9.4/libgcc.a(_dvmd_lnx.o)
                              /usr/local/arm-cortex_a8-linux-gnueabi/lib/gcc/arm-cortex_a8-linux-gnueabi/4.9.4/libgcc.a(_udivsi3.o) (__aeabi_idiv0)

Discarded input sections

 .data          0x0000000000000000        0x0 arch/arm/cpu/armv7/start.o
 .bss           0x0000000000000000        0x0 arch/arm/cpu/armv7/start.o
 .text          0x0000000000000000        0x0 arch/arm/cpu/armv7/built-in.o
 .text.__v7_outer_cache_enable
                0x0000000000000000        0x4 arch/arm/cpu/armv7/built-in.o
 .text.__v7_outer_cache_disable
                0x0000000000000000        0x4 arch/arm/cpu/armv7/built-in.o
 .text.mmu_page_table_flush
                0x0000000000000000       0x24 arch/arm/cpu/armv7/built-in.o
 .text.__v7_outer_cache_inval_range
                0x0000000000000000        0x4 arch/arm/cpu/armv7/built-in.o
 .text.invalidate_dcache_range
                0x0000000000000000       0xac arch/arm/cpu/armv7/built-in.o
 .text.sdelay   0x0000000000000000        0xc arch/arm/cpu/armv7/built-in.o
 .text.sr32     0x0000000000000000       0x20 arch/arm/cpu/armv7/built-in.o
 .text.wait_on_value
                0x0000000000000000       0x34 arch/arm/cpu/armv7/built-in.o
 .text.get_device_type
                0x0000000000000000       0x10 arch/arm/cpu/armv7/built-in.o
 .text.timer_get_us
                0x0000000000000000       0x54 arch/arm/cpu/armv7/built-in.o
 .text.pwm_disable
                0x0000000000000000       0x50 arch/arm/cpu/armv7/built-in.o
 .rodata.__func__.6348
                0x0000000000000000       0x16 arch/arm/cpu/armv7/built-in.o
 .data          0x0000000000000000        0x0 arch/arm/cpu/armv7/built-in.o
 .bss           0x0000000000000000        0x0 arch/arm/cpu/armv7/built-in.o
 .bss.base_time_us.6317
                0x0000000000000000        0x4 arch/arm/cpu/armv7/built-in.o
 .text.set_mmc_clk
                0x0000000000000000        0x4 arch/arm/cpu/armv7/s5pc1xx/built-in.o
 .data          0x0000000000000000        0x0 arch/arm/cpu/armv7/s5pc1xx/built-in.o
 .bss           0x0000000000000000        0x0 arch/arm/cpu/armv7/s5pc1xx/built-in.o
 .text.__arch_cpu_init
                0x0000000000000000        0x8 arch/arm/lib/built-in.o
 .text.__red_led_off
                0x0000000000000000        0x4 arch/arm/lib/built-in.o
 .text.__green_led_on
                0x0000000000000000        0x4 arch/arm/lib/built-in.o
 .text.__green_led_off
                0x0000000000000000        0x4 arch/arm/lib/built-in.o
 .text.__yellow_led_on
                0x0000000000000000        0x4 arch/arm/lib/built-in.o
 .text.__yellow_led_off
                0x0000000000000000        0x4 arch/arm/lib/built-in.o
 .text.__blue_led_on
                0x0000000000000000        0x4 arch/arm/lib/built-in.o
 .text.__blue_led_off
                0x0000000000000000        0x4 arch/arm/lib/built-in.o
 .text.__dram_init_banksize
                0x0000000000000000       0x1c arch/arm/lib/built-in.o
 .text.__flush_cache
                0x0000000000000000        0x4 arch/arm/lib/built-in.o
 .text.__flush_dcache_all
                0x0000000000000000        0xc arch/arm/lib/built-in.o
 .text.__arm_init_before_mmu
                0x0000000000000000        0x4 arch/arm/lib/built-in.o
 .text.__mmu_page_table_flush
                0x0000000000000000        0x4 arch/arm/lib/built-in.o
 .text.mmu_set_region_dcache_behaviour
                0x0000000000000000       0x50 arch/arm/lib/built-in.o
 .data          0x0000000000000000        0x0 arch/arm/lib/built-in.o
 .__end         0x0000000000000000        0x0 arch/arm/lib/built-in.o
 .bss           0x0000000000000000        0x0 arch/arm/lib/built-in.o
 .text.ledm_inv
                0x0000000000000000       0x38 board/samsung/smdkv210/built-in.o
 .data          0x0000000000000000        0x0 board/samsung/smdkv210/built-in.o
 .bss           0x0000000000000000        0x0 board/samsung/smdkv210/built-in.o
 .text          0x0000000000000000        0x0 common/built-in.o
 .text.parse_line
[...]
Memory Configuration

Name             Origin             Length             Attributes
*default*        0x0000000000000000 0xffffffffffffffff

Linker script and memory map

Address of section .text set to 0x20000000
                0x0000000000000000                . = 0x0
                0x0000000000000000                . = ALIGN (0x4)

.text           0x0000000020000000    0x1f458
 *(.__image_copy_start)
 .__image_copy_start
                0x0000000020000000        0x0 arch/arm/lib/built-in.o
                0x0000000020000000                __image_copy_start
 arch/arm/cpu/armv7/start.o(.text*)
 .text          0x0000000020000000      0x36c arch/arm/cpu/armv7/start.o
                0x0000000020000000                _start
                0x0000000020000020                _undefined_instruction
                0x0000000020000024                _software_interrupt
                0x0000000020000028                _prefetch_abort
                0x000000002000002c                _data_abort
                0x0000000020000030                _not_used
                0x0000000020000034                _irq
                0x0000000020000038                _fiq
                0x0000000020000040                _end_vect
                0x0000000020000040                IRQ_STACK_START_IN
                0x0000000020000084                c_runtime_cpu_setup
                0x000000002000009c                save_boot_params
                0x00000000200000a0                cpu_init_cp15
                0x00000000200000d8                cpu_init_crit
 *(.text*)
 .text.v7_maint_dcache_all
                0x000000002000036c       0xd0 arch/arm/cpu/armv7/built-in.o
 .text.invalidate_icache_all
                0x000000002000043c       0x18 arch/arm/cpu/armv7/built-in.o
                0x000000002000043c                invalidate_icache_all
 .text.__v7_outer_cache_flush_all
                0x0000000020000454        0x4 arch/arm/cpu/armv7/built-in.o
                0x0000000020000454                __v7_outer_cache_flush_all
                0x0000000020000454                v7_outer_cache_flush_all
 .text.flush_dcache_all
                0x0000000020000458       0x14 arch/arm/cpu/armv7/built-in.o
                0x0000000020000458                flush_dcache_all
 .text.__v7_outer_cache_inval_all
                0x000000002000046c        0x4 arch/arm/cpu/armv7/built-in.o
                0x000000002000046c                v7_outer_cache_inval_all
                0x000000002000046c                __v7_outer_cache_inval_all
 .text.invalidate_dcache_all
                0x0000000020000470       0x14 arch/arm/cpu/armv7/built-in.o
                0x0000000020000470                invalidate_dcache_all
 .text.arm_init_before_mmu
                0x0000000020000484       0x28 arch/arm/cpu/armv7/built-in.o
                0x0000000020000484                arm_init_before_mmu
 .text.__v7_outer_cache_flush_range
                0x00000000200004ac        0x4 arch/arm/cpu/armv7/built-in.o
                0x00000000200004ac                v7_outer_cache_flush_range
                0x00000000200004ac                __v7_outer_cache_flush_range
 .text.flush_dcache_range
                0x00000000200004b0       0x3c arch/arm/cpu/armv7/built-in.o
                0x00000000200004b0                flush_dcache_range
 .text.flush_cache
                0x00000000200004ec        0x8 arch/arm/cpu/armv7/built-in.o
                0x00000000200004ec                flush_cache
 .text.cpu_cache_initialization
                0x00000000200004f4        0x4 arch/arm/cpu/armv7/built-in.o
                0x00000000200004f4                cpu_cache_initialization
 .text.cleanup_before_linux
                0x00000000200004f8       0x28 arch/arm/cpu/armv7/built-in.o
                0x00000000200004f8                cleanup_before_linux
 .text.arch_cpu_init
                0x0000000020000520       0x34 arch/arm/cpu/armv7/built-in.o
                0x0000000020000520                arch_cpu_init
 .text.print_cpuinfo
                0x0000000020000554       0x4c arch/arm/cpu/armv7/built-in.o
                0x0000000020000554                print_cpuinfo
 .text.timer_get_us_down
                0x00000000200005a0       0x38 arch/arm/cpu/armv7/built-in.o
 .text.get_timer
                0x00000000200005d8       0x70 arch/arm/cpu/armv7/built-in.o
                0x00000000200005d8                get_timer
 .text.__udelay
                0x0000000020000648       0x24 arch/arm/cpu/armv7/built-in.o
                0x0000000020000648                __udelay
 .text.reset_timer_masked
                0x000000002000066c       0x44 arch/arm/cpu/armv7/built-in.o
                0x000000002000066c                reset_timer_masked
 .text.timer_init
                0x00000000200006b0       0x54 arch/arm/cpu/armv7/built-in.o
                0x00000000200006b0                timer_init
 .text.get_ticks
                0x0000000020000704       0x14 arch/arm/cpu/armv7/built-in.o
                0x0000000020000704                get_ticks
 .text.get_tbclk
                0x0000000020000718        0x8 arch/arm/cpu/armv7/built-in.o
                0x0000000020000718                get_tbclk
 .text.s5p_config_sromc
                0x0000000020000720       0x4c arch/arm/cpu/armv7/built-in.o
                0x0000000020000720                s5p_config_sromc
 .text.pwm_enable
                0x000000002000076c       0x54 arch/arm/cpu/armv7/built-in.o
                0x000000002000076c                pwm_enable
 .text.pwm_config
                0x00000000200007c0      0x168 arch/arm/cpu/armv7/built-in.o
                0x00000000200007c0                pwm_config
 .text.pwm_init
                0x0000000020000928      0x110 arch/arm/cpu/armv7/built-in.o
                0x0000000020000928                pwm_init
 *fill*         0x0000000020000a38        0x8 
 .text          0x0000000020000a40       0x64 arch/arm/cpu/armv7/s5pc1xx/built-in.o
                0x0000000020000a40                v7_outer_cache_enable
                0x0000000020000a54                v7_outer_cache_disable
                0x0000000020000a68                reset_cpu
 .text.get_pll_clk
                0x0000000020000aa4      0x148 arch/arm/cpu/armv7/s5pc1xx/built-in.o
                0x0000000020000aa4                get_pll_clk
 .text.get_pclkd1
                0x0000000020000bec       0x4c arch/arm/cpu/armv7/s5pc1xx/built-in.o
 .text.get_pclk_sys.constprop.1
                0x0000000020000c38       0x64 arch/arm/cpu/armv7/s5pc1xx/built-in.o
 .text.get_arm_clk
                0x0000000020000c9c       0x6c arch/arm/cpu/armv7/s5pc1xx/built-in.o
                0x0000000020000c9c                get_arm_clk
 .text.get_pwm_clk
                0x0000000020000d08       0x20 arch/arm/cpu/armv7/s5pc1xx/built-in.o
                0x0000000020000d08                get_pwm_clk
 .text.get_uart_clk
                0x0000000020000d28       0x20 arch/arm/cpu/armv7/s5pc1xx/built-in.o
                0x0000000020000d28                get_uart_clk
 .text          0x0000000020000d48       0xe8 arch/arm/lib/built-in.o
                0x0000000020000d48                _main
                0x0000000020000dcc                relocate_code
 .text.display_banner
                0x0000000020000e30       0x20 arch/arm/lib/built-in.o
 .text.init_baudrate
                0x0000000020000e50       0x2c arch/arm/lib/built-in.o
 .text.mark_bootstage
                0x0000000020000e7c       0x14 arch/arm/lib/built-in.o
 .text.__coloured_LED_init
                0x0000000020000e90        0x4 arch/arm/lib/built-in.o
                0x0000000020000e90                coloured_LED_init
                0x0000000020000e90                __coloured_LED_init
 .text.__red_led_on
                0x0000000020000e94        0x4 arch/arm/lib/built-in.o
                0x0000000020000e94                __red_led_on
                0x0000000020000e94                red_led_on
 .text.__power_init_board
                0x0000000020000e98        0x8 arch/arm/lib/built-in.o
                0x0000000020000e98                __power_init_board
                0x0000000020000e98                power_init_board
 .text.board_init_f
                0x0000000020000ea0      0x114 arch/arm/lib/built-in.o
                0x0000000020000ea0                board_init_f
 .text.board_init_r
                0x0000000020000fb4       0xb0 arch/arm/lib/built-in.o
                0x0000000020000fb4                board_init_r
 .text.boot_jump_linux.isra.5
                0x0000000020001064       0xa4 arch/arm/lib/built-in.o
 .text.arch_lmb_reserve
                0x0000000020001108       0x24 arch/arm/lib/built-in.o
                0x0000000020001108                arch_lmb_reserve
 .text.setup_board_tags
                0x000000002000112c        0x4 arch/arm/lib/built-in.o
                0x000000002000112c                setup_board_tags
 .text.boot_prep_linux
                0x0000000020001130      0x150 arch/arm/lib/built-in.o
 .text.do_bootm_linux
                0x0000000020001280       0x64 arch/arm/lib/built-in.o
                0x0000000020001280                do_bootm_linux
 .text.boot_prep_vxworks
                0x00000000200012e4        0x4 arch/arm/lib/built-in.o
                0x00000000200012e4                boot_prep_vxworks
 .text.boot_jump_vxworks
                0x00000000200012e8        0xc arch/arm/lib/built-in.o
                0x00000000200012e8                boot_jump_vxworks
 .text.interrupt_init
                0x00000000200012f4       0x1c arch/arm/lib/built-in.o
                0x00000000200012f4                interrupt_init
 .text.enable_interrupts
                0x0000000020001310        0x4 arch/arm/lib/built-in.o
                0x0000000020001310                enable_interrupts
 .text.disable_interrupts
                0x0000000020001314        0x8 arch/arm/lib/built-in.o
                0x0000000020001314                disable_interrupts
 .text.bad_mode
                0x000000002000131c       0x10 arch/arm/lib/built-in.o
                0x000000002000131c                bad_mode
 .text.show_regs
                0x000000002000132c      0x13c arch/arm/lib/built-in.o
                0x000000002000132c                show_regs
 .text.do_undefined_instruction
                0x0000000020001468       0x20 arch/arm/lib/built-in.o
                0x0000000020001468                do_undefined_instruction
 .text.do_software_interrupt
                0x0000000020001488       0x20 arch/arm/lib/built-in.o
                0x0000000020001488                do_software_interrupt
 .text.do_prefetch_abort
                0x00000000200014a8       0x20 arch/arm/lib/built-in.o
                0x00000000200014a8                do_prefetch_abort
 .text.do_data_abort
                0x00000000200014c8       0x20 arch/arm/lib/built-in.o
                0x00000000200014c8                do_data_abort
 .text.do_not_used
                0x00000000200014e8       0x20 arch/arm/lib/built-in.o
                0x00000000200014e8                do_not_used
 .text.do_fiq   0x0000000020001508       0x20 arch/arm/lib/built-in.o
                0x0000000020001508                do_fiq
 .text.do_irq   0x0000000020001528       0x20 arch/arm/lib/built-in.o
                0x0000000020001528                do_irq
 .text.do_reset
                0x0000000020001548       0x2c arch/arm/lib/built-in.o
                0x0000000020001548                do_reset
 .text.__enable_caches
                0x0000000020001574        0xc arch/arm/lib/built-in.o
                0x0000000020001574                enable_caches
                0x0000000020001574                __enable_caches
 .text.cp_delay
                0x0000000020001580       0x30 arch/arm/lib/built-in.o
 .text.arm_init_domains
                0x00000000200015b0        0x4 arch/arm/lib/built-in.o
                0x00000000200015b0                arm_init_domains
 .text.set_section_dcache
                0x00000000200015b4       0x14 arch/arm/lib/built-in.o
                0x00000000200015b4                set_section_dcache
 .text.dram_bank_mmu_setup
                0x00000000200015c8       0x40 arch/arm/lib/built-in.o
                0x00000000200015c8                dram_bank_mmu_setup
 .text.icache_enable
                0x0000000020001608       0x18 arch/arm/lib/built-in.o
                0x0000000020001608                icache_enable
 .text.icache_disable
                0x0000000020001620       0x1c arch/arm/lib/built-in.o
                0x0000000020001620                icache_disable
 .text.icache_status
                0x000000002000163c        0xc arch/arm/lib/built-in.o
                0x000000002000163c                icache_status
 .text.dcache_enable
                0x0000000020001648       0x6c arch/arm/lib/built-in.o
                0x0000000020001648                dcache_enable
 .text.dcache_disable
                0x00000000200016b4       0x28 arch/arm/lib/built-in.o
                0x00000000200016b4                dcache_disable
 .text.dcache_status
                0x00000000200016dc        0xc arch/arm/lib/built-in.o
                0x00000000200016dc                dcache_status
 .text          0x00000000200016e8       0xbc board/samsung/smdkv210/built-in.o
                0x00000000200016e8                lowlevel_init
 .text.board_init
                0x00000000200017a4       0x80 board/samsung/smdkv210/built-in.o
                0x00000000200017a4                board_init
 .text.dram_init
                0x0000000020001824       0x20 board/samsung/smdkv210/built-in.o
                0x0000000020001824                dram_init
 .text.dram_init_banksize
                0x0000000020001844       0x1c board/samsung/smdkv210/built-in.o
                0x0000000020001844                dram_init_banksize
 .text.checkboard
                0x0000000020001860       0x18 board/samsung/smdkv210/built-in.o
                0x0000000020001860                checkboard
 .text.board_eth_init
                0x0000000020001878       0x10 board/samsung/smdkv210/built-in.o
                0x0000000020001878                board_eth_init
 .text.onenand_board_init
                0x0000000020001888       0xa0 board/samsung/smdkv210/built-in.o
                0x0000000020001888                onenand_board_init
 .text.delay.constprop.0
                0x0000000020001928       0x50 board/samsung/smdkv210/built-in.o
 .text.ledm_on  0x0000000020001978       0x38 board/samsung/smdkv210/built-in.o
                0x0000000020001978                ledm_on
 .text.ledm_off
                0x00000000200019b0       0x38 board/samsung/smdkv210/built-in.o
                0x00000000200019b0                ledm_off
 .text.ledm_init
                0x00000000200019e8       0x28 board/samsung/smdkv210/built-in.o
                0x00000000200019e8                ledm_init
 .text.delete_char.part.0
                0x0000000020001a10       0xd0 common/built-in.o
 .text.cread_add_char
                0x0000000020001ae0       0xe8 common/built-in.o
 .text.__show_boot_progress
                0x0000000020001bc8        0x4 common/built-in.o
                0x0000000020001bc8                __show_boot_progress
                0x0000000020001bc8                show_boot_progress
 .text.readline_into_buffer
                0x0000000020001bcc      0x908 common/built-in.o
                0x0000000020001bcc                readline_into_buffer
 .text.readline
                0x00000000200024d4       0x14 common/built-in.o
                0x00000000200024d4                readline
 .text.run_command
                0x00000000200024e8        0x8 common/built-in.o
                0x00000000200024e8                run_command
 .text.run_command_list
                0x00000000200024f0       0x5c common/built-in.o
                0x00000000200024f0                run_command_list
 .text.main_loop
                0x000000002000254c      0x130 common/built-in.o
                0x000000002000254c                main_loop
 .text.do_run   0x000000002000267c       0x74 common/built-in.o
                0x000000002000267c                do_run
 .text.find_cmd_tbl
                0x00000000200026f0       0xa4 common/built-in.o
                0x00000000200026f0                find_cmd_tbl
 .text.find_cmd
                0x0000000020002794       0x28 common/built-in.o
                0x0000000020002794                find_cmd
 .text.cmd_usage
                0x00000000200027bc       0x5c common/built-in.o
                0x00000000200027bc                cmd_usage
 .text._do_help
                0x0000000020002818      0x180 common/built-in.o
                0x0000000020002818                _do_help
 .text.cmd_get_data_size
                0x0000000020002998       0x5c common/built-in.o
                0x0000000020002998                cmd_get_data_size
 .text.cmd_process
                0x00000000200029f4       0xf4 common/built-in.o
                0x00000000200029f4                cmd_process
 .text.dummy    0x0000000020002ae8        0x4 common/built-in.o
 .text.get_version
                0x0000000020002aec        0x8 common/built-in.o
                0x0000000020002aec                get_version
 .text.jumptable_init
                0x0000000020002af4      0x190 common/built-in.o
                0x0000000020002af4                jumptable_init
 .text.hash_command
                0x0000000020002c84       0xa0 common/built-in.o
                0x0000000020002c84                hash_command
 .text.b_reset  0x0000000020002d24       0x1c common/built-in.o
 .text.static_get
                0x0000000020002d40       0x1c common/built-in.o
 .text.static_peek
                0x0000000020002d5c        0xc common/built-in.o
 .text.file_peek
                0x0000000020002d68        0xc common/built-in.o
 .text.mapset   0x0000000020002d74       0x20 common/built-in.o
 .text.syntax_err
                0x0000000020002d94        0xc common/built-in.o
 .text.free_pipe_list
                0x0000000020002da0       0xf0 common/built-in.o
 .text.xmalloc  0x0000000020002e90       0x20 common/built-in.o
 .text.new_pipe
                0x0000000020002eb0       0x28 common/built-in.o
 .text.xrealloc
                0x0000000020002ed8       0x20 common/built-in.o
 .text.done_command
                0x0000000020002ef8       0x88 common/built-in.o
 .text.done_pipe
                0x0000000020002f80       0x48 common/built-in.o
 .text.done_word
                0x0000000020002fc8      0x2d8 common/built-in.o
 .text.do_showvar
                0x00000000200032a0       0xfc common/built-in.o
 .text.is_assignment
                0x000000002000339c       0x5c common/built-in.o
 .text.file_get
                0x00000000200033f8      0x1ec common/built-in.o
 .text.b_addchr
                0x00000000200035e4       0x78 common/built-in.o
 .text.b_addqchr
                0x000000002000365c       0x50 common/built-in.o
 .text.get_local_var
                0x00000000200036ac       0xa0 common/built-in.o
                0x00000000200036ac                get_local_var
 .text.set_local_var
                0x000000002000374c      0x1ac common/built-in.o
                0x000000002000374c                set_local_var
 .text.insert_var_value_sub
                0x00000000200038f8      0x2c0 common/built-in.o
 .text.parse_string_outer
                0x0000000020003bb8       0xe4 common/built-in.o
                0x0000000020003bb8                parse_string_outer
 .text.run_list_real
                0x0000000020003c9c      0x7e4 common/built-in.o
 .text.parse_stream_outer
                0x0000000020004480      0x6ac common/built-in.o
 .text.parse_file_outer
                0x0000000020004b2c       0x44 common/built-in.o
                0x0000000020004b2c                parse_file_outer
 .text.u_boot_hush_start
                0x0000000020004b70       0x54 common/built-in.o
                0x0000000020004b70                u_boot_hush_start
 .text.hex1_bin
                0x0000000020004bc4       0x40 common/built-in.o
 .text.hex2_bin
                0x0000000020004c04       0x38 common/built-in.o
 .text.srec_decode
                0x0000000020004c3c      0x254 common/built-in.o
                0x0000000020004c3c                srec_decode
 .text.CYGACC_COMM_IF_GETC_TIMEOUT.isra.0
                0x0000000020004e90       0x5c common/built-in.o
 .text.xyzModem_flush
                0x0000000020004eec       0x1c common/built-in.o
 .text.xyzModem_get_hdr
                0x0000000020004f08      0x230 common/built-in.o
 .text.xyzModem_stream_open
                0x0000000020005138      0x23c common/built-in.o
                0x0000000020005138                xyzModem_stream_open
 .text.xyzModem_stream_read
                0x0000000020005374      0x258 common/built-in.o
                0x0000000020005374                xyzModem_stream_read
 .text.xyzModem_stream_close
                0x00000000200055cc       0x54 common/built-in.o
                0x00000000200055cc                xyzModem_stream_close
 .text.xyzModem_stream_terminate
                0x0000000020005620       0x94 common/built-in.o
                0x0000000020005620                xyzModem_stream_terminate
 .text.xyzModem_error
                0x00000000200056b4       0x20 common/built-in.o
                0x00000000200056b4                xyzModem_error
 .text.do_go_exec
                0x00000000200056d4       0x10 common/built-in.o
                0x00000000200056d4                do_go_exec
 .text.do_go    0x00000000200056e4       0x6c common/built-in.o
 .text.copy_args
                0x0000000020005750       0x50 common/built-in.o
 .text.image_info
                0x00000000200057a0       0xcc common/built-in.o
 .text.do_bootd
                0x000000002000586c       0x24 common/built-in.o
                0x000000002000586c                do_bootd
 .text.do_bootm_rtems
                0x0000000020005890       0x40 common/built-in.o
 .text.do_bootm_plan9
                0x00000000200058d0       0xa4 common/built-in.o
 .text.do_bootm_standalone
                0x0000000020005974       0x64 common/built-in.o
 .text.do_bootm_qnxelf
                0x00000000200059d8       0x5c common/built-in.o
 .text.do_bootm_netbsd
                0x0000000020005a34       0xf8 common/built-in.o
 .text.do_iminfo
                0x0000000020005b2c       0x60 common/built-in.o
 .text.__arch_preboot_os
                0x0000000020005b8c        0x4 common/built-in.o
                0x0000000020005b8c                arch_preboot_os
 .text.do_bootm_states.isra.21.constprop.22
                0x0000000020005b90      0x788 common/built-in.o
 .text.do_bootm
                0x0000000020006318       0xec common/built-in.o
                0x0000000020006318                do_bootm
 .text.bootm_maybe_autostart
                0x0000000020006404       0x78 common/built-in.o
                0x0000000020006404                bootm_maybe_autostart
 .text.do_bootvx_fdt
                0x000000002000647c       0x3c common/built-in.o
                0x000000002000647c                do_bootvx_fdt
 .text.do_bootm_vxworks
                0x00000000200064b8       0x24 common/built-in.o
 .text.do_help  0x00000000200064dc       0x48 common/built-in.o
 .text.do_version
                0x0000000020006524       0x38 common/built-in.o
 .text.env_attr_walk
                0x000000002000655c      0x114 common/built-in.o
                0x000000002000655c                env_attr_walk
 .text.env_attr_lookup
                0x0000000020006670      0x18c common/built-in.o
                0x0000000020006670                env_attr_lookup
 .text.clear_callback
                0x00000000200067fc       0x10 common/built-in.o
 .text.find_env_callback
                0x000000002000680c       0x68 common/built-in.o
 .text.on_callbacks
                0x0000000020006874       0x48 common/built-in.o
 .text.set_callback
                0x00000000200068bc       0x94 common/built-in.o
 .text.env_callback_init
                0x0000000020006950       0xc4 common/built-in.o
                0x0000000020006950                env_callback_init
 .text.skip_num
                0x0000000020006a14       0x70 common/built-in.o
 .text.clear_flags
                0x0000000020006a84       0x10 common/built-in.o
 .text.on_flags
                0x0000000020006a94       0x48 common/built-in.o
 .text.env_flags_parse_vartype
                0x0000000020006adc       0x50 common/built-in.o
                0x0000000020006adc                env_flags_parse_vartype
 .text.env_flags_parse_varaccess
                0x0000000020006b2c       0x58 common/built-in.o
                0x0000000020006b2c                env_flags_parse_varaccess
 .text.set_flags
                0x0000000020006b84       0xac common/built-in.o
 .text.env_flags_init
                0x0000000020006c30       0xd8 common/built-in.o
                0x0000000020006c30                env_flags_init
 .text.env_flags_validate
                0x0000000020006d08      0x324 common/built-in.o
                0x0000000020006d08                env_flags_validate
 .text.env_relocate_spec
                0x000000002000702c       0x70 common/built-in.o
                0x000000002000702c                env_relocate_spec
 .text.saveenv  0x000000002000709c      0x148 common/built-in.o
                0x000000002000709c                saveenv
 .text.env_init
                0x00000000200071e4       0x1c common/built-in.o
                0x00000000200071e4                env_init
 .text.source   0x0000000020007200       0xd8 common/built-in.o
                0x0000000020007200                source
 .text.do_source
                0x00000000200072d8       0x44 common/built-in.o
                0x00000000200072d8                do_source
 .text.print_num
                0x000000002000731c       0x18 common/built-in.o
 .text.do_bdinfo
                0x0000000020007334      0x178 common/built-in.o
                0x0000000020007334                do_bdinfo
 .text.parse_argv
                0x00000000200074ac       0x64 common/built-in.o
 .text.do_icache
                0x0000000020007510       0x88 common/built-in.o
                0x0000000020007510                do_icache
 .text.do_dcache
                0x0000000020007598       0x88 common/built-in.o
                0x0000000020007598                do_dcache
 .text.do_coninfo
                0x0000000020007620       0xbc common/built-in.o
 .text.do_echo  0x00000000200076dc       0xb0 common/built-in.o
 .text.load_elf_image_shdr
                0x000000002000778c       0x8c common/built-in.o
 .text.do_bootelf_exec
                0x0000000020007818       0x44 common/built-in.o
                0x0000000020007818                do_bootelf_exec
 .text.valid_elf_image
                0x000000002000785c       0x4c common/built-in.o
                0x000000002000785c                valid_elf_image
 .text.do_bootelf
                0x00000000200078a8      0x158 common/built-in.o
                0x00000000200078a8                do_bootelf
 .text.do_bootvx
                0x0000000020007a00      0x288 common/built-in.o
                0x0000000020007a00                do_bootvx
 .text.do_exit  0x0000000020007c88       0x30 common/built-in.o
 .text.do_fat_fsload
                0x0000000020007cb8       0x18 common/built-in.o
                0x0000000020007cb8                do_fat_fsload
 .text.do_fat_ls
                0x0000000020007cd0       0x18 common/built-in.o
 .text.do_fat_fsinfo
                0x0000000020007ce8       0x90 common/built-in.o
 .text.evalexp  0x0000000020007d78       0x74 common/built-in.o
 .text.evalstr  0x0000000020007dec       0x6c common/built-in.o
 .text.binary_test
                0x0000000020007e58      0x1b0 common/built-in.o
 .text.do_itest
                0x0000000020008008       0x98 common/built-in.o
 .text.bin_data_init
                0x00000000200080a0       0x2c common/built-in.o
 .text.k_data_save
                0x00000000200080cc       0x4c common/built-in.o
 .text.k_data_restore
                0x0000000020008118       0x4c common/built-in.o
 .text.getcxmodem
                0x0000000020008164       0x20 common/built-in.o
 .text.load_serial_ymodem
                0x0000000020008184       0xcc common/built-in.o
 .text.bin_data_char
                0x0000000020008250       0x2c common/built-in.o
 .text.chk1.constprop.1
                0x000000002000827c       0x2c common/built-in.o
 .text.s1_sendpacket.constprop.2
                0x00000000200082a8       0x50 common/built-in.o
 .text.load_serial
                0x00000000200082f8      0x1e0 common/built-in.o
 .text.do_load_serial
                0x00000000200084d8       0xdc common/built-in.o
 .text.do_load_serial_bin
                0x00000000200085b4      0x7b0 common/built-in.o
 .text.do_mem_mw
                0x0000000020008d64       0xc0 common/built-in.o
 .text.do_mem_loop
                0x0000000020008e24       0xec common/built-in.o
 .text.do_mem_md
                0x0000000020008f10       0xec common/built-in.o
 .text.do_mem_cmp
                0x0000000020008ffc      0x16c common/built-in.o
 .text.do_mem_base
                0x0000000020009168       0x40 common/built-in.o
 .text.do_mem_cp
                0x00000000200091a8       0xd8 common/built-in.o
 .text.do_mem_crc
                0x0000000020009280       0x48 common/built-in.o
 .text.mod_mem.isra.2
                0x00000000200092c8      0x164 common/built-in.o
 .text.do_mem_mm
                0x000000002000942c        0x8 common/built-in.o
 .text.do_mem_nm
                0x0000000020009434        0x8 common/built-in.o
 .text.do_sleep
                0x000000002000943c       0x70 common/built-in.o
 .text.part_delall
                0x00000000200094ac       0x44 common/built-in.o
 .text.memsize_parse
                0x00000000200094f0       0x80 common/built-in.o
 .text.mtd_part_info
                0x0000000020009570       0x98 common/built-in.o
 .text.memsize_format
                0x0000000020009608       0x90 common/built-in.o
 .text.index_partitions
                0x0000000020009698       0xb4 common/built-in.o
 .text.current_save
                0x000000002000974c       0xbc common/built-in.o
 .text.part_sort_add
                0x0000000020009808      0x11c common/built-in.o
 .text.device_del
                0x0000000020009924       0x7c common/built-in.o
 .text.generate_mtdparts_save.constprop.7
                0x00000000200099a0      0x304 common/built-in.o
 .text.device_delall.constprop.9
                0x0000000020009ca4       0x64 common/built-in.o
 .text.mtd_devices_init
                0x0000000020009d08       0x2c common/built-in.o
 .text.get_mtd_info.constprop.10
                0x0000000020009d34       0x78 common/built-in.o
 .text.part_validate
                0x0000000020009dac      0x360 common/built-in.o
 .text.device_find
                0x000000002000a10c       0x4c common/built-in.o
                0x000000002000a10c                device_find
 .text.device_parse
                0x000000002000a158      0x560 common/built-in.o
 .text.mtd_id_parse
                0x000000002000a6b8      0x11c common/built-in.o
                0x000000002000a6b8                mtd_id_parse
 .text.find_dev_and_part
                0x000000002000a7d4      0x1b0 common/built-in.o
                0x000000002000a7d4                find_dev_and_part
 .text.mtdparts_init
                0x000000002000a984      0x660 common/built-in.o
                0x000000002000a984                mtdparts_init
 .text.do_chpart
                0x000000002000afe4       0xd4 common/built-in.o
 .text.do_mtdparts
                0x000000002000b0b8      0x5c0 common/built-in.o
 .text.netboot_common
                0x000000002000b678      0x294 common/built-in.o
 .text.do_bootp
                0x000000002000b90c        0xc common/built-in.o
 .text.do_nfs   0x000000002000b918        0xc common/built-in.o
 .text.do_tftpb
                0x000000002000b924       0x40 common/built-in.o
                0x000000002000b924                do_tftpb
 .text.do_onenand
                0x000000002000b964       0x7c common/built-in.o
 .text.do_onenand_markbad
                0x000000002000b9e0       0x90 common/built-in.o
 .text.do_onenand_info
                0x000000002000ba70       0x28 common/built-in.o
 .text.arg_off_size
                0x000000002000ba98      0x154 common/built-in.o
 .text.onenand_dump
                0x000000002000bbec      0x21c common/built-in.o
 .text.do_onenand_dump
                0x000000002000be08       0x8c common/built-in.o
 .text.do_onenand_read
                0x000000002000be94      0x1f4 common/built-in.o
 .text.do_onenand_bad
                0x000000002000c088       0x84 common/built-in.o
 .text.do_onenand_test
                0x000000002000c10c      0x2b8 common/built-in.o
 .text.do_onenand_write
                0x000000002000c3c4      0x364 common/built-in.o
 .text.do_onenand_erase
                0x000000002000c728      0x174 common/built-in.o
 .text.do_reginfo
                0x000000002000c89c        0x8 common/built-in.o
 .text.do_false
                0x000000002000c8a4        0x8 common/built-in.o
 .text.do_true  0x000000002000c8ac        0x8 common/built-in.o
 .text.do_test  0x000000002000c8b4      0x33c common/built-in.o
 .text.do_imgextract
                0x000000002000cbf0      0x280 common/built-in.o
 .text.do_env_delete
                0x000000002000ce70       0x9c common/built-in.o
 .text.do_env_save
                0x000000002000cf0c       0x2c common/built-in.o
 .text.do_env   0x000000002000cf38       0x64 common/built-in.o
 .text.env_print
                0x000000002000cf9c       0xc0 common/built-in.o
 .text.do_env_print
                0x000000002000d05c       0xc8 common/built-in.o
 .text.do_env_import
                0x000000002000d124      0x260 common/built-in.o
 .text.do_env_default
                0x000000002000d384       0xa8 common/built-in.o
 .text._do_env_set.isra.0
                0x000000002000d42c      0x1b8 common/built-in.o
 .text.do_env_set
                0x000000002000d5e4       0x1c common/built-in.o
 .text.get_env_id
                0x000000002000d600       0x10 common/built-in.o
                0x000000002000d600                get_env_id
 .text.setenv   0x000000002000d610       0x58 common/built-in.o
                0x000000002000d610                setenv
 .text.setenv_ulong
                0x000000002000d668       0x20 common/built-in.o
                0x000000002000d668                setenv_ulong
 .text.setenv_hex
                0x000000002000d688       0x34 common/built-in.o
                0x000000002000d688                setenv_hex
 .text.do_env_export
                0x000000002000d6bc      0x264 common/built-in.o
 .text.envmatch
                0x000000002000d920       0x6c common/built-in.o
                0x000000002000d920                envmatch
 .text.getenv_f
                0x000000002000d98c       0xc8 common/built-in.o
                0x000000002000d98c                getenv_f
 .text.getenv   0x000000002000da54       0x78 common/built-in.o
                0x000000002000da54                getenv
 .text.getenv_ulong
                0x000000002000dacc       0x30 common/built-in.o
                0x000000002000dacc                getenv_ulong
 .text.do_env_edit
                0x000000002000dafc       0x78 common/built-in.o
 .text.__env_get_char_spec
                0x000000002000db74        0xc common/built-in.o
                0x000000002000db74                env_get_char_spec
 .text.env_get_addr
                0x000000002000db80       0x20 common/built-in.o
                0x000000002000db80                env_get_addr
 .text.env_get_char_memory
                0x000000002000dba0       0x10 common/built-in.o
                0x000000002000dba0                env_get_char_memory
 .text.env_get_char
                0x000000002000dbb0       0x30 common/built-in.o
                0x000000002000dbb0                env_get_char
 .text.getenv_yesno
                0x000000002000dbe0       0x40 common/built-in.o
                0x000000002000dbe0                getenv_yesno
 .text.getenv_default
                0x000000002000dc20       0x30 common/built-in.o
                0x000000002000dc20                getenv_default
 .text.set_default_env
                0x000000002000dc50       0xbc common/built-in.o
                0x000000002000dc50                set_default_env
 .text.set_default_vars
                0x000000002000dd0c       0x34 common/built-in.o
                0x000000002000dd0c                set_default_vars
 .text.env_import
                0x000000002000dd40       0xe0 common/built-in.o
                0x000000002000dd40                env_import
 .text.env_relocate
                0x000000002000de20       0x30 common/built-in.o
                0x000000002000de20                env_relocate
 .text.console_setfile
                0x000000002000de50       0xa4 common/built-in.o
 .text.fgetc    0x000000002000def4       0x24 common/built-in.o
                0x000000002000def4                fgetc
 .text.ftstc    0x000000002000df18       0x24 common/built-in.o
                0x000000002000df18                ftstc
 .text.getc     0x000000002000df3c       0x24 common/built-in.o
                0x000000002000df3c                getc
 .text.tstc     0x000000002000df60       0x24 common/built-in.o
                0x000000002000df60                tstc
 .text.putc     0x000000002000df84       0x30 common/built-in.o
                0x000000002000df84                putc
 .text.puts     0x000000002000dfb4       0x30 common/built-in.o
                0x000000002000dfb4                puts
 .text.printf   0x000000002000dfe4       0x4c common/built-in.o
                0x000000002000dfe4                printf
 .text.vprintf  0x000000002000e030       0x3c common/built-in.o
                0x000000002000e030                vprintf
 .text.ctrlc    0x000000002000e06c       0x58 common/built-in.o
                0x000000002000e06c                ctrlc
 .text.had_ctrlc
                0x000000002000e0c4       0x10 common/built-in.o
                0x000000002000e0c4                had_ctrlc
 .text.clear_ctrlc
                0x000000002000e0d4       0x14 common/built-in.o
                0x000000002000e0d4                clear_ctrlc
 .text.search_device
                0x000000002000e0e8       0x28 common/built-in.o
                0x000000002000e0e8                search_device
 .text.console_assign
                0x000000002000e110       0x48 common/built-in.o
                0x000000002000e110                console_assign
 .text.on_console
                0x000000002000e158       0xc0 common/built-in.o
 .text.console_init_f
                0x000000002000e218       0x10 common/built-in.o
                0x000000002000e218                console_init_f
 .text.stdio_print_current_devices
                0x000000002000e228       0xb0 common/built-in.o
                0x000000002000e228                stdio_print_current_devices
 .text.console_init_r
                0x000000002000e2d8       0xe0 common/built-in.o
                0x000000002000e2d8                console_init_r
 .text.sbrk     0x000000002000e3b8       0x70 common/built-in.o
                0x000000002000e3b8                sbrk
 .text.mem_malloc_init
                0x000000002000e428       0x34 common/built-in.o
                0x000000002000e428                mem_malloc_init
 .text.malloc_trim
                0x000000002000e45c       0xcc common/built-in.o
                0x000000002000e45c                malloc_trim
 .text.free     0x000000002000e528      0x230 common/built-in.o
                0x000000002000e528                free
 .text.malloc   0x000000002000e758      0x608 common/built-in.o
                0x000000002000e758                malloc
 .text.calloc   0x000000002000ed60       0xd4 common/built-in.o
                0x000000002000ed60                calloc
 .text.realloc  0x000000002000ee34      0x4c0 common/built-in.o
                0x000000002000ee34                realloc
 .text.memalign
                0x000000002000f2f4      0x10c common/built-in.o
                0x000000002000f2f4                memalign
 .text.on_loadaddr
                0x000000002000f400       0x38 common/built-in.o
 .text.image_check_hcrc
                0x000000002000f438       0x4c common/built-in.o
                0x000000002000f438                image_check_hcrc
 .text.image_check_dcrc
                0x000000002000f484       0x38 common/built-in.o
                0x000000002000f484                image_check_dcrc
 .text.image_multi_count
                0x000000002000f4bc       0x1c common/built-in.o
                0x000000002000f4bc                image_multi_count
 .text.image_multi_getimg
                0x000000002000f4d8       0x80 common/built-in.o
                0x000000002000f4d8                image_multi_getimg
 .text.getenv_bootm_low
                0x000000002000f558       0x30 common/built-in.o
                0x000000002000f558                getenv_bootm_low
 .text.getenv_bootm_size
                0x000000002000f588       0x5c common/built-in.o
                0x000000002000f588                getenv_bootm_size
 .text.memmove_wd
                0x000000002000f5e4        0xc common/built-in.o
                0x000000002000f5e4                memmove_wd
 .text.genimg_print_size
                0x000000002000f5f0       0x30 common/built-in.o
                0x000000002000f5f0                genimg_print_size
 .text.get_table_entry_name
                0x000000002000f620       0x2c common/built-in.o
                0x000000002000f620                get_table_entry_name
 .text.genimg_get_os_name
                0x000000002000f64c       0x18 common/built-in.o
                0x000000002000f64c                genimg_get_os_name
 .text.genimg_get_arch_name
                0x000000002000f664       0x18 common/built-in.o
                0x000000002000f664                genimg_get_arch_name
 .text.genimg_get_type_name
                0x000000002000f67c       0x18 common/built-in.o
                0x000000002000f67c                genimg_get_type_name
 .text.genimg_get_comp_name
                0x000000002000f694       0x18 common/built-in.o
                0x000000002000f694                genimg_get_comp_name
 .text.image_print_contents
                0x000000002000f6ac      0x174 common/built-in.o
                0x000000002000f6ac                image_print_contents
 .text.genimg_get_format
                0x000000002000f820       0x1c common/built-in.o
                0x000000002000f820                genimg_get_format
 .text.genimg_get_image
                0x000000002000f83c        0x4 common/built-in.o
                0x000000002000f83c                genimg_get_image
 .text.boot_get_ramdisk
                0x000000002000f840      0x238 common/built-in.o
                0x000000002000f840                boot_get_ramdisk
 .text.boot_ramdisk_high
                0x000000002000fa78      0x130 common/built-in.o
                0x000000002000fa78                boot_ramdisk_high
 .text.get_ram_size
                0x000000002000fba8       0xe4 common/built-in.o
                0x000000002000fba8                get_ram_size
 .text.get_effective_memsize
                0x000000002000fc8c        0x8 common/built-in.o
                0x000000002000fc8c                get_effective_memsize
 .text.stdio_get_list
                0x000000002000fc94        0xc common/built-in.o
                0x000000002000fc94                stdio_get_list
 .text.stdio_get_by_name
                0x000000002000fca0       0x5c common/built-in.o
                0x000000002000fca0                stdio_get_by_name
 .text.stdio_clone
                0x000000002000fcfc       0x38 common/built-in.o
                0x000000002000fcfc                stdio_clone
 .text.stdio_register
                0x000000002000fd34       0x3c common/built-in.o
                0x000000002000fd34                stdio_register
 .text.stdio_init
                0x000000002000fd70       0x8c common/built-in.o
                0x000000002000fd70                stdio_init
 .text.get_device
                0x000000002000fdfc       0x58 disk/built-in.o
                0x000000002000fdfc                get_device
 .text.get_device_and_partition
                0x000000002000fe54      0x298 disk/built-in.o
                0x000000002000fe54                get_device_and_partition
 .text.s5p_gpio_cfg_pin
                0x00000000200100ec       0x1c drivers/gpio/built-in.o
                0x00000000200100ec                s5p_gpio_cfg_pin
 .text.add_mtd_device
                0x0000000020010108       0x88 drivers/mtd/built-in.o
                0x0000000020010108                add_mtd_device
 .text.get_mtd_device_nm
                0x0000000020010190       0x6c drivers/mtd/built-in.o
                0x0000000020010190                get_mtd_device_nm
 .text.mtd_erase
                0x00000000200101fc       0x90 drivers/mtd/built-in.o
                0x00000000200101fc                mtd_erase
 .text.mtd_read
                0x000000002001028c       0xb8 drivers/mtd/built-in.o
                0x000000002001028c                mtd_read
 .text.mtd_write
                0x0000000020010344       0x9c drivers/mtd/built-in.o
                0x0000000020010344                mtd_write
 .text.mtd_read_oob
                0x00000000200103e0       0x28 drivers/mtd/built-in.o
                0x00000000200103e0                mtd_read_oob
 .text.mtd_block_isbad
                0x0000000020010408       0x4c drivers/mtd/built-in.o
                0x0000000020010408                mtd_block_isbad
 .text.mtd_block_markbad
                0x0000000020010454       0x60 drivers/mtd/built-in.o
                0x0000000020010454                mtd_block_markbad
 .text.part_erase
                0x00000000200104b4       0x6c drivers/mtd/built-in.o
 .text.mtd_erase_callback
                0x0000000020010520       0x68 drivers/mtd/built-in.o
                0x0000000020010520                mtd_erase_callback
 .text.onenand_init
                0x0000000020010588       0x9c drivers/mtd/onenand/built-in.o
                0x0000000020010588                onenand_init
 .text.memcpy_16
                0x0000000020010624       0x1c drivers/mtd/onenand/built-in.o
 .text.onenand_readw
                0x0000000020010640        0xc drivers/mtd/onenand/built-in.o
 .text.onenand_writew
                0x000000002001064c        0x8 drivers/mtd/onenand/built-in.o
 .text.flexonenand_addr
                0x0000000020010654       0x98 drivers/mtd/onenand/built-in.o
 .text.onenand_read_bufferram
                0x00000000200106ec       0x88 drivers/mtd/onenand/built-in.o
 .text.onenand_sync_read_bufferram
                0x0000000020010774       0x84 drivers/mtd/onenand/built-in.o
 .text.onenand_write_bufferram
                0x00000000200107f8       0x88 drivers/mtd/onenand/built-in.o
 .text.onenand_sync
                0x0000000020010880        0x4 drivers/mtd/onenand/built-in.o
                0x0000000020010880                onenand_sync
 .text.onenand_chip_probe
                0x0000000020010884       0xfc drivers/mtd/onenand/built-in.o
 .text.flexonenand_get_size
                0x0000000020010980      0x3f4 drivers/mtd/onenand/built-in.o
 .text.onenand_transfer_auto_oob
                0x0000000020010d74      0x124 drivers/mtd/onenand/built-in.o
 .text.onenand_update_bufferram.isra.2
                0x0000000020010e98       0x54 drivers/mtd/onenand/built-in.o
 .text.onenand_read_ecc
                0x0000000020010eec       0x80 drivers/mtd/onenand/built-in.o
 .text.onenand_bbt_wait
                0x0000000020010f6c       0xc8 drivers/mtd/onenand/built-in.o
 .text.onenand_wait
                0x0000000020011034       0xc4 drivers/mtd/onenand/built-in.o
 .text.onenand_fill_auto_oob.isra.8
                0x00000000200110f8       0xec drivers/mtd/onenand/built-in.o
 .text.onenand_write_ops_nolock
                0x00000000200111e4      0x2ec drivers/mtd/onenand/built-in.o
 .text.onenand_write
                0x00000000200114d0       0x60 drivers/mtd/onenand/built-in.o
                0x00000000200114d0                onenand_write
 .text.onenand_write_oob_nolock
                0x0000000020011530      0x2e4 drivers/mtd/onenand/built-in.o
 .text.onenand_write_oob
                0x0000000020011814       0x30 drivers/mtd/onenand/built-in.o
                0x0000000020011814                onenand_write_oob
 .text.onenand_block_isbad_nolock.constprop.12
                0x0000000020011844       0x24 drivers/mtd/onenand/built-in.o
 .text.onenand_block_isbad
                0x0000000020011868       0x24 drivers/mtd/onenand/built-in.o
                0x0000000020011868                onenand_block_isbad
 .text.onenand_block_markbad
                0x000000002001188c       0x38 drivers/mtd/onenand/built-in.o
                0x000000002001188c                onenand_block_markbad
 .text.onenand_block
                0x00000000200118c4       0x88 drivers/mtd/onenand/built-in.o
                0x00000000200118c4                onenand_block
 .text.onenand_default_block_markbad
                0x000000002001194c       0xac drivers/mtd/onenand/built-in.o
 .text.onenand_addr
                0x00000000200119f8       0x30 drivers/mtd/onenand/built-in.o
                0x00000000200119f8                onenand_addr
 .text.onenand_command
                0x0000000020011a28      0x22c drivers/mtd/onenand/built-in.o
 .text.flexonenand_region
                0x0000000020011c54       0x44 drivers/mtd/onenand/built-in.o
                0x0000000020011c54                flexonenand_region
 .text.onenand_recover_lsb
                0x0000000020011c98       0xa0 drivers/mtd/onenand/built-in.o
 .text.onenand_read_ops_nolock
                0x0000000020011d38      0x4e8 drivers/mtd/onenand/built-in.o
 .text.onenand_read
                0x0000000020012220       0x60 drivers/mtd/onenand/built-in.o
                0x0000000020012220                onenand_read
 .text.onenand_read_oob_nolock
                0x0000000020012280      0x294 drivers/mtd/onenand/built-in.o
 .text.onenand_read_oob
                0x0000000020012514       0x30 drivers/mtd/onenand/built-in.o
                0x0000000020012514                onenand_read_oob
 .text.onenand_erase
                0x0000000020012544      0x264 drivers/mtd/onenand/built-in.o
                0x0000000020012544                onenand_erase
 .text.onenand_bbt_read_oob
                0x00000000200127a8      0x170 drivers/mtd/onenand/built-in.o
                0x00000000200127a8                onenand_bbt_read_oob
 .text.onenand_print_device_info
                0x0000000020012918       0xc4 drivers/mtd/onenand/built-in.o
                0x0000000020012918                onenand_print_device_info
 .text.onenand_probe
                0x00000000200129dc      0x3a8 drivers/mtd/onenand/built-in.o
                0x00000000200129dc                onenand_probe
 .text.onenand_scan
                0x0000000020012d84      0x5c0 drivers/mtd/onenand/built-in.o
                0x0000000020012d84                onenand_scan
 .text.onenand_isbad_bbt
                0x0000000020013344       0x44 drivers/mtd/onenand/built-in.o
 .text.onenand_scan_bbt
                0x0000000020013388      0x21c drivers/mtd/onenand/built-in.o
                0x0000000020013388                onenand_scan_bbt
 .text.onenand_default_bbt
                0x00000000200135a4       0x5c drivers/mtd/onenand/built-in.o
                0x00000000200135a4                onenand_default_bbt
 .text.s3c_write_cmd
                0x0000000020013600       0x18 drivers/mtd/onenand/built-in.o
 .text.s3c_mem_addr
                0x0000000020013618       0x10 drivers/mtd/onenand/built-in.o
 .text.s3c_onenand_reset
                0x0000000020013628       0x74 drivers/mtd/onenand/built-in.o
 .text.s3c_get_bufferram
                0x000000002001369c       0x4c drivers/mtd/onenand/built-in.o
 .text.s3c_onenand_bbt_wait
                0x00000000200136e8       0x80 drivers/mtd/onenand/built-in.o
 .text.s3c_onenand_wait
                0x0000000020013768       0xf8 drivers/mtd/onenand/built-in.o
 .text.s3c_onenand_readw
                0x0000000020013860      0x150 drivers/mtd/onenand/built-in.o
 .text.s3c_onenand_writew
                0x00000000200139b0       0xec drivers/mtd/onenand/built-in.o
 .text.s3c_onenand_check_lock_status.isra.0
                0x0000000020013a9c       0x8c drivers/mtd/onenand/built-in.o
 .text.s3c_onenand_unlock_all
                0x0000000020013b28      0x108 drivers/mtd/onenand/built-in.o
 .text.s3c_onenand_command
                0x0000000020013c30      0x250 drivers/mtd/onenand/built-in.o
 .text.s3c_onenand_init
                0x0000000020013e80      0x11c drivers/mtd/onenand/built-in.o
                0x0000000020013e80                s3c_onenand_init
 .text.smc911x_set_mac_csr.isra.0
                0x0000000020013f9c       0x44 drivers/net/built-in.o
 .text.smc911x_reset
                0x0000000020013fe0       0xf4 drivers/net/built-in.o
 .text.smc911x_halt
                0x00000000200140d4        0x4 drivers/net/built-in.o
 .text.smc911x_get_mac_csr.isra.3
                0x00000000200140d8       0x40 drivers/net/built-in.o
 .text.smc911x_eth_phy_write.constprop.4
                0x0000000020014118       0x64 drivers/net/built-in.o
 .text.smc911x_init
                0x000000002001417c      0x1a4 drivers/net/built-in.o
 .text.smc911x_reg_read
                0x0000000020014320       0x18 drivers/net/built-in.o
                0x0000000020014320                pkt_data_pull
 .text.smc911x_rx
                0x0000000020014338       0x9c drivers/net/built-in.o
 .text.smc911x_reg_write
                0x00000000200143d4       0x1c drivers/net/built-in.o
                0x00000000200143d4                pkt_data_push
 .text.smc911x_send
                0x00000000200143f0      0x114 drivers/net/built-in.o
 .text.smc911x_initialize
                0x0000000020014504      0x170 drivers/net/built-in.o
                0x0000000020014504                smc911x_initialize
 .text.get_current
                0x0000000020014674       0x40 drivers/serial/built-in.o
 .text.serial_null
                0x00000000200146b4        0x4 drivers/serial/built-in.o
                0x00000000200146b4                jz_serial_initialize
                0x00000000200146b4                bfin_serial_initialize
                0x00000000200146b4                p3mx_serial_initialize
                0x00000000200146b4                leon2_serial_initialize
                0x00000000200146b4                leon3_serial_initialize
                0x00000000200146b4                amirix_serial_initialize
                0x00000000200146b4                marvell_serial_initialize
                0x00000000200146b4                cpci750_serial_initialize
                0x00000000200146b4                ns16550_serial_initialize
                0x00000000200146b4                asc_serial_initialize
                0x00000000200146b4                altera_serial_initialize
                0x00000000200146b4                oc_serial_initialize
                0x00000000200146b4                sh_serial_initialize
                0x00000000200146b4                mxs_auart_initialize
                0x00000000200146b4                arm_dcc_initialize
                0x00000000200146b4                bmw_serial_initialize
                0x00000000200146b4                arc_serial_initialize
                0x00000000200146b4                mcf_serial_initialize
                0x00000000200146b4                lh7a40x_serial_initialize
                0x00000000200146b4                evb64260_serial_initialize
                0x00000000200146b4                lpc32xx_serial_initialize
                0x00000000200146b4                max3100_serial_initialize
                0x00000000200146b4                mpc85xx_serial_initialize
                0x00000000200146b4                imx_serial_initialize
                0x00000000200146b4                bfin_jtag_initialize
                0x00000000200146b4                cogent_serial_initialize
                0x00000000200146b4                clps7111_serial_initialize
                0x00000000200146b4                ml2_serial_initialize
                0x00000000200146b4                sandbox_serial_initialize
                0x00000000200146b4                s3c24xx_serial_initialize
                0x00000000200146b4                sconsole_serial_initialize
                0x00000000200146b4                uartlite_serial_initialize
                0x00000000200146b4                au1x00_serial_initialize
                0x00000000200146b4                pxa_serial_initialize
                0x00000000200146b4                atmel_serial_initialize
                0x00000000200146b4                pl01x_serial_initialize
                0x00000000200146b4                altera_jtag_serial_initialize
                0x00000000200146b4                zynq_serial_initalize
                0x00000000200146b4                mpc512x_serial_initialize
                0x00000000200146b4                ks8695_serial_initialize
                0x00000000200146b4                sa1100_serial_initialize
                0x00000000200146b4                mpc8260_scc_serial_initialize
                0x00000000200146b4                mxc_serial_initialize
                0x00000000200146b4                iop480_serial_initialize
                0x00000000200146b4                mpc8xx_serial_initialize
                0x00000000200146b4                mpc8260_smc_serial_initialize
                0x00000000200146b4                mpc5xx_serial_initialize
 .text.serial_register
                0x00000000200146b8       0x18 drivers/serial/built-in.o
                0x00000000200146b8                serial_register
 .text.serial_stdio_init
                0x00000000200146d0       0x88 drivers/serial/built-in.o
                0x00000000200146d0                serial_stdio_init
 .text.serial_assign
                0x0000000020014758       0x4c drivers/serial/built-in.o
                0x0000000020014758                serial_assign
 .text.serial_initialize
                0x00000000200147a4       0xd0 drivers/serial/built-in.o
                0x00000000200147a4                serial_initialize
 .text.serial_init
                0x0000000020014874       0x14 drivers/serial/built-in.o
                0x0000000020014874                serial_init
 .text.serial_setbrg
                0x0000000020014888       0x14 drivers/serial/built-in.o
                0x0000000020014888                serial_setbrg
 .text.on_baudrate
                0x000000002001489c       0xec drivers/serial/built-in.o
 .text.serial_getc
                0x0000000020014988       0x14 drivers/serial/built-in.o
                0x0000000020014988                serial_getc
 .text.serial_tstc
                0x000000002001499c       0x14 drivers/serial/built-in.o
                0x000000002001499c                serial_tstc
 .text.serial_putc
                0x00000000200149b0       0x1c drivers/serial/built-in.o
                0x00000000200149b0                serial_putc
 .text.serial_puts
                0x00000000200149cc       0x1c drivers/serial/built-in.o
                0x00000000200149cc                serial_puts
 .text.serial_tstc_dev
                0x00000000200149e8       0x5c drivers/serial/built-in.o
 .text.s5p_serial0_tstc
                0x0000000020014a44        0x8 drivers/serial/built-in.o
 .text.s5p_serial1_tstc
                0x0000000020014a4c        0x8 drivers/serial/built-in.o
 .text.s5p_serial2_tstc
                0x0000000020014a54        0x8 drivers/serial/built-in.o
 .text.s5p_serial3_tstc
                0x0000000020014a5c        0x8 drivers/serial/built-in.o
 .text.serial_putc_dev
                0x0000000020014a64       0xb0 drivers/serial/built-in.o
 .text.serial_puts_dev
                0x0000000020014b14       0x28 drivers/serial/built-in.o
 .text.s5p_serial0_puts
                0x0000000020014b3c        0x8 drivers/serial/built-in.o
 .text.s5p_serial1_puts
                0x0000000020014b44        0x8 drivers/serial/built-in.o
 .text.s5p_serial2_puts
                0x0000000020014b4c        0x8 drivers/serial/built-in.o
 .text.s5p_serial3_puts
                0x0000000020014b54        0x8 drivers/serial/built-in.o
 .text.s5p_serial0_putc
                0x0000000020014b5c        0x8 drivers/serial/built-in.o
 .text.s5p_serial1_putc
                0x0000000020014b64        0x8 drivers/serial/built-in.o
 .text.s5p_serial2_putc
                0x0000000020014b6c        0x8 drivers/serial/built-in.o
 .text.s5p_serial3_putc
                0x0000000020014b74        0x8 drivers/serial/built-in.o
 .text.serial_setbrg_dev
                0x0000000020014b7c       0x88 drivers/serial/built-in.o
 .text.s5p_serial0_setbrg
                0x0000000020014c04        0x8 drivers/serial/built-in.o
 .text.serial_init_dev
                0x0000000020014c0c       0x64 drivers/serial/built-in.o
 .text.s5p_serial0_init
                0x0000000020014c70        0x8 drivers/serial/built-in.o
 .text.s5p_serial1_init
                0x0000000020014c78        0x8 drivers/serial/built-in.o
 .text.s5p_serial2_init
                0x0000000020014c80        0x8 drivers/serial/built-in.o
 .text.s5p_serial3_init
                0x0000000020014c88        0x8 drivers/serial/built-in.o
 .text.s5p_serial1_setbrg
                0x0000000020014c90        0x8 drivers/serial/built-in.o
 .text.s5p_serial2_setbrg
                0x0000000020014c98        0x8 drivers/serial/built-in.o
 .text.s5p_serial3_setbrg
                0x0000000020014ca0        0x8 drivers/serial/built-in.o
 .text.serial_getc_dev
                0x0000000020014ca8       0xb4 drivers/serial/built-in.o
 .text.s5p_serial0_getc
                0x0000000020014d5c        0x8 drivers/serial/built-in.o
 .text.s5p_serial1_getc
                0x0000000020014d64        0x8 drivers/serial/built-in.o
 .text.s5p_serial2_getc
                0x0000000020014d6c        0x8 drivers/serial/built-in.o
 .text.s5p_serial3_getc
                0x0000000020014d74        0x8 drivers/serial/built-in.o
 .text.default_serial_console
                0x0000000020014d7c       0x1c drivers/serial/built-in.o
                0x0000000020014d7c                default_serial_console
 .text.s5p_serial_initialize
                0x0000000020014d98       0x38 drivers/serial/built-in.o
                0x0000000020014d98                s5p_serial_initialize
 .text.fs_probe_unsupported
                0x0000000020014dd0       0x18 fs/built-in.o
 .text.fs_ls_unsupported
                0x0000000020014de8        0x8 fs/built-in.o
 .text.fs_exists_unsupported
                0x0000000020014df0        0x8 fs/built-in.o
 .text.fs_read_unsupported
                0x0000000020014df8        0x8 fs/built-in.o
 .text.fs_write_unsupported
                0x0000000020014e00        0x8 fs/built-in.o
 .text.fs_close_unsupported
                0x0000000020014e08        0x4 fs/built-in.o
 .text.fs_get_info
                0x0000000020014e0c       0x20 fs/built-in.o
 .text.fs_close
                0x0000000020014e2c       0x28 fs/built-in.o
 .text.fs_set_blk_dev
                0x0000000020014e54       0xb8 fs/built-in.o
                0x0000000020014e54                fs_set_blk_dev
 .text.fs_ls    0x0000000020014f0c       0x3c fs/built-in.o
                0x0000000020014f0c                fs_ls
 .text.fs_exists
                0x0000000020014f48       0x34 fs/built-in.o
                0x0000000020014f48                fs_exists
 .text.fs_read  0x0000000020014f7c       0x84 fs/built-in.o
                0x0000000020014f7c                fs_read
 .text.do_load  0x0000000020015000      0x1c0 fs/built-in.o
                0x0000000020015000                do_load
 .text.do_ls    0x00000000200151c0       0x68 fs/built-in.o
                0x00000000200151c0                do_ls
 .text.file_exists
                0x0000000020015228       0x2c fs/built-in.o
                0x0000000020015228                file_exists
 .text.downcase
                0x0000000020015254       0x30 fs/built-in.o
 .text.disk_read
                0x0000000020015284       0x64 fs/built-in.o
 .text.dirdelim
                0x00000000200152e8       0x30 fs/built-in.o
 .text.get_fatent
                0x0000000020015318      0x154 fs/built-in.o
 .text.mkcksum  0x000000002001546c       0x50 fs/built-in.o
 .text.get_cluster
                0x00000000200154bc      0x170 fs/built-in.o
 .text.get_name
                0x000000002001562c       0xac fs/built-in.o
 .text.read_bootsectandvi
                0x00000000200156d8      0x128 fs/built-in.o
 .text.slot2str
                0x0000000020015800       0xbc fs/built-in.o
 .text.get_vfatname
                0x00000000200158bc      0x1ac fs/built-in.o
 .text.fat_set_blk_dev
                0x0000000020015a68       0xcc fs/built-in.o
                0x0000000020015a68                fat_set_blk_dev
 .text.do_fat_read_at
                0x0000000020015b34      0xadc fs/built-in.o
                0x0000000020015b34                do_fat_read_at
 .text.do_fat_read
                0x0000000020016610       0x2c fs/built-in.o
                0x0000000020016610                do_fat_read
 .text.file_fat_detectfs
                0x000000002001663c       0x88 fs/built-in.o
                0x000000002001663c                file_fat_detectfs
 .text.file_fat_ls
                0x00000000200166c4       0x10 fs/built-in.o
                0x00000000200166c4                file_fat_ls
 .text.fat_exists
                0x00000000200166d4       0x2c fs/built-in.o
                0x00000000200166d4                fat_exists
 .text.file_fat_read_at
                0x0000000020016700       0x4c fs/built-in.o
                0x0000000020016700                file_fat_read_at
 .text.fat_read_file
                0x000000002001674c       0x3c fs/built-in.o
                0x000000002001674c                fat_read_file
 .text.fat_close
                0x0000000020016788        0x4 fs/built-in.o
                0x0000000020016788                fat_close
 .text.zcalloc  0x000000002001678c        0x8 lib/built-in.o
                0x000000002001678c                zcalloc
 .text.zcfree   0x0000000020016794        0x8 lib/built-in.o
                0x0000000020016794                zcfree
 .text.inflate_fast
                0x000000002001679c      0x590 lib/built-in.o
                0x000000002001679c                inflate_fast
 .text.inflate_table
                0x0000000020016d2c      0x548 lib/built-in.o
                0x0000000020016d2c                inflate_table
 .text.inflateReset
                0x0000000020017274       0x78 lib/built-in.o
                0x0000000020017274                inflateReset
 .text.inflateInit2_
                0x00000000200172ec      0x104 lib/built-in.o
                0x00000000200172ec                inflateInit2_
 .text.inflateEnd
                0x00000000200173f0       0x68 lib/built-in.o
                0x00000000200173f0                inflateEnd
 .text.adler32  0x0000000020017458      0x338 lib/built-in.o
                0x0000000020017458                adler32
 .text.inflate  0x0000000020017790     0x14f0 lib/built-in.o
                0x0000000020017790                inflate
 .text.cyg_crc16
                0x0000000020018c80       0x44 lib/built-in.o
                0x0000000020018c80                cyg_crc16
 .text.gzalloc  0x0000000020018cc4       0x10 lib/built-in.o
                0x0000000020018cc4                gzalloc
 .text.gzfree   0x0000000020018cd4        0x8 lib/built-in.o
                0x0000000020018cd4                gzfree
 .text.zunzip   0x0000000020018cdc      0x124 lib/built-in.o
                0x0000000020018cdc                zunzip
 .text.gunzip   0x0000000020018e00       0xb8 lib/built-in.o
                0x0000000020018e00                gunzip
 .text.lmb_add_region
                0x0000000020018eb8      0x1a4 lib/built-in.o
 .text.lmb_init
                0x000000002001905c       0x28 lib/built-in.o
                0x000000002001905c                lmb_init
 .text.lmb_add  0x0000000020019084        0x4 lib/built-in.o
                0x0000000020019084                lmb_add
 .text.lmb_reserve
                0x0000000020019088        0x8 lib/built-in.o
                0x0000000020019088                lmb_reserve
 .text.lmb_overlaps_region
                0x0000000020019090       0x58 lib/built-in.o
                0x0000000020019090                lmb_overlaps_region
 .text.__lmb_alloc_base
                0x00000000200190e8      0x108 lib/built-in.o
                0x00000000200190e8                __lmb_alloc_base
 .text.lmb_alloc_base
                0x00000000200191f0       0x34 lib/built-in.o
                0x00000000200191f0                lmb_alloc_base
 .text.lmb_alloc
                0x0000000020019224        0x8 lib/built-in.o
                0x0000000020019224                lmb_alloc
 .text.__board_lmb_reserve
                0x000000002001922c        0x4 lib/built-in.o
                0x000000002001922c                board_lmb_reserve
                0x000000002001922c                __board_lmb_reserve
 .text.string_to_ip
                0x0000000020019230       0x60 lib/built-in.o
                0x0000000020019230                string_to_ip
 .text.qsort    0x0000000020019290       0xdc lib/built-in.o
                0x0000000020019290                qsort
 .text.strmhz   0x000000002001936c       0x64 lib/built-in.o
                0x000000002001936c                strmhz
 .text.cmpkey   0x00000000200193d0       0x14 lib/built-in.o
 .text._hdelete.isra.1
                0x00000000200193e4       0x50 lib/built-in.o
 .text.drop_var_from_set.part.2
                0x0000000020019434       0x50 lib/built-in.o
 .text.match_string.isra.3
                0x0000000020019484       0x60 lib/built-in.o
 .text.hcreate_r
                0x00000000200194e4       0xb0 lib/built-in.o
                0x00000000200194e4                hcreate_r
 .text.hdestroy_r
                0x0000000020019594       0x78 lib/built-in.o
                0x0000000020019594                hdestroy_r
 .text.hsearch_r
                0x000000002001960c      0x4dc lib/built-in.o
                0x000000002001960c                hsearch_r
 .text.hdelete_r
                0x0000000020019ae8       0xd8 lib/built-in.o
                0x0000000020019ae8                hdelete_r
 .text.hexport_r
                0x0000000020019bc0      0x310 lib/built-in.o
                0x0000000020019bc0                hexport_r
 .text.himport_r
                0x0000000020019ed0      0x34c lib/built-in.o
                0x0000000020019ed0                himport_r
 .text.hwalk_r  0x000000002001a21c       0x58 lib/built-in.o
                0x000000002001a21c                hwalk_r
 .text.print_size
                0x000000002001a274      0x130 lib/built-in.o
                0x000000002001a274                print_size
 .text.print_buffer
                0x000000002001a3a4      0x1b4 lib/built-in.o
                0x000000002001a3a4                print_buffer
 .text.crc32_no_comp
                0x000000002001a558       0xd8 lib/built-in.o
                0x000000002001a558                crc32_no_comp
 .text.crc32    0x000000002001a630       0x14 lib/built-in.o
                0x000000002001a630                crc32
 .text.crc32_wd
                0x000000002001a644        0x4 lib/built-in.o
                0x000000002001a644                crc32_wd
 .text.__div64_32
                0x000000002001a648       0xd0 lib/built-in.o
                0x000000002001a648                __div64_32
 .text.hang     0x000000002001a718       0x1c lib/built-in.o
                0x000000002001a718                hang
 .text.skip_spaces
                0x000000002001a734       0x28 lib/built-in.o
                0x000000002001a734                skip_spaces
 .text.strim    0x000000002001a75c       0x60 lib/built-in.o
                0x000000002001a75c                strim
 .text.strcpy   0x000000002001a7bc       0x18 lib/built-in.o
                0x000000002001a7bc                strcpy
 .text.strncpy  0x000000002001a7d4       0x24 lib/built-in.o
                0x000000002001a7d4                strncpy
 .text.strcat   0x000000002001a7f8       0x30 lib/built-in.o
                0x000000002001a7f8                strcat
 .text.strncat  0x000000002001a828       0x54 lib/built-in.o
                0x000000002001a828                strncat
 .text.strcmp   0x000000002001a87c       0x28 lib/built-in.o
                0x000000002001a87c                strcmp
 .text.strncmp  0x000000002001a8a4       0x3c lib/built-in.o
                0x000000002001a8a4                strncmp
 .text.strchr   0x000000002001a8e0       0x2c lib/built-in.o
                0x000000002001a8e0                strchr
 .text.strlen   0x000000002001a90c       0x20 lib/built-in.o
                0x000000002001a90c                strlen
 .text.strnlen  0x000000002001a92c       0x2c lib/built-in.o
                0x000000002001a92c                strnlen
 .text.strdup   0x000000002001a958       0x40 lib/built-in.o
                0x000000002001a958                strdup
 .text.strpbrk  0x000000002001a998       0x3c lib/built-in.o
                0x000000002001a998                strpbrk
 .text.memset   0x000000002001a9d4       0x5c lib/built-in.o
                0x000000002001a9d4                memset
 .text.memcpy   0x000000002001aa30       0x6c lib/built-in.o
                0x000000002001aa30                memcpy
 .text.memmove  0x000000002001aa9c       0x48 lib/built-in.o
                0x000000002001aa9c                memmove
 .text.memcmp   0x000000002001aae4       0x30 lib/built-in.o
                0x000000002001aae4                memcmp
 .text.strstr   0x000000002001ab14       0x6c lib/built-in.o
                0x000000002001ab14                strstr
 .text.udelay   0x000000002001ab80       0x30 lib/built-in.o
                0x000000002001ab80                udelay
 .text.mdelay   0x000000002001abb0       0x24 lib/built-in.o
                0x000000002001abb0                mdelay
 .text.put_dec_trunc
                0x000000002001abd4       0xd4 lib/built-in.o
 .text.put_dec  0x000000002001aca8      0x13c lib/built-in.o
 .text.string.isra.0
                0x000000002001ade4       0x94 lib/built-in.o
 .text.number.isra.4
                0x000000002001ae78      0x250 lib/built-in.o
 .text.vsnprintf_internal.isra.6
                0x000000002001b0c8      0x5fc lib/built-in.o
 .text.simple_strtoul
                0x000000002001b6c4       0xb8 lib/built-in.o
                0x000000002001b6c4                simple_strtoul
 .text.strict_strtoul
                0x000000002001b77c       0x78 lib/built-in.o
                0x000000002001b77c                strict_strtoul
 .text.simple_strtol
                0x000000002001b7f4       0x28 lib/built-in.o
                0x000000002001b7f4                simple_strtol
 .text.simple_strtoull
                0x000000002001b81c       0xdc lib/built-in.o
                0x000000002001b81c                simple_strtoull
 .text.vsprintf
                0x000000002001b8f8        0x4 lib/built-in.o
                0x000000002001b8f8                vsprintf
 .text.sprintf  0x000000002001b8fc       0x28 lib/built-in.o
                0x000000002001b8fc                sprintf
 .text.panic    0x000000002001b924       0x44 lib/built-in.o
                0x000000002001b924                panic
 .text.simple_itoa
                0x000000002001b968       0x54 lib/built-in.o
                0x000000002001b968                simple_itoa
 .text.ArpInit  0x000000002001b9bc       0x50 net/built-in.o
                0x000000002001b9bc                ArpInit
 .text.arp_raw_request
                0x000000002001ba0c       0xc0 net/built-in.o
                0x000000002001ba0c                arp_raw_request
 .text.ArpRequest
                0x000000002001bacc       0x84 net/built-in.o
                0x000000002001bacc                ArpRequest
 .text.ArpTimeoutCheck
                0x000000002001bb50       0x80 net/built-in.o
                0x000000002001bb50                ArpTimeoutCheck
 .text.ArpReceive
                0x000000002001bbd0      0x1fc net/built-in.o
                0x000000002001bbd0                ArpReceive
 .text.BootpHandler
                0x000000002001bdcc      0x360 net/built-in.o
 .text.BootpRequest
                0x000000002001c12c      0x1f8 net/built-in.o
                0x000000002001c12c                BootpRequest
 .text.BootpTimeout
                0x000000002001c324       0x44 net/built-in.o
 .text.__def_eth_init
                0x000000002001c368        0x8 net/built-in.o
                0x000000002001c368                cpu_eth_init
 .text.eth_current_changed
                0x000000002001c370       0x60 net/built-in.o
 .text.eth_parse_enetaddr
                0x000000002001c3d0       0x54 net/built-in.o
                0x000000002001c3d0                eth_parse_enetaddr
 .text.eth_getenv_enetaddr
                0x000000002001c424       0x5c net/built-in.o
                0x000000002001c424                eth_getenv_enetaddr
 .text.eth_setenv_enetaddr
                0x000000002001c480       0x34 net/built-in.o
                0x000000002001c480                eth_setenv_enetaddr
 .text.eth_getenv_enetaddr_by_index
                0x000000002001c4b4       0x50 net/built-in.o
                0x000000002001c4b4                eth_getenv_enetaddr_by_index
 .text.eth_get_dev_by_index
                0x000000002001c504       0x40 net/built-in.o
                0x000000002001c504                eth_get_dev_by_index
 .text.eth_get_dev_index
                0x000000002001c544       0x1c net/built-in.o
                0x000000002001c544                eth_get_dev_index
 .text.eth_write_hwaddr
                0x000000002001c560      0x1d8 net/built-in.o
                0x000000002001c560                eth_write_hwaddr
 .text.eth_register
                0x000000002001c738       0x7c net/built-in.o
                0x000000002001c738                eth_register
 .text.eth_initialize
                0x000000002001c7b4      0x1c8 net/built-in.o
                0x000000002001c7b4                eth_initialize
 .text.eth_halt
                0x000000002001c97c       0x30 net/built-in.o
                0x000000002001c97c                eth_halt
 .text.eth_send
                0x000000002001c9ac       0x38 net/built-in.o
                0x000000002001c9ac                eth_send
 .text.eth_rx   0x000000002001c9e4       0x24 net/built-in.o
                0x000000002001c9e4                eth_rx
 .text.eth_try_another
                0x000000002001ca08       0x84 net/built-in.o
                0x000000002001ca08                eth_try_another
 .text.eth_init
                0x000000002001ca8c       0xd0 net/built-in.o
                0x000000002001ca8c                eth_init
 .text.eth_set_current
                0x000000002001cb5c       0xa4 net/built-in.o
                0x000000002001cb5c                eth_set_current
 .text.eth_get_name
                0x000000002001cc00       0x20 net/built-in.o
                0x000000002001cc00                eth_get_name
 .text.startAgainTimeout
                0x000000002001cc20       0x14 net/built-in.o
 .text.dummy_handler
                0x000000002001cc34        0x4 net/built-in.o
 .text.net_clear_handlers
                0x000000002001cc38       0x34 net/built-in.o
 .text.net_auto_load
                0x000000002001cc6c       0x64 net/built-in.o
                0x000000002001cc6c                net_auto_load
 .text.NetStartAgain
                0x000000002001ccd0      0x150 net/built-in.o
                0x000000002001ccd0                NetStartAgain
 .text.net_set_udp_handler
                0x000000002001ce20       0x20 net/built-in.o
                0x000000002001ce20                net_set_udp_handler
 .text.net_get_arp_handler
                0x000000002001ce40       0x10 net/built-in.o
                0x000000002001ce40                net_get_arp_handler
 .text.NetSetTimeout
                0x000000002001ce50       0x5c net/built-in.o
                0x000000002001ce50                NetSetTimeout
 .text.NetCksum
                0x000000002001ceac       0x30 net/built-in.o
                0x000000002001ceac                NetCksum
 .text.NetCksumOk
                0x000000002001cedc       0x20 net/built-in.o
                0x000000002001cedc                NetCksumOk
 .text.NetReceive
                0x000000002001cefc      0x258 net/built-in.o
                0x000000002001cefc                NetReceive
 .text.NetEthHdrSize
                0x000000002001d154       0x38 net/built-in.o
                0x000000002001d154                NetEthHdrSize
 .text.NetSetEther
                0x000000002001d18c       0x94 net/built-in.o
                0x000000002001d18c                NetSetEther
 .text.net_update_ether
                0x000000002001d220       0x78 net/built-in.o
                0x000000002001d220                net_update_ether
 .text.net_set_ip_header
                0x000000002001d298       0x88 net/built-in.o
                0x000000002001d298                net_set_ip_header
 .text.net_set_udp_header
                0x000000002001d320       0x88 net/built-in.o
                0x000000002001d320                net_set_udp_header
 .text.NetSendUDPPacket
                0x000000002001d3a8      0x10c net/built-in.o
                0x000000002001d3a8                NetSendUDPPacket
 .text.copy_filename
                0x000000002001d4b4       0x44 net/built-in.o
                0x000000002001d4b4                copy_filename
 .text.on_bootfile
                0x000000002001d4f8       0x2c net/built-in.o
 .text.ip_to_string
                0x000000002001d524       0x38 net/built-in.o
                0x000000002001d524                ip_to_string
 .text.string_to_VLAN
                0x000000002001d55c       0x44 net/built-in.o
                0x000000002001d55c                string_to_VLAN
 .text.getenv_VLAN
                0x000000002001d5a0       0x10 net/built-in.o
                0x000000002001d5a0                getenv_VLAN
 .text.NetInitLoop
                0x000000002001d5b0       0xf0 net/built-in.o
 .text.net_init
                0x000000002001d6a0       0x70 net/built-in.o
                0x000000002001d6a0                net_init
 .text.NetLoop  0x000000002001d710      0x304 net/built-in.o
                0x000000002001d710                NetLoop
 .text.rpc_lookup_reply
                0x000000002001da14       0xb0 net/built-in.o
 .text.nfs_mount_reply
                0x000000002001dac4       0xa8 net/built-in.o
 .text.nfs_umountall_reply
                0x000000002001db6c       0x98 net/built-in.o
 .text.nfs_lookup_reply
                0x000000002001dc04       0x98 net/built-in.o
 .text.nfs_readlink_reply
                0x000000002001dc9c       0xf8 net/built-in.o
 .text.basename
                0x000000002001dd94       0x3c net/built-in.o
 .text.rpc_add_credentials
                0x000000002001ddd0       0xb4 net/built-in.o
 .text.rpc_req  0x000000002001de84       0xf8 net/built-in.o
 .text.nfs_mount_req
                0x000000002001df7c       0x94 net/built-in.o
 .text.nfs_umountall_req
                0x000000002001e010       0x60 net/built-in.o
 .text.nfs_lookup_req
                0x000000002001e070       0xa8 net/built-in.o
 .text.nfs_read_req
                0x000000002001e118       0x78 net/built-in.o
 .text.nfs_readlink_req
                0x000000002001e190       0x58 net/built-in.o
 .text.nfs_read_reply.isra.0
                0x000000002001e1e8      0x138 net/built-in.o
 .text.NfsSend  0x000000002001e320      0x114 net/built-in.o
 .text.NfsHandler
                0x000000002001e434      0x224 net/built-in.o
 .text.NfsTimeout
                0x000000002001e658       0x64 net/built-in.o
 .text.NfsStart
                0x000000002001e6bc      0x254 net/built-in.o
                0x000000002001e6bc                NfsStart
 .text.TftpSend
                0x000000002001e910      0x1c8 net/built-in.o
 .text.TftpHandler
                0x000000002001ead8      0x378 net/built-in.o
 .text.TftpTimeout
                0x000000002001ee50       0x88 net/built-in.o
 .text.TftpStart
                0x000000002001eed8      0x33c net/built-in.o
                0x000000002001eed8                TftpStart
 .text.raise    0x000000002001f214       0x1c arch/arm/lib/eabi_compat.o
                0x000000002001f214                raise
 .text          0x000000002001f230       0xc8 /usr/local/arm-cortex_a8-linux-gnueabi/lib/gcc/arm-cortex_a8-linux-gnueabi/4.9.4/libgcc.a(_udivsi3.o)
                0x000000002001f230                __udivsi3
                0x000000002001f230                __aeabi_uidiv
                0x000000002001f2d8                __aeabi_uidivmod
 .text          0x000000002001f2f8       0xfc /usr/local/arm-cortex_a8-linux-gnueabi/lib/gcc/arm-cortex_a8-linux-gnueabi/4.9.4/libgcc.a(_divsi3.o)
                0x000000002001f2f8                __aeabi_idiv
                0x000000002001f2f8                __divsi3
                0x000000002001f3d4                __aeabi_idivmod
 .text          0x000000002001f3f4       0x1c /usr/local/arm-cortex_a8-linux-gnueabi/lib/gcc/arm-cortex_a8-linux-gnueabi/4.9.4/libgcc.a(_lshrdi3.o)
                0x000000002001f3f4                __aeabi_llsr
                0x000000002001f3f4                __lshrdi3
 .text          0x000000002001f410       0x1c /usr/local/arm-cortex_a8-linux-gnueabi/lib/gcc/arm-cortex_a8-linux-gnueabi/4.9.4/libgcc.a(_ashrdi3.o)
                0x000000002001f410                __ashrdi3
                0x000000002001f410                __aeabi_lasr
 .text          0x000000002001f42c       0x1c /usr/local/arm-cortex_a8-linux-gnueabi/lib/gcc/arm-cortex_a8-linux-gnueabi/4.9.4/libgcc.a(_ashldi3.o)
                0x000000002001f42c                __ashldi3
                0x000000002001f42c                __aeabi_llsl
 .text          0x000000002001f448       0x10 /usr/local/arm-cortex_a8-linux-gnueabi/lib/gcc/arm-cortex_a8-linux-gnueabi/4.9.4/libgcc.a(_dvmd_lnx.o)
                0x000000002001f448                __aeabi_ldiv0
                0x000000002001f448                __aeabi_idiv0

.glue_7         0x000000002001f458        0x0
 .glue_7        0x000000002001f458        0x0 linker stubs

.glue_7t        0x000000002001f458        0x0
 .glue_7t       0x000000002001f458        0x0 linker stubs

.vfp11_veneer   0x000000002001f458        0x0
 .vfp11_veneer  0x000000002001f458        0x0 linker stubs

.v4_bx          0x000000002001f458        0x0
 .v4_bx         0x000000002001f458        0x0 linker stubs

.iplt           0x000000002001f458        0x0
 .iplt          0x000000002001f458        0x0 arch/arm/cpu/armv7/start.o
                0x000000002001f458                . = ALIGN (0x4)

.rodata         0x000000002001f458     0x7e3b
 *(SORT(.rodata*))
 .rodata        0x000000002001f458       0x80 arch/arm/lib/built-in.o
 .rodata.CSWTCH.28
                0x000000002001f4d8       0x20 common/built-in.o
 .rodata.boot_os
                0x000000002001f4f8       0x60 common/built-in.o
 .rodata.chip_ids
                0x000000002001f558       0x68 drivers/net/built-in.o
 .rodata.crc_table
                0x000000002001f5c0      0x400 lib/built-in.o
 .rodata.env_flags_varaccess_mask
                0x000000002001f9c0       0x10 common/built-in.o
 .rodata.op_adv
                0x000000002001f9d0      0x100 common/built-in.o
                0x000000002001f9d0                op_adv
 .rodata.op_table
                0x000000002001fad0       0x68 common/built-in.o
 .rodata.udivslot
                0x000000002001fb38       0x40 drivers/serial/built-in.o
 .rodata.uimage_arch
                0x000000002001fb78      0x120 common/built-in.o
 .rodata.uimage_comp
                0x000000002001fc98       0x48 common/built-in.o
 .rodata.uimage_os
                0x000000002001fce0       0x78 common/built-in.o
 .rodata.uimage_type
                0x000000002001fd58       0xd8 common/built-in.o
 .rodata.CSWTCH.47
                0x000000002001fe30       0x10 drivers/mtd/onenand/built-in.o
 .rodata.crc16_tab
                0x000000002001fe40      0x200 lib/built-in.o
 .rodata.dbase.6643
                0x0000000020020040       0x40 lib/built-in.o
 .rodata.dext.6644
                0x0000000020020080       0x40 lib/built-in.o
 .rodata.distfix
                0x00000000200200c0       0x80 lib/built-in.o
 .rodata.ffchars
                0x0000000020020140       0x80 drivers/mtd/onenand/built-in.o
 .rodata.lbase.6641
                0x00000000200201c0       0x3e lib/built-in.o
 .rodata.lenfix
                0x00000000200201fe      0x800 lib/built-in.o
 .rodata.lext.6642
                0x00000000200209fe       0x3e lib/built-in.o
 .rodata.order.6737
                0x0000000020020a3c       0x26 lib/built-in.o
 .rodata        0x0000000020020a62        0x3 common/built-in.o
 .rodata        0x0000000020020a65        0xe net/built-in.o
 .rodata.CSWTCH.23
                0x0000000020020a73       0x16 common/built-in.o
 .rodata.__func__.6473
                0x0000000020020a89       0x10 common/built-in.o
 .rodata.__func__.6484
                0x0000000020020a99        0xb common/built-in.o
 .rodata.__func__.6653
                0x0000000020020aa4        0xe common/built-in.o
 .rodata.__func__.6687
                0x0000000020020ab2        0xe common/built-in.o
 .rodata.__func__.6965
                0x0000000020020ac0        0x8 common/built-in.o
 .rodata.__func__.7002
                0x0000000020020ac8       0x11 drivers/mtd/onenand/built-in.o
 .rodata._ctype
                0x0000000020020ad9      0x100 lib/built-in.o
                0x0000000020020ad9                _ctype
 .rodata.default_environment
                0x0000000020020bd9      0x79f common/built-in.o
                0x0000000020020bd9                default_environment
 .rodata.delims.6352
                0x0000000020021378        0x3 common/built-in.o
 .rodata.digits.6356
                0x000000002002137b       0x10 lib/built-in.o
 .rodata.env_flags_varaccess_rep
                0x000000002002138b        0x5 common/built-in.o
 .rodata.env_flags_vartype_rep
                0x0000000020021390        0x7 common/built-in.o
 .rodata.erase_seq
                0x0000000020021397        0x4 common/built-in.o
 .rodata.hex_asc
                0x000000002002139b       0x11 lib/built-in.o
 .rodata.names.6256
                0x00000000200213ac        0x6 lib/built-in.o
 .rodata.str1.1
                0x00000000200213b2       0x7a arch/arm/cpu/armv7/built-in.o
 .rodata.str1.1
                0x000000002002142c       0x16 arch/arm/cpu/armv7/s5pc1xx/built-in.o
 .rodata.str1.1
                0x0000000020021442      0x329 arch/arm/lib/built-in.o
                                        0x347 (size before relaxing)
 .rodata.str1.1
                0x000000002002176b       0x11 board/samsung/smdkv210/built-in.o
 .rodata.str1.1
                0x000000002002177c     0x3eb7 common/built-in.o
                                       0x42aa (size before relaxing)
 .rodata.str1.1
                0x0000000020025633      0x11b disk/built-in.o
                                        0x124 (size before relaxing)
 .rodata.str1.1
                0x000000002002574e      0x1ee drivers/mtd/built-in.o
 .rodata.str1.1
                0x000000002002593c      0x92e drivers/mtd/onenand/built-in.o
                                        0x94d (size before relaxing)
 .rodata.str1.1
                0x000000002002626a      0x214 drivers/net/built-in.o
                                        0x215 (size before relaxing)
 .rodata.str1.1
                0x000000002002647e       0x57 drivers/serial/built-in.o
                                         0x92 (size before relaxing)
 .rodata.str1.1
                0x00000000200264d5      0x267 fs/built-in.o
                                        0x2a7 (size before relaxing)
 .rodata.str1.1
                0x000000002002673c      0x456 lib/built-in.o
                                        0x470 (size before relaxing)
 .rodata.str1.1
                0x0000000020026b92      0x6a8 net/built-in.o
                                        0x834 (size before relaxing)
 .rodata.str1.1
                0x000000002002723a       0x1b arch/arm/lib/eabi_compat.o
 .rodata.tab_seq
                0x0000000020027255        0x9 common/built-in.o
 .rodata.version_string
                0x000000002002725e       0x35 common/built-in.o
                0x000000002002725e                version_string

.hash           0x0000000020027294       0x18
 .hash          0x0000000020027294       0x18 arch/arm/cpu/armv7/start.o
                0x00000000200272ac                . = ALIGN (0x4)

.data           0x00000000200272ac     0x33ce
 *(.data*)
 .data.rel.ro   0x00000000200272ac        0x0 arch/arm/cpu/armv7/start.o
 .data.s5p_cpu_id
                0x00000000200272ac        0x4 arch/arm/cpu/armv7/built-in.o
                0x00000000200272ac                s5p_cpu_id
 .data.s5p_cpu_rev
                0x00000000200272b0        0x4 arch/arm/cpu/armv7/built-in.o
                0x00000000200272b0                s5p_cpu_rev
 .data.init_sequence
                0x00000000200272b4       0x30 arch/arm/lib/built-in.o
                0x00000000200272b4                init_sequence
 .data.hist_cur
                0x00000000200272e4        0x4 common/built-in.o
 .data.reserved_list
                0x00000000200272e8       0x84 common/built-in.o
 .data.bootm_help_text
                0x000000002002736c      0x245 common/built-in.o
 *fill*         0x00000000200275b1        0x3 
 .data.cmd_bootm_sub
                0x00000000200275b4       0xc0 common/built-in.o
 .data.first_call
                0x0000000020027674        0x8 common/built-in.o
 .data.env_name_spec
                0x000000002002767c        0x4 common/built-in.o
                0x000000002002767c                env_name_spec
 .data.source_help_text
                0x0000000020027680       0x4e common/built-in.o
 *fill*         0x00000000200276ce        0x2 
 .data.do_echo  0x00000000200276d0        0x4 common/built-in.o
 .data.dp_last_length
                0x00000000200276d4        0x4 common/built-in.o
 .data.mtdparts_help_text