Archive member included to satisfy reference by file (symbol)

/usr/local/arm-cortex_a8-linux-gnueabi/lib/gcc/arm-cortex_a8-linux-gnueabi/4.9.4/libgcc.a(_udivsi3.o)
                              arch/arm/cpu/armv7/built-in.o (__aeabi_uidiv)
/usr/local/arm-cortex_a8-linux-gnueabi/lib/gcc/arm-cortex_a8-linux-gnueabi/4.9.4/libgcc.a(_divsi3.o)
                              common/built-in.o (__aeabi_idiv)
/usr/local/arm-cortex_a8-linux-gnueabi/lib/gcc/arm-cortex_a8-linux-gnueabi/4.9.4/libgcc.a(_lshrdi3.o)
                              drivers/mtd/nand/built-in.o (__aeabi_llsr)
/usr/local/arm-cortex_a8-linux-gnueabi/lib/gcc/arm-cortex_a8-linux-gnueabi/4.9.4/libgcc.a(_ashrdi3.o)
                              drivers/mtd/nand/built-in.o (__aeabi_lasr)
/usr/local/arm-cortex_a8-linux-gnueabi/lib/gcc/arm-cortex_a8-linux-gnueabi/4.9.4/libgcc.a(_ashldi3.o)
                              drivers/mtd/nand/built-in.o (__aeabi_llsl)
/usr/local/arm-cortex_a8-linux-gnueabi/lib/gcc/arm-cortex_a8-linux-gnueabi/4.9.4/libgcc.a(_dvmd_lnx.o)
                              /usr/local/arm-cortex_a8-linux-gnueabi/lib/gcc/arm-cortex_a8-linux-gnueabi/4.9.4/libgcc.a(_udivsi3.o) (__aeabi_idiv0)

Discarded input sections

 .data          0x0000000000000000        0x0 arch/arm/cpu/armv7/start.o
 .bss           0x0000000000000000        0x0 arch/arm/cpu/armv7/start.o
 .text          0x0000000000000000        0x0 arch/arm/cpu/armv7/built-in.o
 .text.__v7_outer_cache_enable
                0x0000000000000000        0x4 arch/arm/cpu/armv7/built-in.o
 .text.__v7_outer_cache_disable
                0x0000000000000000        0x4 arch/arm/cpu/armv7/built-in.o
 .text.mmu_page_table_flush
                0x0000000000000000       0x24 arch/arm/cpu/armv7/built-in.o
 .text.__v7_outer_cache_inval_range
                0x0000000000000000        0x4 arch/arm/cpu/armv7/built-in.o
 .text.invalidate_dcache_range
                0x0000000000000000       0xac arch/arm/cpu/armv7/built-in.o
 .text.sdelay   0x0000000000000000        0xc arch/arm/cpu/armv7/built-in.o
 .text.sr32     0x0000000000000000       0x20 arch/arm/cpu/armv7/built-in.o
 .text.wait_on_value
                0x0000000000000000       0x34 arch/arm/cpu/armv7/built-in.o
 .text.get_device_type
                0x0000000000000000       0x10 arch/arm/cpu/armv7/built-in.o
 .text.timer_get_us
                0x0000000000000000       0x2c arch/arm/cpu/armv7/built-in.o
 .text.pwm_disable
                0x0000000000000000       0x28 arch/arm/cpu/armv7/built-in.o
 .rodata.__func__.6383
                0x0000000000000000       0x16 arch/arm/cpu/armv7/built-in.o
 .data          0x0000000000000000        0x0 arch/arm/cpu/armv7/built-in.o
 .bss           0x0000000000000000        0x0 arch/arm/cpu/armv7/built-in.o
 .bss.base_time_us.6352
                0x0000000000000000        0x4 arch/arm/cpu/armv7/built-in.o
 .text.set_mmc_clk
                0x0000000000000000        0x4 arch/arm/cpu/armv7/s5pc1xx/built-in.o
 .data          0x0000000000000000        0x0 arch/arm/cpu/armv7/s5pc1xx/built-in.o
 .bss           0x0000000000000000        0x0 arch/arm/cpu/armv7/s5pc1xx/built-in.o
 .text.__arch_cpu_init
                0x0000000000000000        0x8 arch/arm/lib/built-in.o
 .text.__red_led_off
                0x0000000000000000        0x4 arch/arm/lib/built-in.o
 .text.__green_led_on
                0x0000000000000000        0x4 arch/arm/lib/built-in.o
 .text.__green_led_off
                0x0000000000000000        0x4 arch/arm/lib/built-in.o
 .text.__yellow_led_on
                0x0000000000000000        0x4 arch/arm/lib/built-in.o
 .text.__yellow_led_off
                0x0000000000000000        0x4 arch/arm/lib/built-in.o
 .text.__blue_led_on
                0x0000000000000000        0x4 arch/arm/lib/built-in.o
 .text.__blue_led_off
                0x0000000000000000        0x4 arch/arm/lib/built-in.o
 .text.__dram_init_banksize
                0x0000000000000000       0x1c arch/arm/lib/built-in.o
 .text.__flush_cache
                0x0000000000000000        0x4 arch/arm/lib/built-in.o
 .text.__flush_dcache_all
                0x0000000000000000        0xc arch/arm/lib/built-in.o
 .text.__arm_init_before_mmu
                0x0000000000000000        0x4 arch/arm/lib/built-in.o
 .text.__mmu_page_table_flush
                0x0000000000000000        0x4 arch/arm/lib/built-in.o
 .text.mmu_set_region_dcache_behaviour
                0x0000000000000000       0x50 arch/arm/lib/built-in.o
 .data          0x0000000000000000        0x0 arch/arm/lib/built-in.o
 .__end         0x0000000000000000        0x0 arch/arm/lib/built-in.o
 .bss           0x0000000000000000        0x0 arch/arm/lib/built-in.o
 .text.onenand_board_init
                0x0000000000000000       0x88 board/samsung/smdkv210/built-in.o
 .text.delay.constprop.0
                0x0000000000000000       0x50 board/samsung/smdkv210/built-in.o
 .text.ledm_on  0x0000000000000000       0x38 board/samsung/smdkv210/built-in.o
 .text.ledm_off
[...]
Memory Configuration

Name             Origin             Length             Attributes
*default*        0x0000000000000000 0xffffffffffffffff

Linker script and memory map

Address of section .text set to 0x20000000
                0x0000000000000000                . = 0x0
                0x0000000000000000                . = ALIGN (0x4)

.text           0x0000000020000000    0x2397c
 *(.__image_copy_start)
 .__image_copy_start
                0x0000000020000000        0x0 arch/arm/lib/built-in.o
                0x0000000020000000                __image_copy_start
 arch/arm/cpu/armv7/start.o(.text*)
 .text          0x0000000020000000      0x36c arch/arm/cpu/armv7/start.o
                0x0000000020000000                _start
                0x0000000020000020                _undefined_instruction
                0x0000000020000024                _software_interrupt
                0x0000000020000028                _prefetch_abort
                0x000000002000002c                _data_abort
                0x0000000020000030                _not_used
                0x0000000020000034                _irq
                0x0000000020000038                _fiq
                0x0000000020000040                _end_vect
                0x0000000020000040                IRQ_STACK_START_IN
                0x0000000020000084                c_runtime_cpu_setup
                0x000000002000009c                save_boot_params
                0x00000000200000a0                cpu_init_cp15
                0x00000000200000d8                cpu_init_crit
 *(.text*)
 .text.v7_maint_dcache_all
                0x000000002000036c       0xd0 arch/arm/cpu/armv7/built-in.o
 .text.invalidate_icache_all
                0x000000002000043c       0x18 arch/arm/cpu/armv7/built-in.o
                0x000000002000043c                invalidate_icache_all
 .text.__v7_outer_cache_flush_all
                0x0000000020000454        0x4 arch/arm/cpu/armv7/built-in.o
                0x0000000020000454                __v7_outer_cache_flush_all
                0x0000000020000454                v7_outer_cache_flush_all
 .text.flush_dcache_all
                0x0000000020000458       0x14 arch/arm/cpu/armv7/built-in.o
                0x0000000020000458                flush_dcache_all
 .text.__v7_outer_cache_inval_all
                0x000000002000046c        0x4 arch/arm/cpu/armv7/built-in.o
                0x000000002000046c                v7_outer_cache_inval_all
                0x000000002000046c                __v7_outer_cache_inval_all
 .text.invalidate_dcache_all
                0x0000000020000470       0x14 arch/arm/cpu/armv7/built-in.o
                0x0000000020000470                invalidate_dcache_all
 .text.arm_init_before_mmu
                0x0000000020000484       0x28 arch/arm/cpu/armv7/built-in.o
                0x0000000020000484                arm_init_before_mmu
 .text.__v7_outer_cache_flush_range
                0x00000000200004ac        0x4 arch/arm/cpu/armv7/built-in.o
                0x00000000200004ac                v7_outer_cache_flush_range
                0x00000000200004ac                __v7_outer_cache_flush_range
 .text.flush_dcache_range
                0x00000000200004b0       0x3c arch/arm/cpu/armv7/built-in.o
                0x00000000200004b0                flush_dcache_range
 .text.flush_cache
                0x00000000200004ec        0x8 arch/arm/cpu/armv7/built-in.o
                0x00000000200004ec                flush_cache
 .text.cpu_cache_initialization
                0x00000000200004f4        0x4 arch/arm/cpu/armv7/built-in.o
                0x00000000200004f4                cpu_cache_initialization
 .text.cleanup_before_linux
                0x00000000200004f8       0x28 arch/arm/cpu/armv7/built-in.o
                0x00000000200004f8                cleanup_before_linux
 .text.arch_cpu_init
                0x0000000020000520       0x34 arch/arm/cpu/armv7/built-in.o
                0x0000000020000520                arch_cpu_init
 .text.print_cpuinfo
                0x0000000020000554       0x4c arch/arm/cpu/armv7/built-in.o
                0x0000000020000554                print_cpuinfo
 .text.get_timer
                0x00000000200005a0       0x78 arch/arm/cpu/armv7/built-in.o
                0x00000000200005a0                get_timer
 .text.__udelay
                0x0000000020000618       0x20 arch/arm/cpu/armv7/built-in.o
                0x0000000020000618                __udelay
 .text.reset_timer_masked
                0x0000000020000638       0x1c arch/arm/cpu/armv7/built-in.o
                0x0000000020000638                reset_timer_masked
 .text.timer_init
                0x0000000020000654       0x58 arch/arm/cpu/armv7/built-in.o
                0x0000000020000654                timer_init
 .text.get_ticks
                0x00000000200006ac       0x14 arch/arm/cpu/armv7/built-in.o
                0x00000000200006ac                get_ticks
 .text.get_tbclk
                0x00000000200006c0        0x8 arch/arm/cpu/armv7/built-in.o
                0x00000000200006c0                get_tbclk
 .text.s5p_config_sromc
                0x00000000200006c8       0x2c arch/arm/cpu/armv7/built-in.o
                0x00000000200006c8                s5p_config_sromc
 .text.pwm_enable
                0x00000000200006f4       0x2c arch/arm/cpu/armv7/built-in.o
                0x00000000200006f4                pwm_enable
 .text.pwm_config
                0x0000000020000720      0x144 arch/arm/cpu/armv7/built-in.o
                0x0000000020000720                pwm_config
 .text.pwm_init
                0x0000000020000864       0xf4 arch/arm/cpu/armv7/built-in.o
                0x0000000020000864                pwm_init
 *fill*         0x0000000020000958        0x8 
 .text          0x0000000020000960       0x64 arch/arm/cpu/armv7/s5pc1xx/built-in.o
                0x0000000020000960                v7_outer_cache_enable
                0x0000000020000974                v7_outer_cache_disable
                0x0000000020000988                reset_cpu
 .text.get_pll_clk
                0x00000000200009c4      0x14c arch/arm/cpu/armv7/s5pc1xx/built-in.o
                0x00000000200009c4                get_pll_clk
 .text.get_pclkd1
                0x0000000020000b10       0x34 arch/arm/cpu/armv7/s5pc1xx/built-in.o
 .text.get_pclk_sys.constprop.1
                0x0000000020000b44       0x38 arch/arm/cpu/armv7/s5pc1xx/built-in.o
 .text.get_arm_clk
                0x0000000020000b7c       0x5c arch/arm/cpu/armv7/s5pc1xx/built-in.o
                0x0000000020000b7c                get_arm_clk
 .text.get_pwm_clk
                0x0000000020000bd8       0x20 arch/arm/cpu/armv7/s5pc1xx/built-in.o
                0x0000000020000bd8                get_pwm_clk
 .text.get_uart_clk
                0x0000000020000bf8       0x20 arch/arm/cpu/armv7/s5pc1xx/built-in.o
                0x0000000020000bf8                get_uart_clk
 .text          0x0000000020000c18       0xe4 arch/arm/lib/built-in.o
                0x0000000020000c18                _main
                0x0000000020000c98                relocate_code
 .text.display_banner
                0x0000000020000cfc       0x20 arch/arm/lib/built-in.o
 .text.init_baudrate
                0x0000000020000d1c       0x2c arch/arm/lib/built-in.o
 .text.mark_bootstage
                0x0000000020000d48       0x14 arch/arm/lib/built-in.o
 .text.__coloured_LED_init
                0x0000000020000d5c        0x4 arch/arm/lib/built-in.o
                0x0000000020000d5c                coloured_LED_init
                0x0000000020000d5c                __coloured_LED_init
 .text.__red_led_on
                0x0000000020000d60        0x4 arch/arm/lib/built-in.o
                0x0000000020000d60                __red_led_on
                0x0000000020000d60                red_led_on
 .text.__power_init_board
                0x0000000020000d64        0x8 arch/arm/lib/built-in.o
                0x0000000020000d64                __power_init_board
                0x0000000020000d64                power_init_board
 .text.board_init_f
                0x0000000020000d6c      0x120 arch/arm/lib/built-in.o
                0x0000000020000d6c                board_init_f
 .text.board_init_r
                0x0000000020000e8c       0xbc arch/arm/lib/built-in.o
                0x0000000020000e8c                board_init_r
 .text.boot_jump_linux.isra.5
                0x0000000020000f48       0xa4 arch/arm/lib/built-in.o
 .text.arch_lmb_reserve
                0x0000000020000fec       0x24 arch/arm/lib/built-in.o
                0x0000000020000fec                arch_lmb_reserve
 .text.setup_board_tags
                0x0000000020001010        0x4 arch/arm/lib/built-in.o
                0x0000000020001010                setup_board_tags
 .text.boot_prep_linux
                0x0000000020001014      0x150 arch/arm/lib/built-in.o
 .text.do_bootm_linux
                0x0000000020001164       0x64 arch/arm/lib/built-in.o
                0x0000000020001164                do_bootm_linux
 .text.boot_prep_vxworks
                0x00000000200011c8        0x4 arch/arm/lib/built-in.o
                0x00000000200011c8                boot_prep_vxworks
 .text.boot_jump_vxworks
                0x00000000200011cc        0xc arch/arm/lib/built-in.o
                0x00000000200011cc                boot_jump_vxworks
 .text.interrupt_init
                0x00000000200011d8       0x1c arch/arm/lib/built-in.o
                0x00000000200011d8                interrupt_init
 .text.enable_interrupts
                0x00000000200011f4        0x4 arch/arm/lib/built-in.o
                0x00000000200011f4                enable_interrupts
 .text.disable_interrupts
                0x00000000200011f8        0x8 arch/arm/lib/built-in.o
                0x00000000200011f8                disable_interrupts
 .text.bad_mode
                0x0000000020001200       0x10 arch/arm/lib/built-in.o
                0x0000000020001200                bad_mode
 .text.show_regs
                0x0000000020001210      0x13c arch/arm/lib/built-in.o
                0x0000000020001210                show_regs
 .text.do_undefined_instruction
                0x000000002000134c       0x20 arch/arm/lib/built-in.o
                0x000000002000134c                do_undefined_instruction
 .text.do_software_interrupt
                0x000000002000136c       0x20 arch/arm/lib/built-in.o
                0x000000002000136c                do_software_interrupt
 .text.do_prefetch_abort
                0x000000002000138c       0x20 arch/arm/lib/built-in.o
                0x000000002000138c                do_prefetch_abort
 .text.do_data_abort
                0x00000000200013ac       0x20 arch/arm/lib/built-in.o
                0x00000000200013ac                do_data_abort
 .text.do_not_used
                0x00000000200013cc       0x20 arch/arm/lib/built-in.o
                0x00000000200013cc                do_not_used
 .text.do_fiq   0x00000000200013ec       0x20 arch/arm/lib/built-in.o
                0x00000000200013ec                do_fiq
 .text.do_irq   0x000000002000140c       0x20 arch/arm/lib/built-in.o
                0x000000002000140c                do_irq
 .text.do_reset
                0x000000002000142c       0x2c arch/arm/lib/built-in.o
                0x000000002000142c                do_reset
 .text.__enable_caches
                0x0000000020001458        0xc arch/arm/lib/built-in.o
                0x0000000020001458                enable_caches
                0x0000000020001458                __enable_caches
 .text.cp_delay
                0x0000000020001464       0x30 arch/arm/lib/built-in.o
 .text.arm_init_domains
                0x0000000020001494        0x4 arch/arm/lib/built-in.o
                0x0000000020001494                arm_init_domains
 .text.set_section_dcache
                0x0000000020001498       0x14 arch/arm/lib/built-in.o
                0x0000000020001498                set_section_dcache
 .text.dram_bank_mmu_setup
                0x00000000200014ac       0x40 arch/arm/lib/built-in.o
                0x00000000200014ac                dram_bank_mmu_setup
 .text.icache_enable
                0x00000000200014ec       0x18 arch/arm/lib/built-in.o
                0x00000000200014ec                icache_enable
 .text.icache_disable
                0x0000000020001504       0x1c arch/arm/lib/built-in.o
                0x0000000020001504                icache_disable
 .text.icache_status
                0x0000000020001520        0xc arch/arm/lib/built-in.o
                0x0000000020001520                icache_status
 .text.dcache_enable
                0x000000002000152c       0x6c arch/arm/lib/built-in.o
                0x000000002000152c                dcache_enable
 .text.dcache_disable
                0x0000000020001598       0x28 arch/arm/lib/built-in.o
                0x0000000020001598                dcache_disable
 .text.dcache_status
                0x00000000200015c0        0xc arch/arm/lib/built-in.o
                0x00000000200015c0                dcache_status
 .text          0x00000000200015cc      0x170 board/samsung/smdkv210/built-in.o
                0x00000000200015cc                lowlevel_init
 .text.board_init
                0x000000002000173c       0x50 board/samsung/smdkv210/built-in.o
                0x000000002000173c                board_init
 .text.dram_init
                0x000000002000178c       0x20 board/samsung/smdkv210/built-in.o
                0x000000002000178c                dram_init
 .text.dram_init_banksize
                0x00000000200017ac       0x1c board/samsung/smdkv210/built-in.o
                0x00000000200017ac                dram_init_banksize
 .text.checkboard
                0x00000000200017c8       0x18 board/samsung/smdkv210/built-in.o
                0x00000000200017c8                checkboard
 .text.board_eth_init
                0x00000000200017e0       0x10 board/samsung/smdkv210/built-in.o
                0x00000000200017e0                board_eth_init
 .text.delete_char.part.0
                0x00000000200017f0       0xd0 common/built-in.o
 .text.cread_add_char
                0x00000000200018c0       0xe8 common/built-in.o
 .text.__show_boot_progress
                0x00000000200019a8        0x4 common/built-in.o
                0x00000000200019a8                __show_boot_progress
                0x00000000200019a8                show_boot_progress
 .text.readline_into_buffer
                0x00000000200019ac      0x9c0 common/built-in.o
                0x00000000200019ac                readline_into_buffer
 .text.readline
                0x000000002000236c       0x14 common/built-in.o
                0x000000002000236c                readline
 .text.run_command
                0x0000000020002380        0x8 common/built-in.o
                0x0000000020002380                run_command
 .text.run_command_list
                0x0000000020002388       0x5c common/built-in.o
                0x0000000020002388                run_command_list
 .text.main_loop
                0x00000000200023e4      0x218 common/built-in.o
                0x00000000200023e4                main_loop
 .text.do_run   0x00000000200025fc       0x74 common/built-in.o
                0x00000000200025fc                do_run
 .text.find_cmd_tbl
                0x0000000020002670       0xa4 common/built-in.o
                0x0000000020002670                find_cmd_tbl
 .text.find_cmd
                0x0000000020002714       0x28 common/built-in.o
                0x0000000020002714                find_cmd
 .text.cmd_usage
                0x000000002000273c       0x5c common/built-in.o
                0x000000002000273c                cmd_usage
 .text._do_help
                0x0000000020002798      0x180 common/built-in.o
                0x0000000020002798                _do_help
 .text.var_complete
                0x0000000020002918       0x7c common/built-in.o
                0x0000000020002918                var_complete
 .text.cmd_auto_complete
                0x0000000020002994      0x4b0 common/built-in.o
                0x0000000020002994                cmd_auto_complete
 .text.cmd_get_data_size
                0x0000000020002e44       0x5c common/built-in.o
                0x0000000020002e44                cmd_get_data_size
 .text.cmd_process
                0x0000000020002ea0       0xf4 common/built-in.o
                0x0000000020002ea0                cmd_process
 .text.dummy    0x0000000020002f94        0x4 common/built-in.o
 .text.get_version
                0x0000000020002f98        0x8 common/built-in.o
                0x0000000020002f98                get_version
 .text.jumptable_init
                0x0000000020002fa0      0x190 common/built-in.o
                0x0000000020002fa0                jumptable_init
 .text.hash_command
                0x0000000020003130       0xa0 common/built-in.o
                0x0000000020003130                hash_command
 .text.b_reset  0x00000000200031d0       0x1c common/built-in.o
 .text.static_get
                0x00000000200031ec       0x1c common/built-in.o
 .text.static_peek
                0x0000000020003208        0xc common/built-in.o
 .text.file_peek
                0x0000000020003214        0xc common/built-in.o
 .text.mapset   0x0000000020003220       0x20 common/built-in.o
 .text.syntax_err
                0x0000000020003240        0xc common/built-in.o
 .text.free_pipe_list
                0x000000002000324c       0xf0 common/built-in.o
 .text.xmalloc  0x000000002000333c       0x20 common/built-in.o
 .text.new_pipe
                0x000000002000335c       0x28 common/built-in.o
 .text.xrealloc
                0x0000000020003384       0x20 common/built-in.o
 .text.done_command
                0x00000000200033a4       0x88 common/built-in.o
 .text.done_pipe
                0x000000002000342c       0x48 common/built-in.o
 .text.done_word
                0x0000000020003474      0x2d8 common/built-in.o
 .text.do_showvar
                0x000000002000374c       0xfc common/built-in.o
 .text.is_assignment
                0x0000000020003848       0x5c common/built-in.o
 .text.file_get
                0x00000000200038a4      0x1ec common/built-in.o
 .text.b_addchr
                0x0000000020003a90       0x78 common/built-in.o
 .text.b_addqchr
                0x0000000020003b08       0x50 common/built-in.o
 .text.get_local_var
                0x0000000020003b58       0xa0 common/built-in.o
                0x0000000020003b58                get_local_var
 .text.set_local_var
                0x0000000020003bf8      0x1ac common/built-in.o
                0x0000000020003bf8                set_local_var
 .text.insert_var_value_sub
                0x0000000020003da4      0x2c0 common/built-in.o
 .text.parse_string_outer
                0x0000000020004064       0xe4 common/built-in.o
                0x0000000020004064                parse_string_outer
 .text.run_list_real
                0x0000000020004148      0x7e4 common/built-in.o
 .text.parse_stream_outer
                0x000000002000492c      0x6ac common/built-in.o
 .text.parse_file_outer
                0x0000000020004fd8       0x44 common/built-in.o
                0x0000000020004fd8                parse_file_outer
 .text.u_boot_hush_start
                0x000000002000501c       0x54 common/built-in.o
                0x000000002000501c                u_boot_hush_start
 .text.hex1_bin
                0x0000000020005070       0x40 common/built-in.o
 .text.hex2_bin
                0x00000000200050b0       0x38 common/built-in.o
 .text.srec_decode
                0x00000000200050e8      0x254 common/built-in.o
                0x00000000200050e8                srec_decode
 .text.CYGACC_COMM_IF_GETC_TIMEOUT.isra.0
                0x000000002000533c       0x5c common/built-in.o
 .text.xyzModem_flush
                0x0000000020005398       0x1c common/built-in.o
 .text.xyzModem_get_hdr
                0x00000000200053b4      0x230 common/built-in.o
 .text.xyzModem_stream_open
                0x00000000200055e4      0x23c common/built-in.o
                0x00000000200055e4                xyzModem_stream_open
 .text.xyzModem_stream_read
                0x0000000020005820      0x258 common/built-in.o
                0x0000000020005820                xyzModem_stream_read
 .text.xyzModem_stream_close
                0x0000000020005a78       0x54 common/built-in.o
                0x0000000020005a78                xyzModem_stream_close
 .text.xyzModem_stream_terminate
                0x0000000020005acc       0x94 common/built-in.o
                0x0000000020005acc                xyzModem_stream_terminate
 .text.xyzModem_error
                0x0000000020005b60       0x20 common/built-in.o
                0x0000000020005b60                xyzModem_error
 .text.do_go_exec
                0x0000000020005b80       0x10 common/built-in.o
                0x0000000020005b80                do_go_exec
 .text.do_go    0x0000000020005b90       0x6c common/built-in.o
 .text.copy_args
                0x0000000020005bfc       0x50 common/built-in.o
 .text.image_info
                0x0000000020005c4c       0xcc common/built-in.o
 .text.do_bootd
                0x0000000020005d18       0x24 common/built-in.o
                0x0000000020005d18                do_bootd
 .text.do_bootm_rtems
                0x0000000020005d3c       0x40 common/built-in.o
 .text.do_bootm_plan9
                0x0000000020005d7c       0xa4 common/built-in.o
 .text.do_bootm_standalone
                0x0000000020005e20       0x64 common/built-in.o
 .text.do_bootm_qnxelf
                0x0000000020005e84       0x5c common/built-in.o
 .text.do_bootm_netbsd
                0x0000000020005ee0       0xf8 common/built-in.o
 .text.do_iminfo
                0x0000000020005fd8       0x60 common/built-in.o
 .text.__arch_preboot_os
                0x0000000020006038        0x4 common/built-in.o
                0x0000000020006038                arch_preboot_os
 .text.do_bootm_states.isra.21.constprop.22
                0x000000002000603c      0x788 common/built-in.o
 .text.do_bootm
                0x00000000200067c4       0xec common/built-in.o
                0x00000000200067c4                do_bootm
 .text.bootm_maybe_autostart
                0x00000000200068b0       0x78 common/built-in.o
                0x00000000200068b0                bootm_maybe_autostart
 .text.do_bootvx_fdt
                0x0000000020006928       0x3c common/built-in.o
                0x0000000020006928                do_bootvx_fdt
 .text.do_bootm_vxworks
                0x0000000020006964       0x24 common/built-in.o
 .text.do_help  0x0000000020006988       0x48 common/built-in.o
 .text.do_version
                0x00000000200069d0       0x38 common/built-in.o
 .text.env_attr_walk
                0x0000000020006a08      0x114 common/built-in.o
                0x0000000020006a08                env_attr_walk
 .text.env_attr_lookup
                0x0000000020006b1c      0x18c common/built-in.o
                0x0000000020006b1c                env_attr_lookup
 .text.clear_callback
                0x0000000020006ca8       0x10 common/built-in.o
 .text.find_env_callback
                0x0000000020006cb8       0x68 common/built-in.o
 .text.on_callbacks
                0x0000000020006d20       0x48 common/built-in.o
 .text.set_callback
                0x0000000020006d68       0x94 common/built-in.o
 .text.env_callback_init
                0x0000000020006dfc       0xc4 common/built-in.o
                0x0000000020006dfc                env_callback_init
 .text.skip_num
                0x0000000020006ec0       0x70 common/built-in.o
 .text.clear_flags
                0x0000000020006f30       0x10 common/built-in.o
 .text.on_flags
                0x0000000020006f40       0x48 common/built-in.o
 .text.env_flags_parse_vartype
                0x0000000020006f88       0x50 common/built-in.o
                0x0000000020006f88                env_flags_parse_vartype
 .text.env_flags_parse_varaccess
                0x0000000020006fd8       0x58 common/built-in.o
                0x0000000020006fd8                env_flags_parse_varaccess
 .text.set_flags
                0x0000000020007030       0xac common/built-in.o
 .text.env_flags_init
                0x00000000200070dc       0xd8 common/built-in.o
                0x00000000200070dc                env_flags_init
 .text.env_flags_validate
                0x00000000200071b4      0x324 common/built-in.o
                0x00000000200071b4                env_flags_validate
 .text.env_init
                0x00000000200074d8       0x1c common/built-in.o
                0x00000000200074d8                env_init
 .text.writeenv
                0x00000000200074f4       0xb0 common/built-in.o
                0x00000000200074f4                writeenv
 .text.saveenv  0x00000000200075a4      0x124 common/built-in.o
                0x00000000200075a4                saveenv
 .text.readenv  0x00000000200076c8       0xc0 common/built-in.o
                0x00000000200076c8                readenv
 .text.env_relocate_spec
                0x0000000020007788       0x50 common/built-in.o
                0x0000000020007788                env_relocate_spec
 .text.source   0x00000000200077d8       0xd8 common/built-in.o
                0x00000000200077d8                source
 .text.do_source
                0x00000000200078b0       0x44 common/built-in.o
                0x00000000200078b0                do_source
 .text.print_num
                0x00000000200078f4       0x18 common/built-in.o
 .text.do_bdinfo
                0x000000002000790c      0x178 common/built-in.o
                0x000000002000790c                do_bdinfo
 .text.bootmenu_print_entry
                0x0000000020007a84       0x74 common/built-in.o
 .text.bootmenu_destroy
                0x0000000020007af8       0x44 common/built-in.o
 .text.bootmenu_choice_entry
                0x0000000020007b3c      0x200 common/built-in.o
 .text.bootmenu_show
                0x0000000020007d3c      0x39c common/built-in.o
 .text.do_bootmenu
                0x00000000200080d8       0x48 common/built-in.o
                0x00000000200080d8                do_bootmenu
 .text.menu_display_statusline
                0x0000000020008120       0xe4 common/built-in.o
                0x0000000020008120                menu_display_statusline
 .text.menu_show
                0x0000000020008204       0x10 common/built-in.o
                0x0000000020008204                menu_show
 .text.parse_argv
                0x0000000020008214       0x64 common/built-in.o
 .text.do_icache
                0x0000000020008278       0x88 common/built-in.o
                0x0000000020008278                do_icache
 .text.do_dcache
                0x0000000020008300       0x88 common/built-in.o
                0x0000000020008300                do_dcache
 .text.do_coninfo
                0x0000000020008388       0xbc common/built-in.o
 .text.do_echo  0x0000000020008444       0xb0 common/built-in.o
 .text.load_elf_image_shdr
                0x00000000200084f4       0x8c common/built-in.o
 .text.do_bootelf_exec
                0x0000000020008580       0x44 common/built-in.o
                0x0000000020008580                do_bootelf_exec
 .text.valid_elf_image
                0x00000000200085c4       0x4c common/built-in.o
                0x00000000200085c4                valid_elf_image
 .text.do_bootelf
                0x0000000020008610      0x158 common/built-in.o
                0x0000000020008610                do_bootelf
 .text.do_bootvx
                0x0000000020008768      0x288 common/built-in.o
                0x0000000020008768                do_bootvx
 .text.do_exit  0x00000000200089f0       0x30 common/built-in.o
 .text.do_fat_fsload
                0x0000000020008a20       0x18 common/built-in.o
                0x0000000020008a20                do_fat_fsload
 .text.do_fat_ls
                0x0000000020008a38       0x18 common/built-in.o
 .text.do_fat_fsinfo
                0x0000000020008a50       0x90 common/built-in.o
 .text.evalexp  0x0000000020008ae0       0x74 common/built-in.o
 .text.evalstr  0x0000000020008b54       0x6c common/built-in.o
 .text.binary_test
                0x0000000020008bc0      0x1b0 common/built-in.o
 .text.do_itest
                0x0000000020008d70       0x98 common/built-in.o
 .text.bin_data_init
                0x0000000020008e08       0x2c common/built-in.o
 .text.k_data_save
                0x0000000020008e34       0x4c common/built-in.o
 .text.k_data_restore
                0x0000000020008e80       0x4c common/built-in.o
 .text.getcxmodem
                0x0000000020008ecc       0x20 common/built-in.o
 .text.load_serial_ymodem
                0x0000000020008eec       0xcc common/built-in.o
 .text.bin_data_char
                0x0000000020008fb8       0x2c common/built-in.o
 .text.chk1.constprop.1
                0x0000000020008fe4       0x2c common/built-in.o
 .text.s1_sendpacket.constprop.2
                0x0000000020009010       0x50 common/built-in.o
 .text.load_serial
                0x0000000020009060      0x1e0 common/built-in.o
 .text.do_load_serial
                0x0000000020009240       0xdc common/built-in.o
 .text.do_load_serial_bin
                0x000000002000931c      0x7b0 common/built-in.o
 .text.do_mem_mw
                0x0000000020009acc       0xc0 common/built-in.o
 .text.do_mem_loop
                0x0000000020009b8c       0xec common/built-in.o
 .text.do_mem_md
                0x0000000020009c78       0xec common/built-in.o
 .text.do_mem_cmp
                0x0000000020009d64      0x16c common/built-in.o
 .text.do_mem_base
                0x0000000020009ed0       0x40 common/built-in.o
 .text.do_mem_cp
                0x0000000020009f10       0xd8 common/built-in.o
 .text.do_mem_crc
                0x0000000020009fe8       0x48 common/built-in.o
 .text.mod_mem.isra.2
                0x000000002000a030      0x164 common/built-in.o
 .text.do_mem_mm
                0x000000002000a194        0x8 common/built-in.o
 .text.do_mem_nm
                0x000000002000a19c        0x8 common/built-in.o
 .text.do_sleep
                0x000000002000a1a4       0x70 common/built-in.o
 .text.part_delall
                0x000000002000a214       0x44 common/built-in.o
 .text.memsize_parse
                0x000000002000a258       0x80 common/built-in.o
 .text.mtd_part_info
                0x000000002000a2d8       0x98 common/built-in.o
 .text.memsize_format
                0x000000002000a370       0x90 common/built-in.o
 .text.index_partitions
                0x000000002000a400       0xb4 common/built-in.o
 .text.current_save
                0x000000002000a4b4       0xbc common/built-in.o
 .text.part_sort_add
                0x000000002000a570      0x11c common/built-in.o
 .text.device_del
                0x000000002000a68c       0x7c common/built-in.o
 .text.generate_mtdparts_save.constprop.7
                0x000000002000a708      0x304 common/built-in.o
 .text.device_delall.constprop.9
                0x000000002000aa0c       0x64 common/built-in.o
 .text.mtd_devices_init
                0x000000002000aa70       0x2c common/built-in.o
 .text.get_mtd_info.constprop.10
                0x000000002000aa9c       0x78 common/built-in.o
 .text.part_validate
                0x000000002000ab14      0x360 common/built-in.o
 .text.device_find
                0x000000002000ae74       0x4c common/built-in.o
                0x000000002000ae74                device_find
 .text.device_parse
                0x000000002000aec0      0x560 common/built-in.o
 .text.mtd_id_parse
                0x000000002000b420      0x11c common/built-in.o
                0x000000002000b420                mtd_id_parse
 .text.find_dev_and_part
                0x000000002000b53c      0x1b0 common/built-in.o
                0x000000002000b53c                find_dev_and_part
 .text.mtdparts_init
                0x000000002000b6ec      0x660 common/built-in.o
                0x000000002000b6ec                mtdparts_init
 .text.do_chpart
                0x000000002000bd4c       0xd4 common/built-in.o
 .text.do_mtdparts
                0x000000002000be20      0x5c0 common/built-in.o
 .text.set_dev  0x000000002000c3e0       0x70 common/built-in.o
 .text.nand_print_and_set_info
                0x000000002000c450       0xcc common/built-in.o
 .text.arg_off  0x000000002000c51c      0x108 common/built-in.o
 .text.arg_off_size
                0x000000002000c624      0x14c common/built-in.o
 .text.do_nand  0x000000002000c770      0xcc8 common/built-in.o
 .text.nand_load_image
                0x000000002000d438      0x1b8 common/built-in.o
 .text.do_nandboot
                0x000000002000d5f0      0x254 common/built-in.o
 .text.netboot_common
                0x000000002000d844      0x294 common/built-in.o
 .text.do_bootp
                0x000000002000dad8        0xc common/built-in.o
 .text.do_nfs   0x000000002000dae4        0xc common/built-in.o
 .text.do_tftpb
                0x000000002000daf0       0x40 common/built-in.o
                0x000000002000daf0                do_tftpb
 .text.do_reginfo
                0x000000002000db30        0x8 common/built-in.o
 .text.do_false
                0x000000002000db38        0x8 common/built-in.o
 .text.do_true  0x000000002000db40        0x8 common/built-in.o
 .text.do_test  0x000000002000db48      0x33c common/built-in.o
 .text.do_imgextract
                0x000000002000de84      0x280 common/built-in.o
 .text.menu_default_choice
                0x000000002000e104       0x1c common/built-in.o
                0x000000002000e104                menu_default_choice
 .text.menu_default_set
                0x000000002000e120       0x88 common/built-in.o
                0x000000002000e120                menu_default_set
 .text.menu_get_choice
                0x000000002000e1a8      0x1d8 common/built-in.o
                0x000000002000e1a8                menu_get_choice
 .text.menu_item_add
                0x000000002000e380       0xd8 common/built-in.o
                0x000000002000e380                menu_item_add
 .text.menu_create
                0x000000002000e458       0x90 common/built-in.o
                0x000000002000e458                menu_create
 .text.menu_destroy
                0x000000002000e4e8       0x74 common/built-in.o
                0x000000002000e4e8                menu_destroy
 .text.do_env_delete
                0x000000002000e55c       0x9c common/built-in.o
 .text.do_env_save
                0x000000002000e5f8       0x2c common/built-in.o
 .text.do_env   0x000000002000e624       0x64 common/built-in.o
 .text.env_print
                0x000000002000e688       0xc0 common/built-in.o
 .text.do_env_print
                0x000000002000e748       0xc8 common/built-in.o
 .text.do_env_import
                0x000000002000e810      0x260 common/built-in.o
 .text.do_env_default
                0x000000002000ea70       0xa8 common/built-in.o
 .text._do_env_set.isra.0
                0x000000002000eb18      0x1b8 common/built-in.o
 .text.do_env_set
                0x000000002000ecd0       0x1c common/built-in.o
 .text.get_env_id
                0x000000002000ecec       0x10 common/built-in.o
                0x000000002000ecec                get_env_id
 .text.setenv   0x000000002000ecfc       0x58 common/built-in.o
                0x000000002000ecfc                setenv
 .text.setenv_ulong
                0x000000002000ed54       0x20 common/built-in.o
                0x000000002000ed54                setenv_ulong
 .text.setenv_hex
                0x000000002000ed74       0x34 common/built-in.o
                0x000000002000ed74                setenv_hex
 .text.do_env_export
                0x000000002000eda8      0x264 common/built-in.o
 .text.envmatch
                0x000000002000f00c       0x6c common/built-in.o
                0x000000002000f00c                envmatch
 .text.getenv_f
                0x000000002000f078       0xc8 common/built-in.o
                0x000000002000f078                getenv_f
 .text.getenv   0x000000002000f140       0x78 common/built-in.o
                0x000000002000f140                getenv
 .text.getenv_ulong
                0x000000002000f1b8       0x30 common/built-in.o
                0x000000002000f1b8                getenv_ulong
 .text.do_env_edit
                0x000000002000f1e8       0x78 common/built-in.o
 .text.__env_get_char_spec
                0x000000002000f260        0xc common/built-in.o
                0x000000002000f260                env_get_char_spec
 .text.env_get_addr
                0x000000002000f26c       0x20 common/built-in.o
                0x000000002000f26c                env_get_addr
 .text.env_get_char_memory
                0x000000002000f28c       0x10 common/built-in.o
                0x000000002000f28c                env_get_char_memory
 .text.env_get_char
                0x000000002000f29c       0x30 common/built-in.o
                0x000000002000f29c                env_get_char
 .text.getenv_yesno
                0x000000002000f2cc       0x40 common/built-in.o
                0x000000002000f2cc                getenv_yesno
 .text.getenv_default
                0x000000002000f30c       0x30 common/built-in.o
                0x000000002000f30c                getenv_default
 .text.set_default_env
                0x000000002000f33c       0xbc common/built-in.o
                0x000000002000f33c                set_default_env
 .text.set_default_vars
                0x000000002000f3f8       0x34 common/built-in.o
                0x000000002000f3f8                set_default_vars
 .text.env_import
                0x000000002000f42c       0xe0 common/built-in.o
                0x000000002000f42c                env_import
 .text.env_relocate
                0x000000002000f50c       0x30 common/built-in.o
                0x000000002000f50c                env_relocate
 .text.env_complete
                0x000000002000f53c       0xdc common/built-in.o
                0x000000002000f53c                env_complete
 .text.console_setfile
                0x000000002000f618       0xa4 common/built-in.o
 .text.fgetc    0x000000002000f6bc       0x24 common/built-in.o
                0x000000002000f6bc                fgetc
 .text.ftstc    0x000000002000f6e0       0x24 common/built-in.o
                0x000000002000f6e0                ftstc
 .text.getc     0x000000002000f704       0x24 common/built-in.o
                0x000000002000f704                getc
 .text.tstc     0x000000002000f728       0x24 common/built-in.o
                0x000000002000f728                tstc
 .text.putc     0x000000002000f74c       0x30 common/built-in.o
                0x000000002000f74c                putc
 .text.puts     0x000000002000f77c       0x30 common/built-in.o
                0x000000002000f77c                puts
 .text.printf   0x000000002000f7ac       0x4c common/built-in.o
                0x000000002000f7ac                printf
 .text.vprintf  0x000000002000f7f8       0x3c common/built-in.o
                0x000000002000f7f8                vprintf
 .text.ctrlc    0x000000002000f834       0x58 common/built-in.o
                0x000000002000f834                ctrlc
 .text.disable_ctrlc
                0x000000002000f88c       0x18 common/built-in.o
                0x000000002000f88c                disable_ctrlc
 .text.had_ctrlc
                0x000000002000f8a4       0x10 common/built-in.o
                0x000000002000f8a4                had_ctrlc
 .text.clear_ctrlc
                0x000000002000f8b4       0x14 common/built-in.o
                0x000000002000f8b4                clear_ctrlc
 .text.search_device
                0x000000002000f8c8       0x28 common/built-in.o
                0x000000002000f8c8                search_device
 .text.console_assign
                0x000000002000f8f0       0x48 common/built-in.o
                0x000000002000f8f0                console_assign
 .text.on_console
                0x000000002000f938       0xc0 common/built-in.o
 .text.console_init_f
                0x000000002000f9f8       0x10 common/built-in.o
                0x000000002000f9f8                console_init_f
 .text.stdio_print_current_devices
                0x000000002000fa08       0xb0 common/built-in.o
                0x000000002000fa08                stdio_print_current_devices
 .text.console_init_r
                0x000000002000fab8       0xe0 common/built-in.o
                0x000000002000fab8                console_init_r
 .text.sbrk     0x000000002000fb98       0x70 common/built-in.o
                0x000000002000fb98                sbrk
 .text.mem_malloc_init
                0x000000002000fc08       0x34 common/built-in.o
                0x000000002000fc08                mem_malloc_init
 .text.malloc_trim
                0x000000002000fc3c       0xcc common/built-in.o
                0x000000002000fc3c                malloc_trim
 .text.free     0x000000002000fd08      0x230 common/built-in.o
                0x000000002000fd08                free
 .text.malloc   0x000000002000ff38      0x608 common/built-in.o
                0x000000002000ff38                malloc
 .text.calloc   0x0000000020010540       0xd4 common/built-in.o
                0x0000000020010540                calloc
 .text.realloc  0x0000000020010614      0x4c0 common/built-in.o
                0x0000000020010614                realloc
 .text.memalign
                0x0000000020010ad4      0x10c common/built-in.o
                0x0000000020010ad4                memalign
 .text.on_loadaddr
                0x0000000020010be0       0x38 common/built-in.o
 .text.image_check_hcrc
                0x0000000020010c18       0x4c common/built-in.o
                0x0000000020010c18                image_check_hcrc
 .text.image_check_dcrc
                0x0000000020010c64       0x38 common/built-in.o
                0x0000000020010c64                image_check_dcrc
 .text.image_multi_count
                0x0000000020010c9c       0x1c common/built-in.o
                0x0000000020010c9c                image_multi_count
 .text.image_multi_getimg
                0x0000000020010cb8       0x80 common/built-in.o
                0x0000000020010cb8                image_multi_getimg
 .text.getenv_bootm_low
                0x0000000020010d38       0x30 common/built-in.o
                0x0000000020010d38                getenv_bootm_low
 .text.getenv_bootm_size
                0x0000000020010d68       0x5c common/built-in.o
                0x0000000020010d68                getenv_bootm_size
 .text.memmove_wd
                0x0000000020010dc4        0xc common/built-in.o
                0x0000000020010dc4                memmove_wd
 .text.genimg_print_size
                0x0000000020010dd0       0x30 common/built-in.o
                0x0000000020010dd0                genimg_print_size
 .text.get_table_entry_name
                0x0000000020010e00       0x2c common/built-in.o
                0x0000000020010e00                get_table_entry_name
 .text.genimg_get_os_name
                0x0000000020010e2c       0x18 common/built-in.o
                0x0000000020010e2c                genimg_get_os_name
 .text.genimg_get_arch_name
                0x0000000020010e44       0x18 common/built-in.o
                0x0000000020010e44                genimg_get_arch_name
 .text.genimg_get_type_name
                0x0000000020010e5c       0x18 common/built-in.o
                0x0000000020010e5c                genimg_get_type_name
 .text.genimg_get_comp_name
                0x0000000020010e74       0x18 common/built-in.o
                0x0000000020010e74                genimg_get_comp_name
 .text.image_print_contents
                0x0000000020010e8c      0x174 common/built-in.o
                0x0000000020010e8c                image_print_contents
 .text.genimg_get_format
                0x0000000020011000       0x1c common/built-in.o
                0x0000000020011000                genimg_get_format
 .text.genimg_get_image
                0x000000002001101c        0x4 common/built-in.o
                0x000000002001101c                genimg_get_image
 .text.boot_get_ramdisk
                0x0000000020011020      0x238 common/built-in.o
                0x0000000020011020                boot_get_ramdisk
 .text.boot_ramdisk_high
                0x0000000020011258      0x130 common/built-in.o
                0x0000000020011258                boot_ramdisk_high
 .text.get_ram_size
                0x0000000020011388       0xe4 common/built-in.o
                0x0000000020011388                get_ram_size
 .text.get_effective_memsize
                0x000000002001146c        0x8 common/built-in.o
                0x000000002001146c                get_effective_memsize
 .text.stdio_get_list
                0x0000000020011474        0xc common/built-in.o
                0x0000000020011474                stdio_get_list
 .text.stdio_get_by_name
                0x0000000020011480       0x5c common/built-in.o
                0x0000000020011480                stdio_get_by_name
 .text.stdio_clone
                0x00000000200114dc       0x38 common/built-in.o
                0x00000000200114dc                stdio_clone
 .text.stdio_register
                0x0000000020011514       0x3c common/built-in.o
                0x0000000020011514                stdio_register
 .text.stdio_init
                0x0000000020011550       0x8c common/built-in.o
                0x0000000020011550                stdio_init
 .text.get_device
                0x00000000200115dc       0x58 disk/built-in.o
                0x00000000200115dc                get_device
 .text.get_device_and_partition
                0x0000000020011634      0x298 disk/built-in.o
                0x0000000020011634                get_device_and_partition
 .text.s5p_gpio_cfg_pin
                0x00000000200118cc       0x1c drivers/gpio/built-in.o
                0x00000000200118cc                s5p_gpio_cfg_pin
 .text.add_mtd_device
                0x00000000200118e8       0x88 drivers/mtd/built-in.o
                0x00000000200118e8                add_mtd_device
 .text.get_mtd_device_nm
                0x0000000020011970       0x6c drivers/mtd/built-in.o
                0x0000000020011970                get_mtd_device_nm
 .text.mtd_erase
                0x00000000200119dc       0x90 drivers/mtd/built-in.o
                0x00000000200119dc                mtd_erase
 .text.mtd_read
                0x0000000020011a6c       0xb8 drivers/mtd/built-in.o
                0x0000000020011a6c                mtd_read
 .text.mtd_write
                0x0000000020011b24       0x9c drivers/mtd/built-in.o
                0x0000000020011b24                mtd_write
 .text.mtd_read_oob
                0x0000000020011bc0       0x28 drivers/mtd/built-in.o
                0x0000000020011bc0                mtd_read_oob
 .text.mtd_block_isbad
                0x0000000020011be8       0x4c drivers/mtd/built-in.o
                0x0000000020011be8                mtd_block_isbad
 .text.mtd_block_markbad
                0x0000000020011c34       0x60 drivers/mtd/built-in.o
                0x0000000020011c34                mtd_block_markbad
 .text.part_erase
                0x0000000020011c94       0x6c drivers/mtd/built-in.o
 .text.mtd_erase_callback
                0x0000000020011d00       0x68 drivers/mtd/built-in.o
                0x0000000020011d00                mtd_erase_callback
 .text.nand_register
                0x0000000020011d68       0x94 drivers/mtd/nand/built-in.o
                0x0000000020011d68                nand_register
 .text.nand_init
                0x0000000020011dfc       0x6c drivers/mtd/nand/built-in.o
                0x0000000020011dfc                nand_init
 .text.verify_bbt_descr
                0x0000000020011e68      0x13c drivers/mtd/nand/built-in.o
 .text.scan_read_oob
                0x0000000020011fa4       0xcc drivers/mtd/nand/built-in.o
 .text.check_pattern
                0x0000000020012070       0xac drivers/mtd/nand/built-in.o
 .text.create_bbt
                0x000000002001211c      0x2e0 drivers/mtd/nand/built-in.o
 .text.scan_read
                0x00000000200123fc       0x58 drivers/mtd/nand/built-in.o
 .text.read_bbt
                0x0000000020012454      0x1e8 drivers/mtd/nand/built-in.o
 .text.read_abs_bbt
                0x000000002001263c       0xc8 drivers/mtd/nand/built-in.o
 .text.write_bbt
                0x0000000020012704      0x62c drivers/mtd/nand/built-in.o
 .text.search_bbt
                0x0000000020012d30      0x198 drivers/mtd/nand/built-in.o
 .text.nand_update_bbt
                0x0000000020012ec8      0x11c drivers/mtd/nand/built-in.o
                0x0000000020012ec8                nand_update_bbt
 .text.mark_bbt_region
                0x0000000020012fe4      0x16c drivers/mtd/nand/built-in.o
 .text.nand_scan_bbt
                0x0000000020013150      0x4f4 drivers/mtd/nand/built-in.o
                0x0000000020013150                nand_scan_bbt
 .text.nand_default_bbt
                0x0000000020013644      0x100 drivers/mtd/nand/built-in.o
                0x0000000020013644                nand_default_bbt
 .text.nand_isbad_bbt
                0x0000000020013744       0x4c drivers/mtd/nand/built-in.o
                0x0000000020013744                nand_isbad_bbt
 .text.check_skip_len
                0x0000000020013790       0xc0 drivers/mtd/nand/built-in.o
 .text.nand_erase_opts
                0x0000000020013850      0x380 drivers/mtd/nand/built-in.o
                0x0000000020013850                nand_erase_opts
 .text.nand_write_skip_bad
                0x0000000020013bd0      0x244 drivers/mtd/nand/built-in.o
                0x0000000020013bd0                nand_write_skip_bad
 .text.nand_read_skip_bad
                0x0000000020013e14      0x25c drivers/mtd/nand/built-in.o
                0x0000000020013e14                nand_read_skip_bad
 .text.nand_calculate_ecc
                0x0000000020014070       0xf4 drivers/mtd/nand/built-in.o
                0x0000000020014070                nand_calculate_ecc
 .text.nand_correct_data
                0x0000000020014164      0x120 drivers/mtd/nand/built-in.o
                0x0000000020014164                nand_correct_data
 .text.nand_release_device
                0x0000000020014284       0x10 drivers/mtd/nand/built-in.o
 .text.nand_read_byte
                0x0000000020014294       0x14 drivers/mtd/nand/built-in.o
                0x0000000020014294                nand_read_byte
 .text.nand_read_byte16
                0x00000000200142a8       0x18 drivers/mtd/nand/built-in.o
 .text.nand_read_word
                0x00000000200142c0       0x14 drivers/mtd/nand/built-in.o
 .text.nand_write_buf
                0x00000000200142d4       0x2c drivers/mtd/nand/built-in.o
                0x00000000200142d4                nand_write_buf
 .text.nand_read_buf
                0x0000000020014300       0x2c drivers/mtd/nand/built-in.o
                0x0000000020014300                nand_read_buf
 .text.nand_verify_buf
                0x000000002001432c       0x40 drivers/mtd/nand/built-in.o
 .text.nand_write_buf16
                0x000000002001436c       0x34 drivers/mtd/nand/built-in.o
                0x000000002001436c                nand_write_buf16
 .text.nand_read_buf16
                0x00000000200143a0       0x34 drivers/mtd/nand/built-in.o
                0x00000000200143a0                nand_read_buf16
 .text.nand_verify_buf16
                0x00000000200143d4       0x4c drivers/mtd/nand/built-in.o
 .text.nand_check_wp
                0x0000000020014420       0x50 drivers/mtd/nand/built-in.o
 .text.nand_read_page_raw_syndrome
                0x0000000020014470       0xd4 drivers/mtd/nand/built-in.o
 .text.nand_read_page_swecc
                0x0000000020014544      0x128 drivers/mtd/nand/built-in.o
 .text.nand_read_subpage
                0x000000002001466c      0x26c drivers/mtd/nand/built-in.o
 .text.nand_read_page_hwecc
                0x00000000200148d8      0x148 drivers/mtd/nand/built-in.o
 .text.nand_read_page_hwecc_oob_first
                0x0000000020014a20      0x138 drivers/mtd/nand/built-in.o
 .text.nand_read_page_syndrome
                0x0000000020014b58      0x124 drivers/mtd/nand/built-in.o
 .text.nand_read_oob_std
                0x0000000020014c7c       0x3c drivers/mtd/nand/built-in.o
 .text.nand_read_oob_syndrome
                0x0000000020014cb8      0x100 drivers/mtd/nand/built-in.o
 .text.nand_write_oob_std
                0x0000000020014db8       0x70 drivers/mtd/nand/built-in.o
 .text.nand_write_oob_syndrome
                0x0000000020014e28      0x194 drivers/mtd/nand/built-in.o
 .text.nand_write_page_raw_syndrome
                0x0000000020014fbc       0xd4 drivers/mtd/nand/built-in.o
 .text.nand_write_page_swecc
                0x0000000020015090       0xb8 drivers/mtd/nand/built-in.o
 .text.nand_write_page_hwecc
                0x0000000020015148       0xd0 drivers/mtd/nand/built-in.o
 .text.nand_write_page_syndrome
                0x0000000020015218       0xf4 drivers/mtd/nand/built-in.o
 .text.single_erase_cmd
                0x000000002001530c       0x3c drivers/mtd/nand/built-in.o
 .text.multi_erase_cmd
                0x0000000020015348       0x88 drivers/mtd/nand/built-in.o
 .text.nand_sync
                0x00000000200153d0       0x10 drivers/mtd/nand/built-in.o
 .text.nand_onfi_set_features
                0x00000000200153e0       0x64 drivers/mtd/nand/built-in.o
 .text.nand_block_checkbad
                0x0000000020015444       0x78 drivers/mtd/nand/built-in.o
 .text.nand_block_isbad
                0x00000000200154bc       0x1c drivers/mtd/nand/built-in.o
 .text.nand_block_markbad
                0x00000000200154d8       0x40 drivers/mtd/nand/built-in.o
 .text.nand_onfi_get_features
                0x0000000020015518       0x6c drivers/mtd/nand/built-in.o
 .text.nand_block_bad
                0x0000000020015584      0x1a0 drivers/mtd/nand/built-in.o
 .text.nand_wait
                0x0000000020015724       0xd0 drivers/mtd/nand/built-in.o
 .text.nand_fill_oob
                0x00000000200157f4      0x118 drivers/mtd/nand/built-in.o
 .text.nand_do_write_oob
                0x000000002001590c      0x17c drivers/mtd/nand/built-in.o
 .text.nand_do_write_ops
                0x0000000020015a88      0x340 drivers/mtd/nand/built-in.o
 .text.nand_write_oob
                0x0000000020015dc8       0xa4 drivers/mtd/nand/built-in.o
 .text.nand_write
                0x0000000020015e6c       0x64 drivers/mtd/nand/built-in.o
 .text.nand_read_page_raw
                0x0000000020015ed0       0x44 drivers/mtd/nand/built-in.o
 .text.nand_write_page_raw
                0x0000000020015f14       0x44 drivers/mtd/nand/built-in.o
 .text.nand_write_page
                0x0000000020015f58       0xc0 drivers/mtd/nand/built-in.o
 .text.nand_select_chip
                0x0000000020016018       0x50 drivers/mtd/nand/built-in.o
 .text.nand_transfer_oob
                0x0000000020016068      0x100 drivers/mtd/nand/built-in.o
 .text.nand_do_read_ops
                0x0000000020016168      0x3d4 drivers/mtd/nand/built-in.o
 .text.nand_read_oob
                0x000000002001653c      0x264 drivers/mtd/nand/built-in.o
 .text.nand_read
                0x00000000200167a0       0x64 drivers/mtd/nand/built-in.o
 .text.nand_wait_ready
                0x0000000020016804       0x4c drivers/mtd/nand/built-in.o
                0x0000000020016804                nand_wait_ready
 .text.nand_command
                0x0000000020016850      0x1cc drivers/mtd/nand/built-in.o
 .text.nand_command_lp
                0x0000000020016a1c      0x258 drivers/mtd/nand/built-in.o
 .text.nand_erase_nand
                0x0000000020016c74      0x36c drivers/mtd/nand/built-in.o
                0x0000000020016c74                nand_erase_nand
 .text.nand_default_block_markbad
                0x0000000020016fe0      0x1c4 drivers/mtd/nand/built-in.o
 .text.nand_erase
                0x00000000200171a4        0x8 drivers/mtd/nand/built-in.o
 .text.nand_scan_ident
                0x00000000200171ac      0x8cc drivers/mtd/nand/built-in.o
                0x00000000200171ac                nand_scan_ident
 .text.nand_scan_tail
                0x0000000020017a78      0x5d4 drivers/mtd/nand/built-in.o
                0x0000000020017a78                nand_scan_tail
 .text.nand_scan
                0x000000002001804c       0x24 drivers/mtd/nand/built-in.o
                0x000000002001804c                nand_scan
 .text.s5pv210_hwcontrol
                0x0000000020018070       0x78 drivers/mtd/nand/built-in.o
 .text.s5pv210_dev_ready
                0x00000000200180e8       0x14 drivers/mtd/nand/built-in.o
 .text.s5pv210_nand_enable_hwecc
                0x00000000200180fc       0x84 drivers/mtd/nand/built-in.o
                0x00000000200180fc                s5pv210_nand_enable_hwecc
 .text.s5pv210_nand_calculate_ecc
                0x0000000020018180       0x8c drivers/mtd/nand/built-in.o
 .text.s5pv210_nand_read_page_hwecc
                0x000000002001820c       0x38 drivers/mtd/nand/built-in.o
 .text.s5pv210_nand_correct_data
                0x0000000020018244       0x50 drivers/mtd/nand/built-in.o
 .text.s5pv210_nand_select_chip
                0x0000000020018294       0x60 drivers/mtd/nand/built-in.o
 .text.board_nand_init
                0x00000000200182f4       0xe8 drivers/mtd/nand/built-in.o
                0x00000000200182f4                board_nand_init
 .text.smc911x_set_mac_csr.isra.0
                0x00000000200183dc       0x44 drivers/net/built-in.o
 .text.smc911x_reset
                0x0000000020018420       0xf4 drivers/net/built-in.o
 .text.smc911x_halt
                0x0000000020018514        0x4 drivers/net/built-in.o
 .text.smc911x_get_mac_csr.isra.3
                0x0000000020018518       0x40 drivers/net/built-in.o
 .text.smc911x_eth_phy_write.constprop.4
                0x0000000020018558       0x64 drivers/net/built-in.o
 .text.smc911x_init
                0x00000000200185bc      0x1a4 drivers/net/built-in.o
 .text.smc911x_reg_read
                0x0000000020018760       0x18 drivers/net/built-in.o
                0x0000000020018760                pkt_data_pull
 .text.smc911x_rx
                0x0000000020018778       0x9c drivers/net/built-in.o
 .text.smc911x_reg_write
                0x0000000020018814       0x1c drivers/net/built-in.o
                0x0000000020018814                pkt_data_push
 .text.smc911x_send
                0x0000000020018830      0x114 drivers/net/built-in.o
 .text.smc911x_initialize
                0x0000000020018944      0x170 drivers/net/built-in.o
                0x0000000020018944                smc911x_initialize
 .text.get_current
                0x0000000020018ab4       0x40 drivers/serial/built-in.o
 .text.serial_null
                0x0000000020018af4        0x4 drivers/serial/built-in.o
                0x0000000020018af4                jz_serial_initialize
                0x0000000020018af4                bfin_serial_initialize
                0x0000000020018af4                p3mx_serial_initialize
                0x0000000020018af4                leon2_serial_initialize
                0x0000000020018af4                leon3_serial_initialize
                0x0000000020018af4                amirix_serial_initialize
                0x0000000020018af4                marvell_serial_initialize
                0x0000000020018af4                cpci750_serial_initialize
                0x0000000020018af4                ns16550_serial_initialize
                0x0000000020018af4                asc_serial_initialize
                0x0000000020018af4                altera_serial_initialize
                0x0000000020018af4                oc_serial_initialize
                0x0000000020018af4                sh_serial_initialize
                0x0000000020018af4                mxs_auart_initialize
                0x0000000020018af4                arm_dcc_initialize
                0x0000000020018af4                bmw_serial_initialize
                0x0000000020018af4                arc_serial_initialize
                0x0000000020018af4                mcf_serial_initialize
                0x0000000020018af4                lh7a40x_serial_initialize
                0x0000000020018af4                evb64260_serial_initialize
                0x0000000020018af4                lpc32xx_serial_initialize
                0x0000000020018af4                max3100_serial_initialize
                0x0000000020018af4                mpc85xx_serial_initialize
                0x0000000020018af4                imx_serial_initialize
                0x0000000020018af4                bfin_jtag_initialize
                0x0000000020018af4                cogent_serial_initialize
                0x0000000020018af4                clps7111_serial_initialize
                0x0000000020018af4                ml2_serial_initialize
                0x0000000020018af4                sandbox_serial_initialize
                0x0000000020018af4                s3c24xx_serial_initialize
                0x0000000020018af4                sconsole_serial_initialize
                0x0000000020018af4                uartlite_serial_initialize
                0x0000000020018af4                au1x00_serial_initialize
                0x0000000020018af4                pxa_serial_initialize
                0x0000000020018af4                atmel_serial_initialize
                0x0000000020018af4                pl01x_serial_initialize
                0x0000000020018af4                altera_jtag_serial_initialize
                0x0000000020018af4                zynq_serial_initalize
                0x0000000020018af4                mpc512x_serial_initialize
                0x0000000020018af4                ks8695_serial_initialize
                0x0000000020018af4                sa1100_serial_initialize
                0x0000000020018af4                mpc8260_scc_serial_initialize
                0x0000000020018af4                mxc_serial_initialize
                0x0000000020018af4                iop480_serial_initialize
                0x0000000020018af4                mpc8xx_serial_initialize
                0x0000000020018af4                mpc8260_smc_serial_initialize
                0x0000000020018af4                mpc5xx_serial_initialize
 .text.serial_register
                0x0000000020018af8       0x18 drivers/serial/built-in.o
                0x0000000020018af8                serial_register
 .text.serial_stdio_init
                0x0000000020018b10       0x88 drivers/serial/built-in.o
                0x0000000020018b10                serial_stdio_init
 .text.serial_assign
                0x0000000020018b98       0x4c drivers/serial/built-in.o
                0x0000000020018b98                serial_assign
 .text.serial_initialize
                0x0000000020018be4       0xd0 drivers/serial/built-in.o
                0x0000000020018be4                serial_initialize
 .text.serial_init
                0x0000000020018cb4       0x14 drivers/serial/built-in.o
                0x0000000020018cb4                serial_init
 .text.serial_setbrg
                0x0000000020018cc8       0x14 drivers/serial/built-in.o
                0x0000000020018cc8                serial_setbrg
 .text.on_baudrate
                0x0000000020018cdc       0xec drivers/serial/built-in.o
 .text.serial_getc
                0x0000000020018dc8       0x14 drivers/serial/built-in.o
                0x0000000020018dc8                serial_getc
 .text.serial_tstc
                0x0000000020018ddc       0x14 drivers/serial/built-in.o
                0x0000000020018ddc                serial_tstc
 .text.serial_putc
                0x0000000020018df0       0x1c drivers/serial/built-in.o
                0x0000000020018df0                serial_putc
 .text.serial_puts
                0x0000000020018e0c       0x1c drivers/serial/built-in.o
                0x0000000020018e0c                serial_puts
 .text.serial_getc_dev
                0x0000000020018e28       0x50 drivers/serial/built-in.o
 .text.s5p_serial0_getc
                0x0000000020018e78        0x8 drivers/serial/built-in.o
 .text.s5p_serial1_getc
                0x0000000020018e80        0x8 drivers/serial/built-in.o
 .text.s5p_serial2_getc
                0x0000000020018e88        0x8 drivers/serial/built-in.o
 .text.s5p_serial2_tstc
                0x0000000020018e90       0x28 drivers/serial/built-in.o
 .text.s5p_serial3_getc
                0x0000000020018eb8        0x8 drivers/serial/built-in.o
 .text.serial_setbrg_dev
                0x0000000020018ec0       0x5c drivers/serial/built-in.o
 .text.s5p_serial0_setbrg
                0x0000000020018f1c        0x8 drivers/serial/built-in.o
 .text.serial_init_dev
                0x0000000020018f24       0x38 drivers/serial/built-in.o
 .text.s5p_serial0_init
                0x0000000020018f5c        0x8 drivers/serial/built-in.o
 .text.s5p_serial1_init
                0x0000000020018f64        0x8 drivers/serial/built-in.o
 .text.s5p_serial2_init
                0x0000000020018f6c        0x8 drivers/serial/built-in.o
 .text.s5p_serial3_init
                0x0000000020018f74        0x8 drivers/serial/built-in.o
 .text.s5p_serial1_setbrg
                0x0000000020018f7c        0x8 drivers/serial/built-in.o
 .text.s5p_serial2_setbrg
                0x0000000020018f84        0x8 drivers/serial/built-in.o
 .text.s5p_serial3_setbrg
                0x0000000020018f8c        0x8 drivers/serial/built-in.o
 .text.serial_putc_dev
                0x0000000020018f94       0x50 drivers/serial/built-in.o
 .text.serial_puts_dev
                0x0000000020018fe4       0x28 drivers/serial/built-in.o
 .text.s5p_serial0_puts
                0x000000002001900c        0x8 drivers/serial/built-in.o
 .text.s5p_serial1_puts
                0x0000000020019014        0x8 drivers/serial/built-in.o
 .text.s5p_serial2_puts
                0x000000002001901c        0x8 drivers/serial/built-in.o
 .text.s5p_serial3_puts
                0x0000000020019024        0x8 drivers/serial/built-in.o
 .text.s5p_serial0_putc
                0x000000002001902c        0x8 drivers/serial/built-in.o
 .text.s5p_serial1_putc
                0x0000000020019034        0x8 drivers/serial/built-in.o
 .text.s5p_serial2_putc
                0x000000002001903c        0x8 drivers/serial/built-in.o
 .text.s5p_serial3_putc
                0x0000000020019044        0x8 drivers/serial/built-in.o
 .text.s5p_serial0_tstc
                0x000000002001904c       0x28 drivers/serial/built-in.o
 .text.s5p_serial3_tstc
                0x0000000020019074       0x28 drivers/serial/built-in.o
 .text.s5p_serial1_tstc
                0x000000002001909c       0x28 drivers/serial/built-in.o
 .text.default_serial_console
                0x00000000200190c4       0x1c drivers/serial/built-in.o
                0x00000000200190c4                default_serial_console
 .text.s5p_serial_initialize
                0x00000000200190e0       0x38 drivers/serial/built-in.o
                0x00000000200190e0                s5p_serial_initialize
 .text.fs_probe_unsupported
                0x0000000020019118       0x18 fs/built-in.o
 .text.fs_ls_unsupported
                0x0000000020019130        0x8 fs/built-in.o
 .text.fs_exists_unsupported
                0x0000000020019138        0x8 fs/built-in.o
 .text.fs_read_unsupported
                0x0000000020019140        0x8 fs/built-in.o
 .text.fs_write_unsupported
                0x0000000020019148        0x8 fs/built-in.o
 .text.fs_close_unsupported
                0x0000000020019150        0x4 fs/built-in.o
 .text.fs_get_info
                0x0000000020019154       0x20 fs/built-in.o
 .text.fs_close
                0x0000000020019174       0x28 fs/built-in.o
 .text.fs_set_blk_dev
                0x000000002001919c       0xb8 fs/built-in.o
                0x000000002001919c                fs_set_blk_dev
 .text.fs_ls    0x0000000020019254       0x3c fs/built-in.o
                0x0000000020019254                fs_ls
 .text.fs_exists
                0x0000000020019290       0x34 fs/built-in.o
                0x0000000020019290                fs_exists
 .text.fs_read  0x00000000200192c4       0x84 fs/built-in.o
                0x00000000200192c4                fs_read
 .text.do_load  0x0000000020019348      0x1c0 fs/built-in.o
                0x0000000020019348                do_load
 .text.do_ls    0x0000000020019508       0x68 fs/built-in.o
                0x0000000020019508                do_ls
 .text.file_exists
                0x0000000020019570       0x2c fs/built-in.o
                0x0000000020019570                file_exists
 .text.downcase
                0x000000002001959c       0x30 fs/built-in.o
 .text.disk_read
                0x00000000200195cc       0x64 fs/built-in.o
 .text.dirdelim
                0x0000000020019630       0x30 fs/built-in.o
 .text.get_fatent
                0x0000000020019660      0x154 fs/built-in.o
 .text.mkcksum  0x00000000200197b4       0x50 fs/built-in.o
 .text.get_cluster
                0x0000000020019804      0x170 fs/built-in.o
 .text.get_name
                0x0000000020019974       0xac fs/built-in.o
 .text.read_bootsectandvi
                0x0000000020019a20      0x128 fs/built-in.o
 .text.slot2str
                0x0000000020019b48       0xbc fs/built-in.o
 .text.get_vfatname
                0x0000000020019c04      0x1ac fs/built-in.o
 .text.fat_set_blk_dev
                0x0000000020019db0       0xcc fs/built-in.o
                0x0000000020019db0                fat_set_blk_dev
 .text.do_fat_read_at
                0x0000000020019e7c      0xadc fs/built-in.o
                0x0000000020019e7c                do_fat_read_at
 .text.do_fat_read
                0x000000002001a958       0x2c fs/built-in.o
                0x000000002001a958                do_fat_read
 .text.file_fat_detectfs
                0x000000002001a984       0x88 fs/built-in.o
                0x000000002001a984                file_fat_detectfs
 .text.file_fat_ls
                0x000000002001aa0c       0x10 fs/built-in.o
                0x000000002001aa0c                file_fat_ls
 .text.fat_exists
                0x000000002001aa1c       0x2c fs/built-in.o
                0x000000002001aa1c                fat_exists
 .text.file_fat_read_at
                0x000000002001aa48       0x4c fs/built-in.o
                0x000000002001aa48                file_fat_read_at
 .text.fat_read_file
                0x000000002001aa94       0x3c fs/built-in.o
                0x000000002001aa94                fat_read_file
 .text.fat_close
                0x000000002001aad0        0x4 fs/built-in.o
                0x000000002001aad0                fat_close
 .text.zcalloc  0x000000002001aad4        0x8 lib/built-in.o
                0x000000002001aad4                zcalloc
 .text.zcfree   0x000000002001aadc        0x8 lib/built-in.o
                0x000000002001aadc                zcfree
 .text.inflate_fast
                0x000000002001aae4      0x590 lib/built-in.o
                0x000000002001aae4                inflate_fast
 .text.inflate_table
                0x000000002001b074      0x548 lib/built-in.o
                0x000000002001b074                inflate_table
 .text.inflateReset
                0x000000002001b5bc       0x78 lib/built-in.o
                0x000000002001b5bc                inflateReset
 .text.inflateInit2_
                0x000000002001b634      0x104 lib/built-in.o
                0x000000002001b634                inflateInit2_
 .text.inflateEnd
                0x000000002001b738       0x68 lib/built-in.o
                0x000000002001b738                inflateEnd
 .text.adler32  0x000000002001b7a0      0x338 lib/built-in.o
                0x000000002001b7a0                adler32
 .text.inflate  0x000000002001bad8     0x14f0 lib/built-in.o
                0x000000002001bad8                inflate
 .text.cyg_crc16
                0x000000002001cfc8       0x44 lib/built-in.o
                0x000000002001cfc8                cyg_crc16
 .text.gzalloc  0x000000002001d00c       0x10 lib/built-in.o
                0x000000002001d00c                gzalloc
 .text.gzfree   0x000000002001d01c        0x8 lib/built-in.o
                0x000000002001d01c                gzfree
 .text.zunzip   0x000000002001d024      0x124 lib/built-in.o
                0x000000002001d024                zunzip
 .text.gunzip   0x000000002001d148       0xb8 lib/built-in.o
                0x000000002001d148                gunzip
 .text.lmb_add_region
                0x000000002001d200      0x1a4 lib/built-in.o
 .text.lmb_init
                0x000000002001d3a4       0x28 lib/built-in.o
                0x000000002001d3a4                lmb_init
 .text.lmb_add  0x000000002001d3cc        0x4 lib/built-in.o
                0x000000002001d3cc                lmb_add
 .text.lmb_reserve
                0x000000002001d3d0        0x8 lib/built-in.o
                0x000000002001d3d0                lmb_reserve
 .text.lmb_overlaps_region
                0x000000002001d3d8       0x58 lib/built-in.o
                0x000000002001d3d8                lmb_overlaps_region
 .text.__lmb_alloc_base
                0x000000002001d430      0x108 lib/built-in.o
                0x000000002001d430                __lmb_alloc_base
 .text.lmb_alloc_base
                0x000000002001d538       0x34 lib/built-in.o
                0x000000002001d538                lmb_alloc_base
 .text.lmb_alloc
                0x000000002001d56c        0x8 lib/built-in.o
                0x000000002001d56c                lmb_alloc
 .text.__board_lmb_reserve
                0x000000002001d574        0x4 lib/built-in.o
                0x000000002001d574                board_lmb_reserve
                0x000000002001d574                __board_lmb_reserve
 .text.string_to_ip
                0x000000002001d578       0x60 lib/built-in.o
                0x000000002001d578                string_to_ip
 .text.qsort    0x000000002001d5d8       0xdc lib/built-in.o
                0x000000002001d5d8                qsort
 .text.strcmp_compar
                0x000000002001d6b4        0xc lib/built-in.o
                0x000000002001d6b4                strcmp_compar
 .text.strmhz   0x000000002001d6c0       0x64 lib/built-in.o
                0x000000002001d6c0                strmhz
 .text.cmpkey   0x000000002001d724       0x14 lib/built-in.o
 .text._hdelete.isra.1
                0x000000002001d738       0x50 lib/built-in.o
 .text.drop_var_from_set.part.2
                0x000000002001d788       0x50 lib/built-in.o
 .text.match_string.isra.3
                0x000000002001d7d8       0x60 lib/built-in.o
 .text.hcreate_r
                0x000000002001d838       0xb0 lib/built-in.o
                0x000000002001d838                hcreate_r
 .text.hdestroy_r
                0x000000002001d8e8       0x78 lib/built-in.o
                0x000000002001d8e8                hdestroy_r
 .text.hmatch_r
                0x000000002001d960       0xa0 lib/built-in.o
                0x000000002001d960                hmatch_r
 .text.hsearch_r
                0x000000002001da00      0x4dc lib/built-in.o
                0x000000002001da00                hsearch_r
 .text.hdelete_r
                0x000000002001dedc       0xd8 lib/built-in.o
                0x000000002001dedc                hdelete_r
 .text.hexport_r
                0x000000002001dfb4      0x310 lib/built-in.o
                0x000000002001dfb4                hexport_r
 .text.himport_r
                0x000000002001e2c4      0x34c lib/built-in.o
                0x000000002001e2c4                himport_r
 .text.hwalk_r  0x000000002001e610       0x58 lib/built-in.o
                0x000000002001e610                hwalk_r
 .text.print_size
                0x000000002001e668      0x130 lib/built-in.o
                0x000000002001e668                print_size
 .text.print_buffer
                0x000000002001e798      0x1b4 lib/built-in.o
                0x000000002001e798                print_buffer
 .text.crc32_no_comp
                0x000000002001e94c       0xd8 lib/built-in.o
                0x000000002001e94c                crc32_no_comp
 .text.crc32    0x000000002001ea24       0x14 lib/built-in.o
                0x000000002001ea24                crc32
 .text.crc32_wd
                0x000000002001ea38        0x4 lib/built-in.o
                0x000000002001ea38                crc32_wd
 .text.__div64_32
                0x000000002001ea3c       0xd0 lib/built-in.o
                0x000000002001ea3c                __div64_32
 .text.hang     0x000000002001eb0c       0x1c lib/built-in.o
                0x000000002001eb0c                hang
 .text.skip_spaces
                0x000000002001eb28       0x28 lib/built-in.o
                0x000000002001eb28                skip_spaces
 .text.strim    0x000000002001eb50       0x60 lib/built-in.o
                0x000000002001eb50                strim
 .text.strcpy   0x000000002001ebb0       0x18 lib/built-in.o
                0x000000002001ebb0                strcpy
 .text.strncpy  0x000000002001ebc8       0x24 lib/built-in.o
                0x000000002001ebc8                strncpy
 .text.strcat   0x000000002001ebec       0x30 lib/built-in.o
                0x000000002001ebec                strcat
 .text.strncat  0x000000002001ec1c       0x54 lib/built-in.o
                0x000000002001ec1c                strncat
 .text.strcmp   0x000000002001ec70       0x28 lib/built-in.o
                0x000000002001ec70                strcmp
 .text.strncmp  0x000000002001ec98       0x3c lib/built-in.o
                0x000000002001ec98                strncmp
 .text.strchr   0x000000002001ecd4       0x2c lib/built-in.o
                0x000000002001ecd4                strchr
 .text.strlen   0x000000002001ed00       0x20 lib/built-in.o
                0x000000002001ed00                strlen
 .text.strnlen  0x000000002001ed20       0x2c lib/built-in.o
                0x000000002001ed20                strnlen
 .text.strdup   0x000000002001ed4c       0x40 lib/built-in.o
                0x000000002001ed4c                strdup
 .text.strpbrk  0x000000002001ed8c       0x3c lib/built-in.o
                0x000000002001ed8c                strpbrk
 .text.memset   0x000000002001edc8       0x5c lib/built-in.o
                0x000000002001edc8                memset
 .text.memcpy   0x000000002001ee24       0x6c lib/built-in.o
                0x000000002001ee24                memcpy
 .text.memmove  0x000000002001ee90       0x48 lib/built-in.o
                0x000000002001ee90                memmove
 .text.memcmp   0x000000002001eed8       0x30 lib/built-in.o
                0x000000002001eed8                memcmp
 .text.strstr   0x000000002001ef08       0x6c lib/built-in.o
                0x000000002001ef08                strstr
 .text.memchr_inv
                0x000000002001ef74      0x130 lib/built-in.o
                0x000000002001ef74                memchr_inv
 .text.udelay   0x000000002001f0a4       0x30 lib/built-in.o
                0x000000002001f0a4                udelay
 .text.mdelay   0x000000002001f0d4       0x24 lib/built-in.o
                0x000000002001f0d4                mdelay
 .text.put_dec_trunc
                0x000000002001f0f8       0xd4 lib/built-in.o
 .text.put_dec  0x000000002001f1cc      0x13c lib/built-in.o
 .text.string.isra.0
                0x000000002001f308       0x94 lib/built-in.o
 .text.number.isra.4
                0x000000002001f39c      0x250 lib/built-in.o
 .text.vsnprintf_internal.isra.6
                0x000000002001f5ec      0x5fc lib/built-in.o
 .text.simple_strtoul
                0x000000002001fbe8       0xb8 lib/built-in.o
                0x000000002001fbe8                simple_strtoul
 .text.strict_strtoul
                0x000000002001fca0       0x78 lib/built-in.o
                0x000000002001fca0                strict_strtoul
 .text.simple_strtol
                0x000000002001fd18       0x28 lib/built-in.o
                0x000000002001fd18                simple_strtol
 .text.simple_strtoull
                0x000000002001fd40       0xdc lib/built-in.o
                0x000000002001fd40                simple_strtoull
 .text.vsprintf
                0x000000002001fe1c        0x4 lib/built-in.o
                0x000000002001fe1c                vsprintf
 .text.sprintf  0x000000002001fe20       0x28 lib/built-in.o
                0x000000002001fe20                sprintf
 .text.panic    0x000000002001fe48       0x44 lib/built-in.o
                0x000000002001fe48                panic
 .text.simple_itoa
                0x000000002001fe8c       0x54 lib/built-in.o
                0x000000002001fe8c                simple_itoa
 .text.ArpInit  0x000000002001fee0       0x50 net/built-in.o
                0x000000002001fee0                ArpInit
 .text.arp_raw_request
                0x000000002001ff30       0xc0 net/built-in.o
                0x000000002001ff30                arp_raw_request
 .text.ArpRequest
                0x000000002001fff0       0x84 net/built-in.o
                0x000000002001fff0                ArpRequest
 .text.ArpTimeoutCheck
                0x0000000020020074       0x80 net/built-in.o
                0x0000000020020074                ArpTimeoutCheck
 .text.ArpReceive
                0x00000000200200f4      0x1fc net/built-in.o
                0x00000000200200f4                ArpReceive
 .text.BootpHandler
                0x00000000200202f0      0x360 net/built-in.o
 .text.BootpRequest
                0x0000000020020650      0x1f8 net/built-in.o
                0x0000000020020650                BootpRequest
 .text.BootpTimeout
                0x0000000020020848       0x44 net/built-in.o
 .text.__def_eth_init
                0x000000002002088c        0x8 net/built-in.o
                0x000000002002088c                cpu_eth_init
 .text.eth_current_changed
                0x0000000020020894       0x60 net/built-in.o
 .text.eth_parse_enetaddr
                0x00000000200208f4       0x54 net/built-in.o
                0x00000000200208f4                eth_parse_enetaddr
 .text.eth_getenv_enetaddr
                0x0000000020020948       0x5c net/built-in.o
                0x0000000020020948                eth_getenv_enetaddr
 .text.eth_setenv_enetaddr
                0x00000000200209a4       0x34 net/built-in.o
                0x00000000200209a4                eth_setenv_enetaddr
 .text.eth_getenv_enetaddr_by_index
                0x00000000200209d8       0x50 net/built-in.o
                0x00000000200209d8                eth_getenv_enetaddr_by_index
 .text.eth_get_dev_by_index
                0x0000000020020a28       0x40 net/built-in.o
                0x0000000020020a28                eth_get_dev_by_index
 .text.eth_get_dev_index
                0x0000000020020a68       0x1c net/built-in.o
                0x0000000020020a68                eth_get_dev_index
 .text.eth_write_hwaddr
                0x0000000020020a84      0x1d8 net/built-in.o
                0x0000000020020a84                eth_write_hwaddr
 .text.eth_register
                0x0000000020020c5c       0x7c net/built-in.o
                0x0000000020020c5c                eth_register
 .text.eth_initialize
                0x0000000020020cd8      0x1c8 net/built-in.o
                0x0000000020020cd8                eth_initialize
 .text.eth_halt
                0x0000000020020ea0       0x30 net/built-in.o
                0x0000000020020ea0                eth_halt
 .text.eth_send
                0x0000000020020ed0       0x38 net/built-in.o
                0x0000000020020ed0                eth_send
 .text.eth_rx   0x0000000020020f08       0x24 net/built-in.o
                0x0000000020020f08                eth_rx
 .text.eth_try_another
                0x0000000020020f2c       0x84 net/built-in.o
                0x0000000020020f2c                eth_try_another
 .text.eth_init
                0x0000000020020fb0       0xd0 net/built-in.o
                0x0000000020020fb0                eth_init
 .text.eth_set_current
                0x0000000020021080       0xa4 net/built-in.o
                0x0000000020021080                eth_set_current
 .text.eth_get_name
                0x0000000020021124       0x20 net/built-in.o
                0x0000000020021124                eth_get_name
 .text.startAgainTimeout
                0x0000000020021144       0x14 net/built-in.o
 .text.dummy_handler
                0x0000000020021158        0x4 net/built-in.o
 .text.net_clear_handlers
                0x000000002002115c       0x34 net/built-in.o
 .text.net_auto_load
                0x0000000020021190       0x64 net/built-in.o
                0x0000000020021190                net_auto_load
 .text.NetStartAgain
                0x00000000200211f4      0x150 net/built-in.o
                0x00000000200211f4                NetStartAgain
 .text.net_set_udp_handler
                0x0000000020021344       0x20 net/built-in.o
                0x0000000020021344                net_set_udp_handler
 .text.net_get_arp_handler
                0x0000000020021364       0x10 net/built-in.o
                0x0000000020021364                net_get_arp_handler
 .text.NetSetTimeout
                0x0000000020021374       0x5c net/built-in.o
                0x0000000020021374                NetSetTimeout
 .text.NetCksum
                0x00000000200213d0       0x30 net/built-in.o
                0x00000000200213d0                NetCksum
 .text.NetCksumOk
                0x0000000020021400       0x20 net/built-in.o
                0x0000000020021400                NetCksumOk
 .text.NetReceive
                0x0000000020021420      0x258 net/built-in.o
                0x0000000020021420                NetReceive
 .text.NetEthHdrSize
                0x0000000020021678       0x38 net/built-in.o
                0x0000000020021678                NetEthHdrSize
 .text.NetSetEther
                0x00000000200216b0       0x94 net/built-in.o
                0x00000000200216b0                NetSetEther
 .text.net_update_ether
                0x0000000020021744       0x78 net/built-in.o
                0x0000000020021744                net_update_ether
 .text.net_set_ip_header
                0x00000000200217bc       0x88 net/built-in.o
                0x00000000200217bc                net_set_ip_header
 .text.net_set_udp_header
                0x0000000020021844       0x88 net/built-in.o
                0x0000000020021844                net_set_udp_header
 .text.NetSendUDPPacket
                0x00000000200218cc      0x10c net/built-in.o
                0x00000000200218cc                NetSendUDPPacket
 .text.copy_filename
                0x00000000200219d8       0x44 net/built-in.o
                0x00000000200219d8                copy_filename
 .text.on_bootfile
                0x0000000020021a1c       0x2c net/built-in.o
 .text.ip_to_string
                0x0000000020021a48       0x38 net/built-in.o
                0x0000000020021a48                ip_to_string
 .text.string_to_VLAN
                0x0000000020021a80       0x44 net/built-in.o
                0x0000000020021a80                string_to_VLAN
 .text.getenv_VLAN
                0x0000000020021ac4       0x10 net/built-in.o
                0x0000000020021ac4                getenv_VLAN
 .text.NetInitLoop
                0x0000000020021ad4       0xf0 net/built-in.o
 .text.net_init
                0x0000000020021bc4       0x70 net/built-in.o
                0x0000000020021bc4                net_init
 .text.NetLoop  0x0000000020021c34      0x304 net/built-in.o
                0x0000000020021c34                NetLoop
 .text.rpc_lookup_reply
                0x0000000020021f38       0xb0 net/built-in.o
 .text.nfs_mount_reply
                0x0000000020021fe8       0xa8 net/built-in.o
 .text.nfs_umountall_reply
                0x0000000020022090       0x98 net/built-in.o
 .text.nfs_lookup_reply
                0x0000000020022128       0x98 net/built-in.o
 .text.nfs_readlink_reply
                0x00000000200221c0       0xf8 net/built-in.o
 .text.basename
                0x00000000200222b8       0x3c net/built-in.o
 .text.rpc_add_credentials
                0x00000000200222f4       0xb4 net/built-in.o
 .text.rpc_req  0x00000000200223a8       0xf8 net/built-in.o
 .text.nfs_mount_req
                0x00000000200224a0       0x94 net/built-in.o
 .text.nfs_umountall_req
                0x0000000020022534       0x60 net/built-in.o
 .text.nfs_lookup_req
                0x0000000020022594       0xa8 net/built-in.o
 .text.nfs_read_req
                0x000000002002263c       0x78 net/built-in.o
 .text.nfs_readlink_req
                0x00000000200226b4       0x58 net/built-in.o
 .text.nfs_read_reply.isra.0
                0x000000002002270c      0x138 net/built-in.o
 .text.NfsSend  0x0000000020022844      0x114 net/built-in.o
 .text.NfsHandler
                0x0000000020022958      0x224 net/built-in.o
 .text.NfsTimeout
                0x0000000020022b7c       0x64 net/built-in.o
 .text.NfsStart
                0x0000000020022be0      0x254 net/built-in.o
                0x0000000020022be0                NfsStart
 .text.TftpSend
                0x0000000020022e34      0x1c8 net/built-in.o
 .text.TftpHandler
                0x0000000020022ffc      0x378 net/built-in.o
 .text.TftpTimeout
                0x0000000020023374       0x88 net/built-in.o
 .text.TftpStart
                0x00000000200233fc      0x33c net/built-in.o
                0x00000000200233fc                TftpStart
 .text.raise    0x0000000020023738       0x1c arch/arm/lib/eabi_compat.o
                0x0000000020023738                raise
 .text          0x0000000020023754       0xc8 /usr/local/arm-cortex_a8-linux-gnueabi/lib/gcc/arm-cortex_a8-linux-gnueabi/4.9.4/libgcc.a(_udivsi3.o)
                0x0000000020023754                __udivsi3
                0x0000000020023754                __aeabi_uidiv
                0x00000000200237fc                __aeabi_uidivmod
 .text          0x000000002002381c       0xfc /usr/local/arm-cortex_a8-linux-gnueabi/lib/gcc/arm-cortex_a8-linux-gnueabi/4.9.4/libgcc.a(_divsi3.o)
                0x000000002002381c                __aeabi_idiv
                0x000000002002381c                __divsi3
                0x00000000200238f8                __aeabi_idivmod
 .text          0x0000000020023918       0x1c /usr/local/arm-cortex_a8-linux-gnueabi/lib/gcc/arm-cortex_a8-linux-gnueabi/4.9.4/libgcc.a(_lshrdi3.o)
                0x0000000020023918                __aeabi_llsr
                0x0000000020023918                __lshrdi3
 .text          0x0000000020023934       0x1c /usr/local/arm-cortex_a8-linux-gnueabi/lib/gcc/arm-cortex_a8-linux-gnueabi/4.9.4/libgcc.a(_ashrdi3.o)
                0x0000000020023934                __ashrdi3
                0x0000000020023934                __aeabi_lasr
 .text          0x0000000020023950       0x1c /usr/local/arm-cortex_a8-linux-gnueabi/lib/gcc/arm-cortex_a8-linux-gnueabi/4.9.4/libgcc.a(_ashldi3.o)
                0x0000000020023950                __ashldi3
                0x0000000020023950                __aeabi_llsl
 .text          0x000000002002396c       0x10 /usr/local/arm-cortex_a8-linux-gnueabi/lib/gcc/arm-cortex_a8-linux-gnueabi/4.9.4/libgcc.a(_dvmd_lnx.o)
                0x000000002002396c                __aeabi_ldiv0
                0x000000002002396c                __aeabi_idiv0

.glue_7         0x000000002002397c        0x0
 .glue_7        0x000000002002397c        0x0 linker stubs

.glue_7t        0x000000002002397c        0x0
 .glue_7t       0x000000002002397c        0x0 linker stubs

.vfp11_veneer   0x000000002002397c        0x0
 .vfp11_veneer  0x000000002002397c        0x0 linker stubs

.v4_bx          0x000000002002397c        0x0
 .v4_bx         0x000000002002397c        0x0 linker stubs

.iplt           0x000000002002397c        0x0
 .iplt          0x000000002002397c        0x0 arch/arm/cpu/armv7/start.o
                0x000000002002397c                . = ALIGN (0x4)

.rodata         0x0000000020023980     0x8764
 *(SORT(.rodata*))
 .rodata.location.7315
                0x0000000020023980       0x30 common/built-in.o
 .rodata        0x00000000200239b0       0x80 arch/arm/lib/built-in.o
 .rodata.CSWTCH.28
                0x0000000020023a30       0x20 common/built-in.o
 .rodata.boot_os
                0x0000000020023a50       0x60 common/built-in.o
 .rodata.chip_ids
                0x0000000020023ab0       0x68 drivers/net/built-in.o
 .rodata.crc_table
                0x0000000020023b18      0x400 lib/built-in.o
 .rodata.env_flags_varaccess_mask
                0x0000000020023f18       0x10 common/built-in.o
 .rodata.nand_flash_ids
                0x0000000020023f28      0x6d8 drivers/mtd/nand/built-in.o
                0x0000000020023f28                nand_flash_ids
 .rodata.op_adv
                0x0000000020024600      0x100 common/built-in.o
                0x0000000020024600                op_adv
 .rodata.op_table
                0x0000000020024700       0x68 common/built-in.o
 .rodata.udivslot
                0x0000000020024768       0x40 drivers/serial/built-in.o
 .rodata.uimage_arch
                0x00000000200247a8      0x120 common/built-in.o
 .rodata.uimage_comp
                0x00000000200248c8       0x48 common/built-in.o
 .rodata.uimage_os
                0x0000000020024910       0x78 common/built-in.o
 .rodata.uimage_type
                0x0000000020024988       0xd8 common/built-in.o
 .rodata.crc16_tab
                0x0000000020024a60      0x200 lib/built-in.o
 .rodata.dbase.6678
                0x0000000020024c60       0x40 lib/built-in.o
 .rodata.dext.6679
                0x0000000020024ca0       0x40 lib/built-in.o
 .rodata.distfix
                0x0000000020024ce0       0x80 lib/built-in.o
 .rodata.lbase.6676
                0x0000000020024d60       0x3e lib/built-in.o
 .rodata.lenfix
                0x0000000020024d9e      0x800 lib/built-in.o
 .rodata.lext.6677
                0x000000002002559e       0x3e lib/built-in.o
 .rodata.order.6772
                0x00000000200255dc       0x26 lib/built-in.o
 .rodata        0x0000000020025602        0x3 common/built-in.o
 .rodata        0x0000000020025605        0xe net/built-in.o
 .rodata.CSWTCH.66
                0x0000000020025613       0x16 common/built-in.o
 .rodata.__FUNCTION__.7144
                0x0000000020025629       0x11 drivers/mtd/nand/built-in.o
 .rodata.__FUNCTION__.7205
                0x000000002002563a        0xb drivers/mtd/nand/built-in.o
 .rodata.__FUNCTION__.7238