Archive member included to satisfy reference by file (symbol)

/usr/local/arm-cortex_a8-linux-gnueabi/lib/gcc/arm-cortex_a8-linux-gnueabi/4.9.4/libgcc.a(_udivsi3.o)
                              arch/arm/cpu/armv7/s5pc1xx/built-in.o (__aeabi_uidiv)
/usr/local/arm-cortex_a8-linux-gnueabi/lib/gcc/arm-cortex_a8-linux-gnueabi/4.9.4/libgcc.a(_dvmd_lnx.o)
                              /usr/local/arm-cortex_a8-linux-gnueabi/lib/gcc/arm-cortex_a8-linux-gnueabi/4.9.4/libgcc.a(_udivsi3.o) (__aeabi_idiv0)

Discarded input sections

 .data          0x0000000000000000        0x0 arch/arm/cpu/armv7/start.o
 .bss           0x0000000000000000        0x0 arch/arm/cpu/armv7/start.o
 .text.interrupt_init
                0x0000000000000000       0x1c arch/arm/lib/built-in.o
 .text.enable_interrupts
                0x0000000000000000        0x4 arch/arm/lib/built-in.o
 .text.disable_interrupts
                0x0000000000000000        0x8 arch/arm/lib/built-in.o
 .text.bad_mode
                0x0000000000000000       0x10 arch/arm/lib/built-in.o
 .text.show_regs
                0x0000000000000000      0x13c arch/arm/lib/built-in.o
 .text.do_undefined_instruction
                0x0000000000000000       0x20 arch/arm/lib/built-in.o
 .text.do_software_interrupt
                0x0000000000000000       0x20 arch/arm/lib/built-in.o
 .text.do_prefetch_abort
                0x0000000000000000       0x20 arch/arm/lib/built-in.o
 .text.do_data_abort
                0x0000000000000000       0x20 arch/arm/lib/built-in.o
 .text.do_not_used
                0x0000000000000000       0x20 arch/arm/lib/built-in.o
 .text.do_fiq   0x0000000000000000       0x20 arch/arm/lib/built-in.o
 .text.do_irq   0x0000000000000000       0x20 arch/arm/lib/built-in.o
 .text.do_reset
                0x0000000000000000       0x2c arch/arm/lib/built-in.o
 .text.__flush_cache
                0x0000000000000000        0x4 arch/arm/lib/built-in.o
 .text.__flush_dcache_all
                0x0000000000000000        0xc arch/arm/lib/built-in.o
 .text.__enable_caches
                0x0000000000000000        0xc arch/arm/lib/built-in.o
 .text.cp_delay
                0x0000000000000000       0x30 arch/arm/lib/built-in.o
 .text.__arm_init_before_mmu
                0x0000000000000000        0x4 arch/arm/lib/built-in.o
 .text.arm_init_domains
                0x0000000000000000        0x4 arch/arm/lib/built-in.o
 .text.set_section_dcache
                0x0000000000000000       0x14 arch/arm/lib/built-in.o
 .text.__mmu_page_table_flush
                0x0000000000000000        0x4 arch/arm/lib/built-in.o
 .text.mmu_set_region_dcache_behaviour
                0x0000000000000000       0x50 arch/arm/lib/built-in.o
 .text.dram_bank_mmu_setup
                0x0000000000000000       0x40 arch/arm/lib/built-in.o
 .text.icache_enable
                0x0000000000000000       0x18 arch/arm/lib/built-in.o
 .text.icache_disable
                0x0000000000000000       0x1c arch/arm/lib/built-in.o
 .text.icache_status
                0x0000000000000000        0xc arch/arm/lib/built-in.o
 .text.dcache_enable
                0x0000000000000000       0x6c arch/arm/lib/built-in.o
 .text.dcache_disable
                0x0000000000000000       0x28 arch/arm/lib/built-in.o
 .text.dcache_status
                0x0000000000000000        0xc arch/arm/lib/built-in.o
 .rodata        0x0000000000000000       0x80 arch/arm/lib/built-in.o
 .rodata.str1.1
                0x0000000000000000      0x2a7 arch/arm/lib/built-in.o
 .data          0x0000000000000000        0x0 arch/arm/lib/built-in.o
 .__rel_dyn_start
                0x0000000000000000        0x0 arch/arm/lib/built-in.o
 .__rel_dyn_end
                0x0000000000000000        0x0 arch/arm/lib/built-in.o
 .__image_copy_end
                0x0000000000000000        0x0 arch/arm/lib/built-in.o
 .__image_copy_start
                0x0000000000000000        0x0 arch/arm/lib/built-in.o
 .__bss_end     0x0000000000000000        0x0 arch/arm/lib/built-in.o
 .__end         0x0000000000000000        0x0 arch/arm/lib/built-in.o
 .__bss_start   0x0000000000000000        0x0 arch/arm/lib/built-in.o
 .bss           0x0000000000000000        0x0 arch/arm/lib/built-in.o
 .text          0x0000000000000000        0x0 arch/arm/cpu/armv7/built-in.o
 .text.v7_maint_dcache_all
                0x0000000000000000       0xd0 arch/arm/cpu/armv7/built-in.o
 .text.invalidate_icache_all
                0x0000000000000000       0x18 arch/arm/cpu/armv7/built-in.o
 .text.__v7_outer_cache_enable
                0x0000000000000000        0x4 arch/arm/cpu/armv7/built-in.o
 .text.__v7_outer_cache_disable
                0x0000000000000000        0x4 arch/arm/cpu/armv7/built-in.o
 .text.__v7_outer_cache_flush_all
                0x0000000000000000        0x4 arch/arm/cpu/armv7/built-in.o
 .text.flush_dcache_all
                0x0000000000000000       0x14 arch/arm/cpu/armv7/built-in.o
 .text.__v7_outer_cache_inval_all
                0x0000000000000000        0x4 arch/arm/cpu/armv7/built-in.o
 .text.invalidate_dcache_all
                0x0000000000000000       0x14 arch/arm/cpu/armv7/built-in.o
 .text.arm_init_before_mmu
                0x0000000000000000       0x28 arch/arm/cpu/armv7/built-in.o
 .text.__v7_outer_cache_flush_range
                0x0000000000000000        0x4 arch/arm/cpu/armv7/built-in.o
 .text.flush_dcache_range
                0x0000000000000000       0x3c arch/arm/cpu/armv7/built-in.o
 .text.mmu_page_table_flush
                0x0000000000000000       0x24 arch/arm/cpu/armv7/built-in.o
 .text.flush_cache
                0x0000000000000000        0x8 arch/arm/cpu/armv7/built-in.o
 .text.__v7_outer_cache_inval_range
                0x0000000000000000        0x4 arch/arm/cpu/armv7/built-in.o
 .text.invalidate_dcache_range
                0x0000000000000000       0xac arch/arm/cpu/armv7/built-in.o
 .text.cpu_cache_initialization
                0x0000000000000000        0x4 arch/arm/cpu/armv7/built-in.o
 .text.cleanup_before_linux
                0x0000000000000000       0x24 arch/arm/cpu/armv7/built-in.o
 .text.sdelay   0x0000000000000000        0xc arch/arm/cpu/armv7/built-in.o
 .text.sr32     0x0000000000000000       0x20 arch/arm/cpu/armv7/built-in.o
 .text.wait_on_value
                0x0000000000000000       0x34 arch/arm/cpu/armv7/built-in.o
 .text.arch_cpu_init
                0x0000000000000000       0x34 arch/arm/cpu/armv7/built-in.o
 .text.get_device_type
                0x0000000000000000       0x10 arch/arm/cpu/armv7/built-in.o
 .text.print_cpuinfo
                0x0000000000000000       0x4c arch/arm/cpu/armv7/built-in.o
 .rodata.__func__.6381
                0x0000000000000000       0x16 arch/arm/cpu/armv7/built-in.o
 .rodata.str1.1
                0x0000000000000000       0x7a arch/arm/cpu/armv7/built-in.o
 .data          0x0000000000000000        0x0 arch/arm/cpu/armv7/built-in.o
 .data.s5p_cpu_id
                0x0000000000000000        0x4 arch/arm/cpu/armv7/built-in.o
 .data.s5p_cpu_rev
                0x0000000000000000        0x4 arch/arm/cpu/armv7/built-in.o
 .bss           0x0000000000000000        0x0 arch/arm/cpu/armv7/built-in.o
 .comment       0x0000000000000000       0xbc arch/arm/cpu/armv7/built-in.o
 .note.GNU-stack
                0x0000000000000000        0x0 arch/arm/cpu/armv7/built-in.o
 .ARM.attributes
                0x0000000000000000       0x2d arch/arm/cpu/armv7/built-in.o
 .debug_aranges
                0x0000000000000000      0x118 arch/arm/cpu/armv7/built-in.o
 .debug_info    0x0000000000000000     0x16ba arch/arm/cpu/armv7/built-in.o
 .debug_abbrev  0x0000000000000000      0x7e4 arch/arm/cpu/armv7/built-in.o
 .debug_line    0x0000000000000000      0x6c7 arch/arm/cpu/armv7/built-in.o
 .debug_frame   0x0000000000000000      0x228 arch/arm/cpu/armv7/built-in.o
 .debug_str     0x0000000000000000     0x10db arch/arm/cpu/armv7/built-in.o
 .debug_loc     0x0000000000000000      0x6b4 arch/arm/cpu/armv7/built-in.o
 .debug_ranges  0x0000000000000000      0x120 arch/arm/cpu/armv7/built-in.o
 .text          0x0000000000000000       0x64 arch/arm/cpu/armv7/s5pc1xx/built-in.o
 .text.get_pll_clk
                0x0000000000000000      0x14c arch/arm/cpu/armv7/s5pc1xx/built-in.o
 .text.get_pclkd1
                0x0000000000000000       0x34 arch/arm/cpu/armv7/s5pc1xx/built-in.o
 .text.get_pclk_sys.constprop.1
                0x0000000000000000       0x38 arch/arm/cpu/armv7/s5pc1xx/built-in.o
 .text.get_arm_clk
                0x0000000000000000       0x5c arch/arm/cpu/armv7/s5pc1xx/built-in.o
 .text.get_pwm_clk
                0x0000000000000000       0x20 arch/arm/cpu/armv7/s5pc1xx/built-in.o
 .text.get_uart_clk
                0x0000000000000000       0x20 arch/arm/cpu/armv7/s5pc1xx/built-in.o
 .text.set_mmc_clk
                0x0000000000000000        0x4 arch/arm/cpu/armv7/s5pc1xx/built-in.o
 .rodata.str1.1
                0x0000000000000000       0x16 arch/arm/cpu/armv7/s5pc1xx/built-in.o
 .data          0x0000000000000000        0x0 arch/arm/cpu/armv7/s5pc1xx/built-in.o
 .bss           0x0000000000000000        0x0 arch/arm/cpu/armv7/s5pc1xx/built-in.o
 .comment       0x0000000000000000       0x2f arch/arm/cpu/armv7/s5pc1xx/built-in.o
 .ARM.attributes
                0x0000000000000000       0x29 arch/arm/cpu/armv7/s5pc1xx/built-in.o
 .note.GNU-stack
                0x0000000000000000        0x0 arch/arm/cpu/armv7/s5pc1xx/built-in.o
 .debug_aranges
                0x0000000000000000       0x90 arch/arm/cpu/armv7/s5pc1xx/built-in.o
 .debug_info    0x0000000000000000      0xfe8 arch/arm/cpu/armv7/s5pc1xx/built-in.o
 .debug_abbrev  0x0000000000000000      0x396 arch/arm/cpu/armv7/s5pc1xx/built-in.o
 .debug_line    0x0000000000000000      0x301 arch/arm/cpu/armv7/s5pc1xx/built-in.o
 .debug_frame   0x0000000000000000       0xa8 arch/arm/cpu/armv7/s5pc1xx/built-in.o
 .debug_str     0x0000000000000000      0x607 arch/arm/cpu/armv7/s5pc1xx/built-in.o
 .debug_loc     0x0000000000000000      0x508 arch/arm/cpu/armv7/s5pc1xx/built-in.o
 .debug_ranges  0x0000000000000000       0x88 arch/arm/cpu/armv7/s5pc1xx/built-in.o
 .text.board_init
                0x0000000000000000       0x50 board/samsung/smdkv210/built-in.o
 .text.dram_init
                0x0000000000000000       0x20 board/samsung/smdkv210/built-in.o
 .text.dram_init_banksize
                0x0000000000000000       0x1c board/samsung/smdkv210/built-in.o
 .text.checkboard
                0x0000000000000000       0x18 board/samsung/smdkv210/built-in.o
 .text.board_eth_init
                0x0000000000000000       0x10 board/samsung/smdkv210/built-in.o
 .text.onenand_board_init
                0x0000000000000000       0x88 board/samsung/smdkv210/built-in.o
 .text.delay.constprop.0
                0x0000000000000000       0xa0 board/samsung/smdkv210/built-in.o
 .text.ledm_on  0x0000000000000000       0x38 board/samsung/smdkv210/built-in.o
 .text.ledm_off
                0x0000000000000000       0x38 board/samsung/smdkv210/built-in.o
 .text.ledm_inv
                0x0000000000000000       0x38 board/samsung/smdkv210/built-in.o
 .text.ledm_init
                0x0000000000000000       0x28 board/samsung/smdkv210/built-in.o
 .text.get_char
                0x0000000000000000       0x24 board/samsung/smdkv210/built-in.o
 .text.put_char
                0x0000000000000000        0x4 board/samsung/smdkv210/built-in.o
 .text.led_inv  0x0000000000000000       0x38 board/samsung/smdkv210/built-in.o
 .text.led_init
                0x0000000000000000       0x28 board/samsung/smdkv210/built-in.o
 .text.nand_read_random
                0x0000000000000000       0x88 board/samsung/smdkv210/built-in.o
 .text.delay    0x0000000000000000       0x50 board/samsung/smdkv210/built-in.o
 .data          0x0000000000000000        0x0 board/samsung/smdkv210/built-in.o
 .bss           0x0000000000000000        0x0 board/samsung/smdkv210/built-in.o
 .text          0x0000000000000000        0x0 arch/arm/lib/eabi_compat.o
 .data          0x0000000000000000        0x0 arch/arm/lib/eabi_compat.o
 .bss           0x0000000000000000        0x0 arch/arm/lib/eabi_compat.o
 .text.__aeabi_unwind_cpp_pr0
                0x0000000000000000        0x4 arch/arm/lib/eabi_compat.o
 .text.__aeabi_unwind_cpp_pr1
                0x0000000000000000        0x4 arch/arm/lib/eabi_compat.o
 .data          0x0000000000000000        0x0 /usr/local/arm-cortex_a8-linux-gnueabi/lib/gcc/arm-cortex_a8-linux-gnueabi/4.9.4/libgcc.a(_udivsi3.o)
 .bss           0x0000000000000000        0x0 /usr/local/arm-cortex_a8-linux-gnueabi/lib/gcc/arm-cortex_a8-linux-gnueabi/4.9.4/libgcc.a(_udivsi3.o)
 .data          0x0000000000000000        0x0 /usr/local/arm-cortex_a8-linux-gnueabi/lib/gcc/arm-cortex_a8-linux-gnueabi/4.9.4/libgcc.a(_dvmd_lnx.o)
 .bss           0x0000000000000000        0x0 /usr/local/arm-cortex_a8-linux-gnueabi/lib/gcc/arm-cortex_a8-linux-gnueabi/4.9.4/libgcc.a(_dvmd_lnx.o)

Memory Configuration

Name             Origin             Length             Attributes
*default*        0x0000000000000000 0xffffffffffffffff

Linker script and memory map

                0x0000000000000000                . = 0x0
                0x0000000000000000                . = ALIGN (0x4)

.text           0x00000000d0020010     0x205c
                0x00000000d0020010                __image_copy_start = .
 arch/arm/cpu/armv7/start.o(.text*)
 .text          0x00000000d0020010       0xe0 arch/arm/cpu/armv7/start.o
                0x00000000d0020010                _start
                0x00000000d0020050                _end_vect
                0x00000000d0020050                IRQ_STACK_START_IN
                0x00000000d0020094                c_runtime_cpu_setup
                0x00000000d00200ac                save_boot_params
                0x00000000d00200b0                cpu_init_cp15
                0x00000000d00200e8                cpu_init_crit
 *(.text*)
 .text          0x00000000d00200f0        0x8 arch/arm/lib/built-in.o
                0x00000000d00200f0                _main
 .text          0x00000000d00200f8      0x69c board/samsung/smdkv210/built-in.o
                0x00000000d00200f8                lowlevel_init
                0x00000000d0020268                lowlevel_init_spl
                0x00000000d002027c                sdram_asm_init
                0x00000000d0020674                clock_asm_init
 .text.xmGetData
                0x00000000d0020794       0x58 board/samsung/smdkv210/built-in.o
                0x00000000d0020794                xmGetData
 .text.xmPutData
                0x00000000d00207ec       0x10 board/samsung/smdkv210/built-in.o
                0x00000000d00207ec                xmPutData
 .text.program_tonand
                0x00000000d00207fc       0x40 board/samsung/smdkv210/built-in.o
                0x00000000d00207fc                program_tonand
 .text.try_program
                0x00000000d002083c       0x60 board/samsung/smdkv210/built-in.o
                0x00000000d002083c                try_program
 .text.xmCallback
                0x00000000d002089c       0x38 board/samsung/smdkv210/built-in.o
                0x00000000d002089c                xmCallback
 .text.uart_buff
                0x00000000d00208d4       0x28 board/samsung/smdkv210/built-in.o
                0x00000000d00208d4                uart_buff
 .text.doXmodemDownloadInit
                0x00000000d00208fc       0x44 board/samsung/smdkv210/built-in.o
                0x00000000d00208fc                doXmodemDownloadInit
 .text.doXmodemDownloading
                0x00000000d0020940       0x14 board/samsung/smdkv210/built-in.o
                0x00000000d0020940                doXmodemDownloading
 .text.copybl2ToRamAndRun
                0x00000000d0020954       0x48 board/samsung/smdkv210/built-in.o
                0x00000000d0020954                copybl2ToRamAndRun
 .text.bzero    0x00000000d002099c       0x1c board/samsung/smdkv210/built-in.o
                0x00000000d002099c                bzero
 .text.testNandEcc
                0x00000000d00209b8       0xec board/samsung/smdkv210/built-in.o
                0x00000000d00209b8                testNandEcc
 .text.checkAppInNand
                0x00000000d0020aa4       0x94 board/samsung/smdkv210/built-in.o
                0x00000000d0020aa4                checkAppInNand
 .text.print_menu
                0x00000000d0020b38       0x50 board/samsung/smdkv210/built-in.o
                0x00000000d0020b38                print_menu
 .text.menu     0x00000000d0020b88      0x1ac board/samsung/smdkv210/built-in.o
                0x00000000d0020b88                menu
 .text.board_init_f_spl
                0x00000000d0020d34       0x6c board/samsung/smdkv210/built-in.o
                0x00000000d0020d34                board_init_f_spl
 .text.pow      0x00000000d0020da0       0x30 board/samsung/smdkv210/built-in.o
                0x00000000d0020da0                pow
 .text.print_clock
                0x00000000d0020dd0      0x330 board/samsung/smdkv210/built-in.o
                0x00000000d0020dd0                print_clock
 .text.uart_put
                0x00000000d0021100       0x20 board/samsung/smdkv210/built-in.o
 .text.put_hex  0x00000000d0021120       0x48 board/samsung/smdkv210/built-in.o
 .text.uart_init
                0x00000000d0021168       0x70 board/samsung/smdkv210/built-in.o
                0x00000000d0021168                uart_init
 .text.try_get_char
                0x00000000d00211d8       0x30 board/samsung/smdkv210/built-in.o
                0x00000000d00211d8                try_get_char
 .text.put_chars
                0x00000000d0021208       0x24 board/samsung/smdkv210/built-in.o
                0x00000000d0021208                put_chars
 .text.put_string
                0x00000000d002122c       0x28 board/samsung/smdkv210/built-in.o
                0x00000000d002122c                put_string
 .text.uart_printf
                0x00000000d0021254      0x1b0 board/samsung/smdkv210/built-in.o
                0x00000000d0021254                uart_printf
 .text.led_on   0x00000000d0021404       0x38 board/samsung/smdkv210/built-in.o
                0x00000000d0021404                led_on
 .text.led_off  0x00000000d002143c       0x38 board/samsung/smdkv210/built-in.o
                0x00000000d002143c                led_off
 .text.nand_wait_ready
                0x00000000d0021474       0x18 board/samsung/smdkv210/built-in.o
 .text.nand_select_chip
                0x00000000d002148c       0x18 board/samsung/smdkv210/built-in.o
 .text.nand_deselect_chip
                0x00000000d00214a4       0x18 board/samsung/smdkv210/built-in.o
 .text.nand_addr
                0x00000000d00214bc       0x34 board/samsung/smdkv210/built-in.o
 .text.nand_write_buf
                0x00000000d00214f0       0x24 board/samsung/smdkv210/built-in.o
 .text.nand_init_hwecc_8bit
                0x00000000d0021514       0x74 board/samsung/smdkv210/built-in.o
 .text.read_oob
                0x00000000d0021588       0x70 board/samsung/smdkv210/built-in.o
 .text.nand_init
                0x00000000d00215f8       0x70 board/samsung/smdkv210/built-in.o
                0x00000000d00215f8                nand_init
 .text.nand_read_id
                0x00000000d0021668       0x44 board/samsung/smdkv210/built-in.o
                0x00000000d0021668                nand_read_id
 .text.nand_erase
                0x00000000d00216ac       0x58 board/samsung/smdkv210/built-in.o
                0x00000000d00216ac                nand_erase
 .text.nand_read_oob
                0x00000000d0021704       0x2c board/samsung/smdkv210/built-in.o
                0x00000000d0021704                nand_read_oob
 .text.nand_write_page
                0x00000000d0021730       0x70 board/samsung/smdkv210/built-in.o
                0x00000000d0021730                nand_write_page
 .text.nand_write_page_8bit
                0x00000000d00217a0      0x138 board/samsung/smdkv210/built-in.o
                0x00000000d00217a0                nand_write_page_8bit
 .text.nand_read_page_8bit
                0x00000000d00218d8      0x1fc board/samsung/smdkv210/built-in.o
                0x00000000d00218d8                nand_read_page_8bit
 .text.NF8_ReadPage_8ECC
                0x00000000d0021ad4       0x34 board/samsung/smdkv210/built-in.o
                0x00000000d0021ad4                NF8_ReadPage_8ECC
 .text.tim4_poll
                0x00000000d0021b08       0x38 board/samsung/smdkv210/built-in.o
                0x00000000d0021b08                tim4_poll
 .text.tim4_init
                0x00000000d0021b40       0xa8 board/samsung/smdkv210/built-in.o
                0x00000000d0021b40                tim4_init
 .text.dealExceptionFrame
                0x00000000d0021be8       0xbc board/samsung/smdkv210/built-in.o
 .text.dealSohFrame
                0x00000000d0021ca4      0x104 board/samsung/smdkv210/built-in.o
 .text.xmInit   0x00000000d0021da8       0x18 board/samsung/smdkv210/built-in.o
                0x00000000d0021da8                xmInit
 .text.xmStart  0x00000000d0021dc0       0x14 board/samsung/smdkv210/built-in.o
                0x00000000d0021dc0                xmStart
 .text.xModemFSM
                0x00000000d0021dd4      0x1b8 board/samsung/smdkv210/built-in.o
                0x00000000d0021dd4                xModemFSM
 .text.raise    0x00000000d0021f8c        0x8 arch/arm/lib/eabi_compat.o
                0x00000000d0021f8c                raise
 .text          0x00000000d0021f94       0xc8 /usr/local/arm-cortex_a8-linux-gnueabi/lib/gcc/arm-cortex_a8-linux-gnueabi/4.9.4/libgcc.a(_udivsi3.o)
                0x00000000d0021f94                __udivsi3
                0x00000000d0021f94                __aeabi_uidiv
                0x00000000d002203c                __aeabi_uidivmod
 .text          0x00000000d002205c       0x10 /usr/local/arm-cortex_a8-linux-gnueabi/lib/gcc/arm-cortex_a8-linux-gnueabi/4.9.4/libgcc.a(_dvmd_lnx.o)
                0x00000000d002205c                __aeabi_ldiv0
                0x00000000d002205c                __aeabi_idiv0
                0x00000000d002206c                __image_copy_start = .
 arch/arm/cpu/armv7/start.o(.text*)
 *(.text*)

.glue_7         0x00000000d002206c        0x0
 .glue_7        0x00000000d002206c        0x0 linker stubs

.glue_7t        0x00000000d002206c        0x0
 .glue_7t       0x00000000d002206c        0x0 linker stubs

.vfp11_veneer   0x00000000d002206c        0x0
 .vfp11_veneer  0x00000000d002206c        0x0 linker stubs

.v4_bx          0x00000000d002206c        0x0
 .v4_bx         0x00000000d002206c        0x0 linker stubs

.iplt           0x00000000d002206c        0x0
 .iplt          0x00000000d002206c        0x0 arch/arm/cpu/armv7/start.o
                0x00000000d002206c                . = ALIGN (0x4)

.rodata         0x00000000d002206c      0x308
 *(SORT(.rodata*))
 .rodata.str1.1
                0x00000000d002206c      0x308 board/samsung/smdkv210/built-in.o
                                        0x30e (size before relaxing)
 *(SORT(.rodata*))
                0x00000000d0022374                . = ALIGN (0x4)

.data           0x00000000d0022374        0x4
 *(.data*)
 .data.auto_boot_timeout.3917
                0x00000000d0022374        0x4 board/samsung/smdkv210/built-in.o
 *(.data*)

.igot.plt       0x00000000d0022378        0x0
 .igot.plt      0x00000000d0022378        0x0 arch/arm/cpu/armv7/start.o
                0x00000000d0022378                . = ALIGN (0x4)
                0x00000000d0022378                . = .
                0x00000000d0022378                __image_copy_end = .

.rel.dyn        0x00000000d0022378        0x0
                0x00000000d0022378                __rel_dyn_start = .
 *(.rel*)
 .rel.iplt      0x00000000d0022378        0x0 arch/arm/cpu/armv7/start.o
                0x00000000d0022378                __rel_dyn_end = .
                0x00000000d0022378                __rel_dyn_start = .
 *(.rel*)
                0x00000000d0022378                __rel_dyn_end = .

.end
 *(.__end)
 *(.__end)
                0x00000000d0022378                _image_binary_end = .

.bss            0x00000000d0022378      0x940
                0x00000000d0022378                __bss_start = .
 *(.bss*)
 .bss.buff_offset
                0x00000000d0022378        0x4 board/samsung/smdkv210/built-in.o
                0x00000000d0022378                buff_offset
 .bss.nand_buff
                0x00000000d002237c      0x800 board/samsung/smdkv210/built-in.o
                0x00000000d002237c                nand_buff
 .bss.timestamp_auto_boot.3916
                0x00000000d0022b7c        0x4 board/samsung/smdkv210/built-in.o
 .bss.nand_address
                0x00000000d0022b80        0x4 board/samsung/smdkv210/built-in.o
                0x00000000d0022b80                nand_address
 .bss.menu_state.3915
                0x00000000d0022b84        0x4 board/samsung/smdkv210/built-in.o
 .bss.uart_buf  0x00000000d0022b88       0x80 board/samsung/smdkv210/built-in.o
                0x00000000d0022b88                uart_buf
 .bss.buf_len   0x00000000d0022c08        0x1 board/samsung/smdkv210/built-in.o
                0x00000000d0022c08                buf_len
 *fill*         0x00000000d0022c09        0x3 
 .bss.g_counter
                0x00000000d0022c0c        0x4 board/samsung/smdkv210/built-in.o
 .bss.xmodem    0x00000000d0022c10       0xa8 board/samsung/smdkv210/built-in.o
                0x00000000d0022c10                xmodem
                0x00000000d0022cb8                . = ALIGN (0x4)
                0x00000000d0022cb8                __bss_end = .
                0x00000000d0022cb8                __bss_start = .
 *(.bss*)
                0x00000000d0022cb8                . = ALIGN (0x4)
                0x00000000d0022cb8                __bss_end = .

.dynsym
 *(.dynsym)
 *(.dynsym)

.dynbss
 *(.dynbss)
 *(.dynbss)

.dynstr
 *(.dynstr*)
 *(.dynstr*)

.dynamic
 *(.dynamic*)
 *(.dynamic*)

.hash
 *(.hash*)
 *(.hash*)

.plt
 *(.plt*)
 *(.plt*)

.interp
 *(.interp*)
 *(.interp*)

.gnu
 *(.gnu*)
 *(.gnu*)

.ARM.exidx
 *(.ARM.exidx*)
 *(.ARM.exidx*)
Address of section .text set to 0xd0020010
                0x0000000000000000                . = 0x0
                0x0000000000000000                . = ALIGN (0x4)
                0x0000000000000000                . = ALIGN (0x4)
                0x0000000000000000                . = ALIGN (0x4)
                0x0000000000000000                . = ALIGN (0x4)
                0x0000000000000000                . = .
                0x0000000000000000                __image_copy_end = .
                0x0000000000000000                _image_binary_end = .
Address of section .text set to 0xd0020010
LOAD arch/arm/cpu/armv7/start.o
START GROUP
LOAD arch/arm/lib/built-in.o
LOAD arch/arm/cpu/armv7/built-in.o
LOAD arch/arm/cpu/armv7/s5pc1xx/built-in.o
LOAD board/samsung/smdkv210/built-in.o
LOAD board/samsung/common/built-in.o
LOAD fs/built-in.o
LOAD arch/arm/cpu/built-in.o
END GROUP
LOAD arch/arm/lib/eabi_compat.o
LOAD /usr/local/arm-cortex_a8-linux-gnueabi/lib/gcc/arm-cortex_a8-linux-gnueabi/4.9.4/libgcc.a
OUTPUT(u-boot-spl elf32-littlearm)

.ARM.attributes
                0x0000000000000000       0x2b
 .ARM.attributes
                0x0000000000000000       0x1d arch/arm/cpu/armv7/start.o
 .ARM.attributes
                0x000000000000001d       0x29 arch/arm/lib/built-in.o
 .ARM.attributes
                0x0000000000000046       0x2b board/samsung/smdkv210/built-in.o
 .ARM.attributes
                0x0000000000000071       0x2d arch/arm/lib/eabi_compat.o
 .ARM.attributes
                0x000000000000009e       0x27 /usr/local/arm-cortex_a8-linux-gnueabi/lib/gcc/arm-cortex_a8-linux-gnueabi/4.9.4/libgcc.a(_udivsi3.o)
 .ARM.attributes
                0x00000000000000c5       0x27 /usr/local/arm-cortex_a8-linux-gnueabi/lib/gcc/arm-cortex_a8-linux-gnueabi/4.9.4/libgcc.a(_dvmd_lnx.o)

.comment        0x0000000000000000       0x2e
 .comment       0x0000000000000000       0x2e arch/arm/lib/built-in.o
                                         0xeb (size before relaxing)
 .comment       0x000000000000002e      0x1d6 board/samsung/smdkv210/built-in.o
 .comment       0x000000000000002e       0x2f arch/arm/lib/eabi_compat.o

.note.GNU-stack
                0x0000000000000000        0x0
 .note.GNU-stack
                0x0000000000000000        0x0 arch/arm/lib/built-in.o
 .note.GNU-stack
                0x0000000000000000        0x0 board/samsung/smdkv210/built-in.o
 .note.GNU-stack
                0x0000000000000000        0x0 arch/arm/lib/eabi_compat.o
 .note.GNU-stack
                0x0000000000000000        0x0 /usr/local/arm-cortex_a8-linux-gnueabi/lib/gcc/arm-cortex_a8-linux-gnueabi/4.9.4/libgcc.a(_udivsi3.o)
 .note.GNU-stack
                0x0000000000000000        0x0 /usr/local/arm-cortex_a8-linux-gnueabi/lib/gcc/arm-cortex_a8-linux-gnueabi/4.9.4/libgcc.a(_dvmd_lnx.o)

.debug_line     0x0000000000000000     0x1dec
 .debug_line    0x0000000000000000       0x8b arch/arm/cpu/armv7/start.o
 .debug_line    0x000000000000008b      0x87d arch/arm/lib/built-in.o
 .debug_line    0x0000000000000908     0x1296 board/samsung/smdkv210/built-in.o
 .debug_line    0x0000000000001b9e      0x131 arch/arm/lib/eabi_compat.o
 .debug_line    0x0000000000001ccf       0x9b /usr/local/arm-cortex_a8-linux-gnueabi/lib/gcc/arm-cortex_a8-linux-gnueabi/4.9.4/libgcc.a(_udivsi3.o)
 .debug_line    0x0000000000001d6a       0x82 /usr/local/arm-cortex_a8-linux-gnueabi/lib/gcc/arm-cortex_a8-linux-gnueabi/4.9.4/libgcc.a(_dvmd_lnx.o)

.debug_info     0x0000000000000000     0x6af9
 .debug_info    0x0000000000000000       0x6e arch/arm/cpu/armv7/start.o
 .debug_info    0x000000000000006e     0x1d2c arch/arm/lib/built-in.o
 .debug_info    0x0000000000001d9a     0x4895 board/samsung/smdkv210/built-in.o
 .debug_info    0x000000000000662f      0x2ea arch/arm/lib/eabi_compat.o
 .debug_info    0x0000000000006919       0xf0 /usr/local/arm-cortex_a8-linux-gnueabi/lib/gcc/arm-cortex_a8-linux-gnueabi/4.9.4/libgcc.a(_udivsi3.o)
 .debug_info    0x0000000000006a09       0xf0 /usr/local/arm-cortex_a8-linux-gnueabi/lib/gcc/arm-cortex_a8-linux-gnueabi/4.9.4/libgcc.a(_dvmd_lnx.o)

.debug_abbrev   0x0000000000000000     0x1c50
 .debug_abbrev  0x0000000000000000       0x14 arch/arm/cpu/armv7/start.o
 .debug_abbrev  0x0000000000000014      0x81b arch/arm/lib/built-in.o
 .debug_abbrev  0x000000000000082f     0x12dd board/samsung/smdkv210/built-in.o
 .debug_abbrev  0x0000000000001b0c      0x11c arch/arm/lib/eabi_compat.o
 .debug_abbrev  0x0000000000001c28       0x14 /usr/local/arm-cortex_a8-linux-gnueabi/lib/gcc/arm-cortex_a8-linux-gnueabi/4.9.4/libgcc.a(_udivsi3.o)
 .debug_abbrev  0x0000000000001c3c       0x14 /usr/local/arm-cortex_a8-linux-gnueabi/lib/gcc/arm-cortex_a8-linux-gnueabi/4.9.4/libgcc.a(_dvmd_lnx.o)

.debug_aranges  0x0000000000000000      0x590
 .debug_aranges
                0x0000000000000000       0x20 arch/arm/cpu/armv7/start.o
 .debug_aranges
                0x0000000000000020      0x180 arch/arm/lib/built-in.o
 .debug_aranges
                0x00000000000001a0      0x380 board/samsung/smdkv210/built-in.o
 .debug_aranges
                0x0000000000000520       0x30 arch/arm/lib/eabi_compat.o
 .debug_aranges
                0x0000000000000550       0x20 /usr/local/arm-cortex_a8-linux-gnueabi/lib/gcc/arm-cortex_a8-linux-gnueabi/4.9.4/libgcc.a(_udivsi3.o)
 .debug_aranges
                0x0000000000000570       0x20 /usr/local/arm-cortex_a8-linux-gnueabi/lib/gcc/arm-cortex_a8-linux-gnueabi/4.9.4/libgcc.a(_dvmd_lnx.o)

.debug_frame    0x0000000000000000      0xa40
 .debug_frame   0x0000000000000000      0x2b8 arch/arm/lib/built-in.o
 .debug_frame   0x00000000000002b8      0x728 board/samsung/smdkv210/built-in.o
 .debug_frame   0x00000000000009e0       0x40 arch/arm/lib/eabi_compat.o
 .debug_frame   0x0000000000000a20       0x20 /usr/local/arm-cortex_a8-linux-gnueabi/lib/gcc/arm-cortex_a8-linux-gnueabi/4.9.4/libgcc.a(_udivsi3.o)

.debug_str      0x0000000000000000     0x1956
 .debug_str     0x0000000000000000      0x7ca arch/arm/lib/built-in.o
                                       0x143a (size before relaxing)
 .debug_str     0x00000000000007ca     0x1136 board/samsung/smdkv210/built-in.o
                                       0x26e6 (size before relaxing)
 .debug_str     0x0000000000001900       0x56 arch/arm/lib/eabi_compat.o
                                        0x35c (size before relaxing)

.debug_loc      0x0000000000000000     0x2053
 .debug_loc     0x0000000000000000      0x45a arch/arm/lib/built-in.o
 .debug_loc     0x000000000000045a     0x1bd8 board/samsung/smdkv210/built-in.o
 .debug_loc     0x0000000000002032       0x21 arch/arm/lib/eabi_compat.o

.debug_ranges   0x0000000000000000      0x580
 .debug_ranges  0x0000000000000000      0x108 arch/arm/lib/built-in.o
 .debug_ranges  0x0000000000000108      0x458 board/samsung/smdkv210/built-in.o
 .debug_ranges  0x0000000000000560       0x20 arch/arm/lib/eabi_compat.o
